Archive member included to satisfy reference by file (symbol)

/usr/lib/gcc/arm-none-eabi/4.9.3/armv7e-m/fpu/libgcc.a(_arm_addsubdf3.o)
                              Src/spi.o (__aeabi_dadd)
/usr/lib/gcc/arm-none-eabi/4.9.3/armv7e-m/fpu/libgcc.a(_arm_muldivdf3.o)
                              Src/main.o (__aeabi_dmul)
/usr/lib/gcc/arm-none-eabi/4.9.3/armv7e-m/fpu/libgcc.a(_arm_fixdfsi.o)
                              Src/spi.o (__aeabi_d2iz)
/usr/lib/gcc/arm-none-eabi/4.9.3/armv7e-m/fpu/libgcc.a(_arm_truncdfsf2.o)
                              Src/main.o (__aeabi_d2f)
/usr/lib/gcc/arm-none-eabi/4.9.3/armv7e-m/fpu/libgcc.a(_aeabi_ldivmod.o)
                              Src/spi.o (__aeabi_ldivmod)
/usr/lib/gcc/arm-none-eabi/4.9.3/armv7e-m/fpu/libgcc.a(bpabi.o)
                              /usr/lib/gcc/arm-none-eabi/4.9.3/armv7e-m/fpu/libgcc.a(_aeabi_ldivmod.o) (__gnu_ldivmod_helper)
/usr/lib/gcc/arm-none-eabi/4.9.3/armv7e-m/fpu/libgcc.a(_dvmd_tls.o)
                              /usr/lib/gcc/arm-none-eabi/4.9.3/armv7e-m/fpu/libgcc.a(_aeabi_ldivmod.o) (__aeabi_ldiv0)
/usr/lib/gcc/arm-none-eabi/4.9.3/armv7e-m/fpu/libgcc.a(_divdi3.o)
                              /usr/lib/gcc/arm-none-eabi/4.9.3/armv7e-m/fpu/libgcc.a(bpabi.o) (__divdi3)
/usr/lib/gcc/arm-none-eabi/4.9.3/armv7e-m/fpu/libgcc.a(_udivdi3.o)
                              /usr/lib/gcc/arm-none-eabi/4.9.3/armv7e-m/fpu/libgcc.a(bpabi.o) (__udivdi3)
/usr/lib/gcc/arm-none-eabi/4.9.3/../../../arm-none-eabi/lib/armv7e-m/fpu/libc_nano.a(lib_a-atexit.o)
                              /usr/lib/gcc/arm-none-eabi/4.9.3/../../../arm-none-eabi/lib/armv7e-m/fpu/crt0.o (atexit)
/usr/lib/gcc/arm-none-eabi/4.9.3/../../../arm-none-eabi/lib/armv7e-m/fpu/libc_nano.a(lib_a-atoi.o)
                              Src/usart.o (atoi)
/usr/lib/gcc/arm-none-eabi/4.9.3/../../../arm-none-eabi/lib/armv7e-m/fpu/libc_nano.a(lib_a-exit.o)
                              /usr/lib/gcc/arm-none-eabi/4.9.3/../../../arm-none-eabi/lib/armv7e-m/fpu/crt0.o (exit)
/usr/lib/gcc/arm-none-eabi/4.9.3/../../../arm-none-eabi/lib/armv7e-m/fpu/libc_nano.a(lib_a-fini.o)
                              /usr/lib/gcc/arm-none-eabi/4.9.3/../../../arm-none-eabi/lib/armv7e-m/fpu/crt0.o (__libc_fini_array)
/usr/lib/gcc/arm-none-eabi/4.9.3/../../../arm-none-eabi/lib/armv7e-m/fpu/libc_nano.a(lib_a-impure.o)
                              /usr/lib/gcc/arm-none-eabi/4.9.3/../../../arm-none-eabi/lib/armv7e-m/fpu/libc_nano.a(lib_a-exit.o) (_global_impure_ptr)
/usr/lib/gcc/arm-none-eabi/4.9.3/../../../arm-none-eabi/lib/armv7e-m/fpu/libc_nano.a(lib_a-init.o)
                              /usr/lib/gcc/arm-none-eabi/4.9.3/../../../arm-none-eabi/lib/armv7e-m/fpu/crt0.o (__libc_init_array)
/usr/lib/gcc/arm-none-eabi/4.9.3/../../../arm-none-eabi/lib/armv7e-m/fpu/libc_nano.a(lib_a-memset.o)
                              /usr/lib/gcc/arm-none-eabi/4.9.3/../../../arm-none-eabi/lib/armv7e-m/fpu/crt0.o (memset)
/usr/lib/gcc/arm-none-eabi/4.9.3/../../../arm-none-eabi/lib/armv7e-m/fpu/libc_nano.a(lib_a-sprintf.o)
                              Src/usart.o (sprintf)
/usr/lib/gcc/arm-none-eabi/4.9.3/../../../arm-none-eabi/lib/armv7e-m/fpu/libc_nano.a(lib_a-strcat.o)
                              Src/usart.o (strcat)
/usr/lib/gcc/arm-none-eabi/4.9.3/../../../arm-none-eabi/lib/armv7e-m/fpu/libc_nano.a(lib_a-strcpy.o)
                              Src/usart.o (strcpy)
/usr/lib/gcc/arm-none-eabi/4.9.3/../../../arm-none-eabi/lib/armv7e-m/fpu/libc_nano.a(lib_a-strlen.o)
                              Src/main.o (strlen)
/usr/lib/gcc/arm-none-eabi/4.9.3/../../../arm-none-eabi/lib/armv7e-m/fpu/libc_nano.a(lib_a-strtol.o)
                              /usr/lib/gcc/arm-none-eabi/4.9.3/../../../arm-none-eabi/lib/armv7e-m/fpu/libc_nano.a(lib_a-atoi.o) (_strtol_r)
/usr/lib/gcc/arm-none-eabi/4.9.3/../../../arm-none-eabi/lib/armv7e-m/fpu/libc_nano.a(lib_a-vsprintf.o)
                              Src/util.o (vsprintf)
/usr/lib/gcc/arm-none-eabi/4.9.3/../../../arm-none-eabi/lib/armv7e-m/fpu/libc_nano.a(lib_a-__atexit.o)
                              /usr/lib/gcc/arm-none-eabi/4.9.3/../../../arm-none-eabi/lib/armv7e-m/fpu/libc_nano.a(lib_a-atexit.o) (__register_exitproc)
/usr/lib/gcc/arm-none-eabi/4.9.3/../../../arm-none-eabi/lib/armv7e-m/fpu/libc_nano.a(lib_a-__call_atexit.o)
                              /usr/lib/gcc/arm-none-eabi/4.9.3/../../../arm-none-eabi/lib/armv7e-m/fpu/libc_nano.a(lib_a-__atexit.o) (__call_exitprocs)
/usr/lib/gcc/arm-none-eabi/4.9.3/../../../arm-none-eabi/lib/armv7e-m/fpu/libc_nano.a(lib_a-ctype_.o)
                              /usr/lib/gcc/arm-none-eabi/4.9.3/../../../arm-none-eabi/lib/armv7e-m/fpu/libc_nano.a(lib_a-strtol.o) (__ctype_ptr__)
/usr/lib/gcc/arm-none-eabi/4.9.3/../../../arm-none-eabi/lib/armv7e-m/fpu/libc_nano.a(lib_a-nano-svfprintf.o)
                              /usr/lib/gcc/arm-none-eabi/4.9.3/../../../arm-none-eabi/lib/armv7e-m/fpu/libc_nano.a(lib_a-sprintf.o) (_svfprintf_r)
[...]
Memory Configuration

Name             Origin             Length             Attributes
RAM              0x0000000020000000 0x0000000000020000 xrw
CCMRAM           0x0000000010000000 0x0000000000010000 rw
FLASH            0x0000000008000000 0x0000000000100000 xr
*default*        0x0000000000000000 0xffffffffffffffff

Linker script and memory map

LOAD /usr/lib/gcc/arm-none-eabi/4.9.3/armv7e-m/fpu/crti.o
LOAD /usr/lib/gcc/arm-none-eabi/4.9.3/armv7e-m/fpu/crtbegin.o
LOAD /usr/lib/gcc/arm-none-eabi/4.9.3/../../../arm-none-eabi/lib/armv7e-m/fpu/crt0.o
LOAD /usr/lib/gcc/arm-none-eabi/4.9.3/../../../arm-none-eabi/lib/armv7e-m/fpu/libm.a
LOAD Drivers/CMSIS/Device/ST/STM32F4xx/Source/Templates/gcc/startup_stm32f405xx.o
LOAD Drivers/CMSIS/Device/ST/STM32F4xx/Source/Templates/system_stm32f4xx.o
LOAD Drivers/STM32F4xx_HAL_Driver/Src/stm32f4xx_hal.o
LOAD Drivers/STM32F4xx_HAL_Driver/Src/stm32f4xx_hal_adc.o
LOAD Drivers/STM32F4xx_HAL_Driver/Src/stm32f4xx_hal_adc_ex.o
LOAD Drivers/STM32F4xx_HAL_Driver/Src/stm32f4xx_hal_cortex.o
LOAD Drivers/STM32F4xx_HAL_Driver/Src/stm32f4xx_hal_dma.o
LOAD Drivers/STM32F4xx_HAL_Driver/Src/stm32f4xx_hal_dma_ex.o
LOAD Drivers/STM32F4xx_HAL_Driver/Src/stm32f4xx_hal_flash.o
LOAD Drivers/STM32F4xx_HAL_Driver/Src/stm32f4xx_hal_flash_ex.o
LOAD Drivers/STM32F4xx_HAL_Driver/Src/stm32f4xx_hal_flash_ramfunc.o
LOAD Drivers/STM32F4xx_HAL_Driver/Src/stm32f4xx_hal_gpio.o
LOAD Drivers/STM32F4xx_HAL_Driver/Src/stm32f4xx_hal_pwr.o
LOAD Drivers/STM32F4xx_HAL_Driver/Src/stm32f4xx_hal_pwr_ex.o
LOAD Drivers/STM32F4xx_HAL_Driver/Src/stm32f4xx_hal_rcc.o
LOAD Drivers/STM32F4xx_HAL_Driver/Src/stm32f4xx_hal_rcc_ex.o
LOAD Drivers/STM32F4xx_HAL_Driver/Src/stm32f4xx_hal_sd.o
LOAD Drivers/STM32F4xx_HAL_Driver/Src/stm32f4xx_hal_spi.o
LOAD Drivers/STM32F4xx_HAL_Driver/Src/stm32f4xx_hal_tim.o
LOAD Drivers/STM32F4xx_HAL_Driver/Src/stm32f4xx_hal_tim_ex.o
LOAD Drivers/STM32F4xx_HAL_Driver/Src/stm32f4xx_hal_uart.o
LOAD Drivers/STM32F4xx_HAL_Driver/Src/stm32f4xx_ll_sdmmc.o
LOAD Middlewares/Third_Party/FatFs/src/diskio.o
LOAD Middlewares/Third_Party/FatFs/src/ff.o
LOAD Middlewares/Third_Party/FatFs/src/ff_gen_drv.o
LOAD Middlewares/Third_Party/FatFs/src/drivers/sd_diskio.o
LOAD Middlewares/Third_Party/FatFs/src/option/cc932.o
LOAD Middlewares/Third_Party/FatFs/src/option/syscall.o
LOAD Src/bsp_driver_sd.o
LOAD Src/fatfs.o
LOAD Src/main.o
LOAD Src/spi.o
LOAD Src/stm32f4xx_hal_msp.o
LOAD Src/stm32f4xx_it.o
LOAD Src/usart.o
LOAD Src/util.o
START GROUP
LOAD /usr/lib/gcc/arm-none-eabi/4.9.3/armv7e-m/fpu/libgcc.a
LOAD /usr/lib/gcc/arm-none-eabi/4.9.3/../../../arm-none-eabi/lib/armv7e-m/fpu/libc_nano.a
END GROUP
START GROUP
LOAD /usr/lib/gcc/arm-none-eabi/4.9.3/armv7e-m/fpu/libgcc.a
LOAD /usr/lib/gcc/arm-none-eabi/4.9.3/../../../arm-none-eabi/lib/armv7e-m/fpu/libc_nano.a
LOAD /usr/lib/gcc/arm-none-eabi/4.9.3/../../../arm-none-eabi/lib/armv7e-m/fpu/libnosys.a
END GROUP
START GROUP
LOAD /usr/lib/gcc/arm-none-eabi/4.9.3/armv7e-m/fpu/libgcc.a
LOAD /usr/lib/gcc/arm-none-eabi/4.9.3/../../../arm-none-eabi/lib/armv7e-m/fpu/libc_nano.a
LOAD /usr/lib/gcc/arm-none-eabi/4.9.3/../../../arm-none-eabi/lib/armv7e-m/fpu/libnosys.a
END GROUP
LOAD /usr/lib/gcc/arm-none-eabi/4.9.3/armv7e-m/fpu/crtend.o
LOAD /usr/lib/gcc/arm-none-eabi/4.9.3/armv7e-m/fpu/crtn.o
                0x0000000020020000                _estack = 0x20020000
                0x0000000000000200                _Min_Heap_Size = 0x200
                0x0000000000000400                _Min_Stack_Size = 0x400

.isr_vector     0x0000000008000000      0x188
                0x0000000008000000                . = ALIGN (0x4)
 *(.isr_vector)
 .isr_vector    0x0000000008000000      0x188 Drivers/CMSIS/Device/ST/STM32F4xx/Source/Templates/gcc/startup_stm32f405xx.o
                0x0000000008000000                g_pfnVectors
                0x0000000008000188                . = ALIGN (0x4)

.text           0x0000000008000188     0x817c
                0x0000000008000188                . = ALIGN (0x4)
 *(.text)
 .text          0x0000000008000188       0xa4 /usr/lib/gcc/arm-none-eabi/4.9.3/armv7e-m/fpu/crtbegin.o
 .text          0x000000000800022c      0x370 /usr/lib/gcc/arm-none-eabi/4.9.3/armv7e-m/fpu/libgcc.a(_arm_addsubdf3.o)
                0x000000000800022c                __aeabi_drsub
                0x0000000008000234                __aeabi_dsub
                0x0000000008000234                __subdf3
                0x0000000008000238                __adddf3
                0x0000000008000238                __aeabi_dadd
                0x00000000080004b0                __aeabi_ui2d
                0x00000000080004b0                __floatunsidf
                0x00000000080004d0                __floatsidf
                0x00000000080004d0                __aeabi_i2d
                0x00000000080004f4                __extendsfdf2
                0x00000000080004f4                __aeabi_f2d
                0x0000000008000530                __aeabi_ul2d
                0x0000000008000530                __floatundidf
                0x0000000008000540                __floatdidf
                0x0000000008000540                __aeabi_l2d
 .text          0x000000000800059c      0x424 /usr/lib/gcc/arm-none-eabi/4.9.3/armv7e-m/fpu/libgcc.a(_arm_muldivdf3.o)
                0x000000000800059c                __aeabi_dmul
                0x000000000800059c                __muldf3
                0x00000000080007f0                __aeabi_ddiv
                0x00000000080007f0                __divdf3
 .text          0x00000000080009c0       0x50 /usr/lib/gcc/arm-none-eabi/4.9.3/armv7e-m/fpu/libgcc.a(_arm_fixdfsi.o)
                0x00000000080009c0                __fixdfsi
                0x00000000080009c0                __aeabi_d2iz
 .text          0x0000000008000a10       0xa0 /usr/lib/gcc/arm-none-eabi/4.9.3/armv7e-m/fpu/libgcc.a(_arm_truncdfsf2.o)
                0x0000000008000a10                __aeabi_d2f
                0x0000000008000a10                __truncdfsf2
 .text          0x0000000008000ab0       0x38 /usr/lib/gcc/arm-none-eabi/4.9.3/armv7e-m/fpu/libgcc.a(_aeabi_ldivmod.o)
                0x0000000008000ab0                __aeabi_ldivmod
 .text          0x0000000008000ae8       0x60 /usr/lib/gcc/arm-none-eabi/4.9.3/armv7e-m/fpu/libgcc.a(bpabi.o)
                0x0000000008000ae8                __gnu_ldivmod_helper
                0x0000000008000b18                __gnu_uldivmod_helper
 .text          0x0000000008000b48        0x4 /usr/lib/gcc/arm-none-eabi/4.9.3/armv7e-m/fpu/libgcc.a(_dvmd_tls.o)
                0x0000000008000b48                __aeabi_ldiv0
                0x0000000008000b48                __aeabi_idiv0
 .text          0x0000000008000b4c      0x29c /usr/lib/gcc/arm-none-eabi/4.9.3/armv7e-m/fpu/libgcc.a(_divdi3.o)
                0x0000000008000b4c                __divdi3
 .text          0x0000000008000de8      0x26c /usr/lib/gcc/arm-none-eabi/4.9.3/armv7e-m/fpu/libgcc.a(_udivdi3.o)
                0x0000000008000de8                __udivdi3
 *(.text*)
 .text.Reset_Handler
                0x0000000008001054       0x50 Drivers/CMSIS/Device/ST/STM32F4xx/Source/Templates/gcc/startup_stm32f405xx.o
                0x0000000008001054                Reset_Handler
 .text.Default_Handler
                0x00000000080010a4        0x2 Drivers/CMSIS/Device/ST/STM32F4xx/Source/Templates/gcc/startup_stm32f405xx.o
                0x00000000080010a4                RTC_Alarm_IRQHandler
                0x00000000080010a4                HASH_RNG_IRQHandler
                0x00000000080010a4                EXTI2_IRQHandler
                0x00000000080010a4                TIM8_CC_IRQHandler
                0x00000000080010a4                TIM1_CC_IRQHandler
                0x00000000080010a4                DMA2_Stream5_IRQHandler
                0x00000000080010a4                DMA1_Stream5_IRQHandler
                0x00000000080010a4                PVD_IRQHandler
                0x00000000080010a4                SDIO_IRQHandler
                0x00000000080010a4                TAMP_STAMP_IRQHandler
                0x00000000080010a4                CAN2_RX1_IRQHandler
                0x00000000080010a4                EXTI3_IRQHandler
                0x00000000080010a4                TIM8_TRG_COM_TIM14_IRQHandler
                0x00000000080010a4                TIM1_UP_TIM10_IRQHandler
                0x00000000080010a4                TIM8_UP_TIM13_IRQHandler
                0x00000000080010a4                I2C3_ER_IRQHandler
                0x00000000080010a4                EXTI0_IRQHandler
                0x00000000080010a4                I2C2_EV_IRQHandler
                0x00000000080010a4                DMA1_Stream2_IRQHandler
                0x00000000080010a4                CAN1_RX0_IRQHandler
                0x00000000080010a4                FPU_IRQHandler
                0x00000000080010a4                OTG_HS_WKUP_IRQHandler
                0x00000000080010a4                CAN2_SCE_IRQHandler
                0x00000000080010a4                DMA2_Stream2_IRQHandler
                0x00000000080010a4                SPI1_IRQHandler
                0x00000000080010a4                TIM6_DAC_IRQHandler
                0x00000000080010a4                CAN2_RX0_IRQHandler
                0x00000000080010a4                DMA2_Stream3_IRQHandler
                0x00000000080010a4                USART6_IRQHandler
                0x00000000080010a4                CAN1_RX1_IRQHandler
                0x00000000080010a4                UART5_IRQHandler
                0x00000000080010a4                TIM4_IRQHandler
                0x00000000080010a4                I2C1_EV_IRQHandler
                0x00000000080010a4                DMA1_Stream6_IRQHandler
                0x00000000080010a4                DMA1_Stream1_IRQHandler
                0x00000000080010a4                UART4_IRQHandler
                0x00000000080010a4                TIM3_IRQHandler
                0x00000000080010a4                RCC_IRQHandler
                0x00000000080010a4                TIM8_BRK_TIM12_IRQHandler
                0x00000000080010a4                Default_Handler
                0x00000000080010a4                EXTI15_10_IRQHandler
                0x00000000080010a4                ADC_IRQHandler
                0x00000000080010a4                DMA1_Stream7_IRQHandler
                0x00000000080010a4                TIM7_IRQHandler
                0x00000000080010a4                CAN2_TX_IRQHandler
                0x00000000080010a4                TIM5_IRQHandler
                0x00000000080010a4                DMA2_Stream7_IRQHandler
                0x00000000080010a4                I2C3_EV_IRQHandler
                0x00000000080010a4                EXTI9_5_IRQHandler
                0x00000000080010a4                RTC_WKUP_IRQHandler
                0x00000000080010a4                OTG_HS_EP1_IN_IRQHandler
                0x00000000080010a4                DMA1_Stream0_IRQHandler
                0x00000000080010a4                CAN1_TX_IRQHandler
                0x00000000080010a4                EXTI4_IRQHandler
                0x00000000080010a4                FSMC_IRQHandler
                0x00000000080010a4                OTG_HS_EP1_OUT_IRQHandler
                0x00000000080010a4                WWDG_IRQHandler
                0x00000000080010a4                TIM2_IRQHandler
                0x00000000080010a4                OTG_FS_WKUP_IRQHandler
                0x00000000080010a4                TIM1_TRG_COM_TIM11_IRQHandler
                0x00000000080010a4                OTG_HS_IRQHandler
                0x00000000080010a4                EXTI1_IRQHandler
                0x00000000080010a4                I2C2_ER_IRQHandler
                0x00000000080010a4                DMA2_Stream1_IRQHandler
                0x00000000080010a4                CAN1_SCE_IRQHandler
                0x00000000080010a4                FLASH_IRQHandler
                0x00000000080010a4                DMA2_Stream4_IRQHandler
                0x00000000080010a4                OTG_FS_IRQHandler
                0x00000000080010a4                SPI3_IRQHandler
                0x00000000080010a4                DMA1_Stream4_IRQHandler
                0x00000000080010a4                I2C1_ER_IRQHandler
                0x00000000080010a4                DMA2_Stream6_IRQHandler
                0x00000000080010a4                DMA1_Stream3_IRQHandler
 *fill*         0x00000000080010a6        0x2 
 .text.SystemInit
                0x00000000080010a8       0x4c Drivers/CMSIS/Device/ST/STM32F4xx/Source/Templates/system_stm32f4xx.o
                0x00000000080010a8                SystemInit
 .text.HAL_InitTick
                0x00000000080010f4       0x28 Drivers/STM32F4xx_HAL_Driver/Src/stm32f4xx_hal.o
                0x00000000080010f4                HAL_InitTick
 .text.HAL_Init
                0x000000000800111c       0x34 Drivers/STM32F4xx_HAL_Driver/Src/stm32f4xx_hal.o
                0x000000000800111c                HAL_Init
 .text.HAL_IncTick
                0x0000000008001150       0x10 Drivers/STM32F4xx_HAL_Driver/Src/stm32f4xx_hal.o
                0x0000000008001150                HAL_IncTick
 .text.HAL_GetTick
                0x0000000008001160        0xc Drivers/STM32F4xx_HAL_Driver/Src/stm32f4xx_hal.o
                0x0000000008001160                HAL_GetTick
 .text.HAL_Delay
                0x000000000800116c       0x1a Drivers/STM32F4xx_HAL_Driver/Src/stm32f4xx_hal.o
                0x000000000800116c                HAL_Delay
 *fill*         0x0000000008001186        0x2 
 .text.HAL_ADC_Init
                0x0000000008001188      0x154 Drivers/STM32F4xx_HAL_Driver/Src/stm32f4xx_hal_adc.o
                0x0000000008001188                HAL_ADC_Init
 .text.HAL_ADC_Start
                0x00000000080012dc       0xc0 Drivers/STM32F4xx_HAL_Driver/Src/stm32f4xx_hal_adc.o
                0x00000000080012dc                HAL_ADC_Start
 .text.HAL_ADC_Start_DMA
                0x000000000800139c      0x100 Drivers/STM32F4xx_HAL_Driver/Src/stm32f4xx_hal_adc.o
                0x000000000800139c                HAL_ADC_Start_DMA
 .text.HAL_ADC_GetValue
                0x000000000800149c        0x6 Drivers/STM32F4xx_HAL_Driver/Src/stm32f4xx_hal_adc.o
                0x000000000800149c                HAL_ADC_GetValue
 .text.ADC_DMAConvCplt
                0x00000000080014a2       0x60 Drivers/STM32F4xx_HAL_Driver/Src/stm32f4xx_hal_adc.o
 .text.HAL_ADC_ConvHalfCpltCallback
                0x0000000008001502        0x2 Drivers/STM32F4xx_HAL_Driver/Src/stm32f4xx_hal_adc.o
                0x0000000008001502                HAL_ADC_ConvHalfCpltCallback
 .text.ADC_DMAHalfConvCplt
                0x0000000008001504        0xa Drivers/STM32F4xx_HAL_Driver/Src/stm32f4xx_hal_adc.o
 .text.HAL_ADC_ErrorCallback
                0x000000000800150e        0x2 Drivers/STM32F4xx_HAL_Driver/Src/stm32f4xx_hal_adc.o
                0x000000000800150e                HAL_ADC_ErrorCallback
 .text.ADC_DMAError
                0x0000000008001510       0x16 Drivers/STM32F4xx_HAL_Driver/Src/stm32f4xx_hal_adc.o
 *fill*         0x0000000008001526        0x2 
 .text.HAL_ADC_ConfigChannel
                0x0000000008001528      0x12c Drivers/STM32F4xx_HAL_Driver/Src/stm32f4xx_hal_adc.o
                0x0000000008001528                HAL_ADC_ConfigChannel
 .text.HAL_NVIC_SetPriorityGrouping
                0x0000000008001654       0x24 Drivers/STM32F4xx_HAL_Driver/Src/stm32f4xx_hal_cortex.o
                0x0000000008001654                HAL_NVIC_SetPriorityGrouping
 .text.HAL_NVIC_SetPriority
                0x0000000008001678       0x68 Drivers/STM32F4xx_HAL_Driver/Src/stm32f4xx_hal_cortex.o
                0x0000000008001678                HAL_NVIC_SetPriority
 .text.HAL_NVIC_EnableIRQ
                0x00000000080016e0       0x18 Drivers/STM32F4xx_HAL_Driver/Src/stm32f4xx_hal_cortex.o
                0x00000000080016e0                HAL_NVIC_EnableIRQ
 .text.HAL_SYSTICK_Config
                0x00000000080016f8       0x2c Drivers/STM32F4xx_HAL_Driver/Src/stm32f4xx_hal_cortex.o
                0x00000000080016f8                HAL_SYSTICK_Config
 .text.HAL_SYSTICK_CLKSourceConfig
                0x0000000008001724       0x18 Drivers/STM32F4xx_HAL_Driver/Src/stm32f4xx_hal_cortex.o
                0x0000000008001724                HAL_SYSTICK_CLKSourceConfig
 .text.HAL_SYSTICK_Callback
                0x000000000800173c        0x2 Drivers/STM32F4xx_HAL_Driver/Src/stm32f4xx_hal_cortex.o
                0x000000000800173c                HAL_SYSTICK_Callback
 .text.HAL_SYSTICK_IRQHandler
                0x000000000800173e        0x8 Drivers/STM32F4xx_HAL_Driver/Src/stm32f4xx_hal_cortex.o
                0x000000000800173e                HAL_SYSTICK_IRQHandler
 *fill*         0x0000000008001746        0x2 
 .text.DMA_CalcBaseAndBitshift
                0x0000000008001748       0x2c Drivers/STM32F4xx_HAL_Driver/Src/stm32f4xx_hal_dma.o
 .text.HAL_DMA_Init
                0x0000000008001774       0xec Drivers/STM32F4xx_HAL_Driver/Src/stm32f4xx_hal_dma.o
                0x0000000008001774                HAL_DMA_Init
 .text.HAL_DMA_Start_IT
                0x0000000008001860       0x80 Drivers/STM32F4xx_HAL_Driver/Src/stm32f4xx_hal_dma.o
                0x0000000008001860                HAL_DMA_Start_IT
 .text.HAL_DMA_Abort_IT
                0x00000000080018e0       0x24 Drivers/STM32F4xx_HAL_Driver/Src/stm32f4xx_hal_dma.o
                0x00000000080018e0                HAL_DMA_Abort_IT
 .text.HAL_DMA_IRQHandler
                0x0000000008001904      0x17c Drivers/STM32F4xx_HAL_Driver/Src/stm32f4xx_hal_dma.o
                0x0000000008001904                HAL_DMA_IRQHandler
 .text.HAL_GPIO_Init
                0x0000000008001a80      0x1c0 Drivers/STM32F4xx_HAL_Driver/Src/stm32f4xx_hal_gpio.o
                0x0000000008001a80                HAL_GPIO_Init
 .text.HAL_GPIO_WritePin
                0x0000000008001c40        0x8 Drivers/STM32F4xx_HAL_Driver/Src/stm32f4xx_hal_gpio.o
                0x0000000008001c40                HAL_GPIO_WritePin
 .text.HAL_GPIO_TogglePin
                0x0000000008001c48        0x8 Drivers/STM32F4xx_HAL_Driver/Src/stm32f4xx_hal_gpio.o
                0x0000000008001c48                HAL_GPIO_TogglePin
 .text.HAL_RCC_OscConfig
                0x0000000008001c50      0x2d0 Drivers/STM32F4xx_HAL_Driver/Src/stm32f4xx_hal_rcc.o
                0x0000000008001c50                HAL_RCC_OscConfig
 .text.HAL_RCC_GetSysClockFreq
                0x0000000008001f20       0x7c Drivers/STM32F4xx_HAL_Driver/Src/stm32f4xx_hal_rcc.o
                0x0000000008001f20                HAL_RCC_GetSysClockFreq
 .text.HAL_RCC_ClockConfig
                0x0000000008001f9c      0x168 Drivers/STM32F4xx_HAL_Driver/Src/stm32f4xx_hal_rcc.o
                0x0000000008001f9c                HAL_RCC_ClockConfig
 .text.HAL_RCC_GetHCLKFreq
                0x0000000008002104        0xc Drivers/STM32F4xx_HAL_Driver/Src/stm32f4xx_hal_rcc.o
                0x0000000008002104                HAL_RCC_GetHCLKFreq
 .text.HAL_RCC_GetPCLK1Freq
                0x0000000008002110       0x30 Drivers/STM32F4xx_HAL_Driver/Src/stm32f4xx_hal_rcc.o
                0x0000000008002110                HAL_RCC_GetPCLK1Freq
 .text.HAL_RCC_GetPCLK2Freq
                0x0000000008002140       0x30 Drivers/STM32F4xx_HAL_Driver/Src/stm32f4xx_hal_rcc.o
                0x0000000008002140                HAL_RCC_GetPCLK2Freq
 .text.SD_CmdResp2Error
                0x0000000008002170       0x2c Drivers/STM32F4xx_HAL_Driver/Src/stm32f4xx_hal_sd.o
 .text.SD_IsCardProgramming
                0x000000000800219c      0x144 Drivers/STM32F4xx_HAL_Driver/Src/stm32f4xx_hal_sd.o
 .text.SD_CmdResp1Error
                0x00000000080022e0       0xec Drivers/STM32F4xx_HAL_Driver/Src/stm32f4xx_hal_sd.o
 .text.SD_FindSCR
                0x00000000080023cc       0xfe Drivers/STM32F4xx_HAL_Driver/Src/stm32f4xx_hal_sd.o
 .text.HAL_SD_Get_CardInfo
                0x00000000080024ca      0x284 Drivers/STM32F4xx_HAL_Driver/Src/stm32f4xx_hal_sd.o
                0x00000000080024ca                HAL_SD_Get_CardInfo
 *fill*         0x000000000800274e        0x2 
 .text.HAL_SD_Init
                0x0000000008002750      0x38c Drivers/STM32F4xx_HAL_Driver/Src/stm32f4xx_hal_sd.o
                0x0000000008002750                HAL_SD_Init
 .text.HAL_SD_WideBusOperation_Config
                0x0000000008002adc      0x12c Drivers/STM32F4xx_HAL_Driver/Src/stm32f4xx_hal_sd.o
                0x0000000008002adc                HAL_SD_WideBusOperation_Config
 .text.HAL_SD_StopTransfer
                0x0000000008002c08       0x2e Drivers/STM32F4xx_HAL_Driver/Src/stm32f4xx_hal_sd.o
                0x0000000008002c08                HAL_SD_StopTransfer
 .text.HAL_SD_ReadBlocks
                0x0000000008002c36      0x184 Drivers/STM32F4xx_HAL_Driver/Src/stm32f4xx_hal_sd.o
                0x0000000008002c36                HAL_SD_ReadBlocks
 .text.HAL_SD_WriteBlocks
                0x0000000008002dba      0x1ec Drivers/STM32F4xx_HAL_Driver/Src/stm32f4xx_hal_sd.o
                0x0000000008002dba                HAL_SD_WriteBlocks
 .text.HAL_SD_GetStatus
                0x0000000008002fa6       0x46 Drivers/STM32F4xx_HAL_Driver/Src/stm32f4xx_hal_sd.o
                0x0000000008002fa6                HAL_SD_GetStatus
 .text.SPI_WaitFlagStateUntilTimeout
                0x0000000008002fec       0x8e Drivers/STM32F4xx_HAL_Driver/Src/stm32f4xx_hal_spi.o
 .text.SPI_CheckFlag_BSY
                0x000000000800307a       0x20 Drivers/STM32F4xx_HAL_Driver/Src/stm32f4xx_hal_spi.o
 .text.HAL_SPI_Init
                0x000000000800309a       0x7a Drivers/STM32F4xx_HAL_Driver/Src/stm32f4xx_hal_spi.o
                0x000000000800309a                HAL_SPI_Init
 .text.HAL_SPI_Transmit
                0x0000000008003114      0x15a Drivers/STM32F4xx_HAL_Driver/Src/stm32f4xx_hal_spi.o
                0x0000000008003114                HAL_SPI_Transmit
 .text.HAL_SPI_TransmitReceive
                0x000000000800326e      0x214 Drivers/STM32F4xx_HAL_Driver/Src/stm32f4xx_hal_spi.o
                0x000000000800326e                HAL_SPI_TransmitReceive
 .text.HAL_SPI_Receive
                0x0000000008003482      0x140 Drivers/STM32F4xx_HAL_Driver/Src/stm32f4xx_hal_spi.o
                0x0000000008003482                HAL_SPI_Receive
 .text.HAL_SPI_ErrorCallback
                0x00000000080035c2        0x2 Drivers/STM32F4xx_HAL_Driver/Src/stm32f4xx_hal_spi.o
                0x00000000080035c2                HAL_SPI_ErrorCallback
 .text.HAL_SPI_IRQHandler
                0x00000000080035c4       0xe4 Drivers/STM32F4xx_HAL_Driver/Src/stm32f4xx_hal_spi.o
                0x00000000080035c4                HAL_SPI_IRQHandler
 .text.SPI_DMAAbortOnError
                0x00000000080036a8       0x10 Drivers/STM32F4xx_HAL_Driver/Src/stm32f4xx_hal_spi.o
 .text.HAL_SPI_GetState
                0x00000000080036b8        0x6 Drivers/STM32F4xx_HAL_Driver/Src/stm32f4xx_hal_spi.o
                0x00000000080036b8                HAL_SPI_GetState
 *fill*         0x00000000080036be        0x2 
 .text.TIM_OC1_SetConfig
                0x00000000080036c0       0x58 Drivers/STM32F4xx_HAL_Driver/Src/stm32f4xx_hal_tim.o
 .text.TIM_OC3_SetConfig
                0x0000000008003718       0x60 Drivers/STM32F4xx_HAL_Driver/Src/stm32f4xx_hal_tim.o
 .text.TIM_OC4_SetConfig
                0x0000000008003778       0x50 Drivers/STM32F4xx_HAL_Driver/Src/stm32f4xx_hal_tim.o
 .text.HAL_TIM_Base_Start_IT
                0x00000000080037c8       0x16 Drivers/STM32F4xx_HAL_Driver/Src/stm32f4xx_hal_tim.o
                0x00000000080037c8                HAL_TIM_Base_Start_IT
 .text.HAL_TIM_PWM_MspInit
                0x00000000080037de        0x2 Drivers/STM32F4xx_HAL_Driver/Src/stm32f4xx_hal_tim.o
                0x00000000080037de                HAL_TIM_PWM_MspInit
 .text.HAL_TIM_Encoder_Start
                0x00000000080037e0       0x46 Drivers/STM32F4xx_HAL_Driver/Src/stm32f4xx_hal_tim.o
                0x00000000080037e0                HAL_TIM_Encoder_Start
 .text.HAL_TIM_ConfigClockSource
                0x0000000008003826      0x174 Drivers/STM32F4xx_HAL_Driver/Src/stm32f4xx_hal_tim.o
                0x0000000008003826                HAL_TIM_ConfigClockSource
 .text.HAL_TIM_PeriodElapsedCallback
                0x000000000800399a        0x2 Drivers/STM32F4xx_HAL_Driver/Src/stm32f4xx_hal_tim.o
                0x000000000800399a                HAL_TIM_PeriodElapsedCallback
 .text.HAL_TIM_OC_DelayElapsedCallback
                0x000000000800399c        0x2 Drivers/STM32F4xx_HAL_Driver/Src/stm32f4xx_hal_tim.o
                0x000000000800399c                HAL_TIM_OC_DelayElapsedCallback
 .text.HAL_TIM_IC_CaptureCallback
                0x000000000800399e        0x2 Drivers/STM32F4xx_HAL_Driver/Src/stm32f4xx_hal_tim.o
                0x000000000800399e                HAL_TIM_IC_CaptureCallback
 .text.HAL_TIM_PWM_PulseFinishedCallback
                0x00000000080039a0        0x2 Drivers/STM32F4xx_HAL_Driver/Src/stm32f4xx_hal_tim.o
                0x00000000080039a0                HAL_TIM_PWM_PulseFinishedCallback
 .text.HAL_TIM_TriggerCallback
                0x00000000080039a2        0x2 Drivers/STM32F4xx_HAL_Driver/Src/stm32f4xx_hal_tim.o
                0x00000000080039a2                HAL_TIM_TriggerCallback
 .text.HAL_TIM_IRQHandler
                0x00000000080039a4      0x144 Drivers/STM32F4xx_HAL_Driver/Src/stm32f4xx_hal_tim.o
                0x00000000080039a4                HAL_TIM_IRQHandler
 .text.TIM_Base_SetConfig
                0x0000000008003ae8       0xc8 Drivers/STM32F4xx_HAL_Driver/Src/stm32f4xx_hal_tim.o
                0x0000000008003ae8                TIM_Base_SetConfig
 .text.HAL_TIM_Base_Init
                0x0000000008003bb0       0x34 Drivers/STM32F4xx_HAL_Driver/Src/stm32f4xx_hal_tim.o
                0x0000000008003bb0                HAL_TIM_Base_Init
 .text.HAL_TIM_PWM_Init
                0x0000000008003be4       0x34 Drivers/STM32F4xx_HAL_Driver/Src/stm32f4xx_hal_tim.o
                0x0000000008003be4                HAL_TIM_PWM_Init
 .text.HAL_TIM_Encoder_Init
                0x0000000008003c18       0x92 Drivers/STM32F4xx_HAL_Driver/Src/stm32f4xx_hal_tim.o
                0x0000000008003c18                HAL_TIM_Encoder_Init
 *fill*         0x0000000008003caa        0x2 
 .text.TIM_OC2_SetConfig
                0x0000000008003cac       0x64 Drivers/STM32F4xx_HAL_Driver/Src/stm32f4xx_hal_tim.o
                0x0000000008003cac                TIM_OC2_SetConfig
 .text.HAL_TIM_PWM_ConfigChannel
                0x0000000008003d10       0xc6 Drivers/STM32F4xx_HAL_Driver/Src/stm32f4xx_hal_tim.o
                0x0000000008003d10                HAL_TIM_PWM_ConfigChannel
 .text.HAL_TIMEx_MasterConfigSynchronization
                0x0000000008003dd6       0x44 Drivers/STM32F4xx_HAL_Driver/Src/stm32f4xx_hal_tim_ex.o
                0x0000000008003dd6                HAL_TIMEx_MasterConfigSynchronization
 .text.HAL_TIMEx_CommutationCallback
                0x0000000008003e1a        0x2 Drivers/STM32F4xx_HAL_Driver/Src/stm32f4xx_hal_tim_ex.o
                0x0000000008003e1a                HAL_TIMEx_CommutationCallback
 .text.HAL_TIMEx_BreakCallback
                0x0000000008003e1c        0x2 Drivers/STM32F4xx_HAL_Driver/Src/stm32f4xx_hal_tim_ex.o
                0x0000000008003e1c                HAL_TIMEx_BreakCallback
 .text.UART_EndRxTransfer
                0x0000000008003e1e       0x1a Drivers/STM32F4xx_HAL_Driver/Src/stm32f4xx_hal_uart.o
 .text.UART_SetConfig
                0x0000000008003e38      0x23c Drivers/STM32F4xx_HAL_Driver/Src/stm32f4xx_hal_uart.o
 .text.UART_WaitOnFlagUntilTimeout.constprop.3
                0x0000000008004074       0x50 Drivers/STM32F4xx_HAL_Driver/Src/stm32f4xx_hal_uart.o
 .text.HAL_UART_Init
                0x00000000080040c4       0x5c Drivers/STM32F4xx_HAL_Driver/Src/stm32f4xx_hal_uart.o
                0x00000000080040c4                HAL_UART_Init
 .text.HAL_UART_Transmit
                0x0000000008004120       0xbc Drivers/STM32F4xx_HAL_Driver/Src/stm32f4xx_hal_uart.o
                0x0000000008004120                HAL_UART_Transmit
 .text.HAL_UART_Transmit_IT
                0x00000000080041dc       0x3e Drivers/STM32F4xx_HAL_Driver/Src/stm32f4xx_hal_uart.o
                0x00000000080041dc                HAL_UART_Transmit_IT
 .text.HAL_UART_Receive_IT
                0x000000000800421a       0x46 Drivers/STM32F4xx_HAL_Driver/Src/stm32f4xx_hal_uart.o
                0x000000000800421a                HAL_UART_Receive_IT
 .text.UART_Receive_IT
                0x0000000008004260       0x78 Drivers/STM32F4xx_HAL_Driver/Src/stm32f4xx_hal_uart.o
 .text.HAL_UART_ErrorCallback
                0x00000000080042d8        0x2 Drivers/STM32F4xx_HAL_Driver/Src/stm32f4xx_hal_uart.o
                0x00000000080042d8                HAL_UART_ErrorCallback
 *fill*         0x00000000080042da        0x2 
 .text.HAL_UART_IRQHandler
                0x00000000080042dc      0x140 Drivers/STM32F4xx_HAL_Driver/Src/stm32f4xx_hal_uart.o
                0x00000000080042dc                HAL_UART_IRQHandler
 .text.UART_DMAAbortOnError
                0x000000000800441c       0x10 Drivers/STM32F4xx_HAL_Driver/Src/stm32f4xx_hal_uart.o
 .text.SDIO_Init
                0x000000000800442c       0x36 Drivers/STM32F4xx_HAL_Driver/Src/stm32f4xx_ll_sdmmc.o
                0x000000000800442c                SDIO_Init
 .text.SDIO_ReadFIFO
                0x0000000008004462        0x6 Drivers/STM32F4xx_HAL_Driver/Src/stm32f4xx_ll_sdmmc.o
                0x0000000008004462                SDIO_ReadFIFO
 .text.SDIO_WriteFIFO
                0x0000000008004468        0xa Drivers/STM32F4xx_HAL_Driver/Src/stm32f4xx_ll_sdmmc.o
                0x0000000008004468                SDIO_WriteFIFO
 .text.SDIO_PowerState_ON
                0x0000000008004472        0x8 Drivers/STM32F4xx_HAL_Driver/Src/stm32f4xx_ll_sdmmc.o
                0x0000000008004472                SDIO_PowerState_ON
 .text.SDIO_GetPowerState
                0x000000000800447a        0x8 Drivers/STM32F4xx_HAL_Driver/Src/stm32f4xx_ll_sdmmc.o
                0x000000000800447a                SDIO_GetPowerState
 .text.SDIO_SendCommand
                0x0000000008004482       0x26 Drivers/STM32F4xx_HAL_Driver/Src/stm32f4xx_ll_sdmmc.o
                0x0000000008004482                SDIO_SendCommand
 .text.SDIO_GetCommandResponse
                0x00000000080044a8        0x6 Drivers/STM32F4xx_HAL_Driver/Src/stm32f4xx_ll_sdmmc.o
                0x00000000080044a8                SDIO_GetCommandResponse
 *fill*         0x00000000080044ae        0x2 
 .text.SDIO_GetResponse
                0x00000000080044b0       0x18 Drivers/STM32F4xx_HAL_Driver/Src/stm32f4xx_ll_sdmmc.o
                0x00000000080044b0                SDIO_GetResponse
 .text.SDIO_DataConfig
                0x00000000080044c8       0x26 Drivers/STM32F4xx_HAL_Driver/Src/stm32f4xx_ll_sdmmc.o
                0x00000000080044c8                SDIO_DataConfig
 *fill*         0x00000000080044ee        0x2 
 .text.disk_status
                0x00000000080044f0       0x14 Middlewares/Third_Party/FatFs/src/diskio.o
                0x00000000080044f0                disk_status
 .text.disk_initialize
                0x0000000008004504       0x20 Middlewares/Third_Party/FatFs/src/diskio.o
                0x0000000008004504                disk_initialize
 .text.disk_read
                0x0000000008004524       0x1c Middlewares/Third_Party/FatFs/src/diskio.o
                0x0000000008004524                disk_read
 .text.disk_write
                0x0000000008004540       0x1c Middlewares/Third_Party/FatFs/src/diskio.o
                0x0000000008004540                disk_write
 .text.disk_ioctl
                0x000000000800455c       0x1c Middlewares/Third_Party/FatFs/src/diskio.o
                0x000000000800455c                disk_ioctl
 .text.mem_cpy  0x0000000008004578       0x14 Middlewares/Third_Party/FatFs/src/ff.o
 .text.mem_set  0x000000000800458c        0xe Middlewares/Third_Party/FatFs/src/ff.o
 *fill*         0x000000000800459a        0x2 
 .text.chk_lock
                0x000000000800459c       0x70 Middlewares/Third_Party/FatFs/src/ff.o
 .text.inc_lock
                0x000000000800460c       0x98 Middlewares/Third_Party/FatFs/src/ff.o
 .text.dec_lock
                0x00000000080046a4       0x38 Middlewares/Third_Party/FatFs/src/ff.o
 .text.clmt_clust
                0x00000000080046dc       0x28 Middlewares/Third_Party/FatFs/src/ff.o
 .text.sum_sfn  0x0000000008004704       0x1e Middlewares/Third_Party/FatFs/src/ff.o
 .text.get_ldnumber
                0x0000000008004722       0x30 Middlewares/Third_Party/FatFs/src/ff.o
 .text.validate
                0x0000000008004752       0x2e Middlewares/Third_Party/FatFs/src/ff.o
 .text.ld_clust.isra.0
                0x0000000008004780       0x1c Middlewares/Third_Party/FatFs/src/ff.o
 .text.sync_window.part.1
                0x000000000800479c       0x52 Middlewares/Third_Party/FatFs/src/ff.o
 .text.sync_window
                0x00000000080047ee        0xe Middlewares/Third_Party/FatFs/src/ff.o
 .text.sync_fs  0x00000000080047fc       0xb6 Middlewares/Third_Party/FatFs/src/ff.o
 .text.move_window
                0x00000000080048b2       0x3a Middlewares/Third_Party/FatFs/src/ff.o
 .text.check_fs
                0x00000000080048ec       0x58 Middlewares/Third_Party/FatFs/src/ff.o
 .text.find_volume
                0x0000000008004944      0x2a0 Middlewares/Third_Party/FatFs/src/ff.o
 .text.clust2sect
                0x0000000008004be4       0x1c Middlewares/Third_Party/FatFs/src/ff.o
                0x0000000008004be4                clust2sect
 .text.get_fat  0x0000000008004c00       0xc2 Middlewares/Third_Party/FatFs/src/ff.o
                0x0000000008004c00                get_fat
 .text.dir_sdi  0x0000000008004cc2       0x9c Middlewares/Third_Party/FatFs/src/ff.o
 .text.put_fat  0x0000000008004d5e       0xec Middlewares/Third_Party/FatFs/src/ff.o
                0x0000000008004d5e                put_fat
 .text.create_chain
                0x0000000008004e4a       0xb4 Middlewares/Third_Party/FatFs/src/ff.o
 .text.dir_next
                0x0000000008004efe      0x122 Middlewares/Third_Party/FatFs/src/ff.o
 .text.dir_find.part.6
                0x0000000008005020      0x13c Middlewares/Third_Party/FatFs/src/ff.o
 .text.follow_path
                0x000000000800515c      0x2e0 Middlewares/Third_Party/FatFs/src/ff.o
 .text.dir_register
                0x000000000800543c      0x28c Middlewares/Third_Party/FatFs/src/ff.o
 .text.remove_chain
                0x00000000080056c8       0x64 Middlewares/Third_Party/FatFs/src/ff.o
 .text.f_mount  0x000000000800572c       0x70 Middlewares/Third_Party/FatFs/src/ff.o
                0x000000000800572c                f_mount
 .text.f_open   0x000000000800579c      0x19c Middlewares/Third_Party/FatFs/src/ff.o
                0x000000000800579c                f_open
 .text.f_write  0x0000000008005938      0x1da Middlewares/Third_Party/FatFs/src/ff.o
                0x0000000008005938                f_write
 .text.f_sync   0x0000000008005b12       0xca Middlewares/Third_Party/FatFs/src/ff.o
                0x0000000008005b12                f_sync
 .text.f_close  0x0000000008005bdc       0x22 Middlewares/Third_Party/FatFs/src/ff.o
                0x0000000008005bdc                f_close
 *fill*         0x0000000008005bfe        0x2 
 .text.FATFS_LinkDriverEx
                0x0000000008005c00       0x44 Middlewares/Third_Party/FatFs/src/ff_gen_drv.o
                0x0000000008005c00                FATFS_LinkDriverEx
 .text.FATFS_LinkDriver
                0x0000000008005c44        0x6 Middlewares/Third_Party/FatFs/src/ff_gen_drv.o
                0x0000000008005c44                FATFS_LinkDriver
 *fill*         0x0000000008005c4a        0x2 
 .text.SD_initialize
                0x0000000008005c4c       0x20 Middlewares/Third_Party/FatFs/src/drivers/sd_diskio.o
                0x0000000008005c4c                SD_initialize
 .text.SD_status
                0x0000000008005c6c       0x20 Middlewares/Third_Party/FatFs/src/drivers/sd_diskio.o
                0x0000000008005c6c                SD_status
 .text.SD_read  0x0000000008005c8c       0x20 Middlewares/Third_Party/FatFs/src/drivers/sd_diskio.o
                0x0000000008005c8c                SD_read
 .text.SD_write
                0x0000000008005cac       0x20 Middlewares/Third_Party/FatFs/src/drivers/sd_diskio.o
                0x0000000008005cac                SD_write
 .text.SD_ioctl
                0x0000000008005ccc       0x54 Middlewares/Third_Party/FatFs/src/drivers/sd_diskio.o
                0x0000000008005ccc                SD_ioctl
 .text.ff_convert
                0x0000000008005d20       0x4c Middlewares/Third_Party/FatFs/src/option/cc932.o
                0x0000000008005d20                ff_convert
 .text.ff_wtoupper
                0x0000000008005d6c       0x28 Middlewares/Third_Party/FatFs/src/option/cc932.o
                0x0000000008005d6c                ff_wtoupper
 .text.BSP_SD_Init
                0x0000000008005d94       0x38 Src/bsp_driver_sd.o
                0x0000000008005d94                BSP_SD_Init
 .text.BSP_SD_ReadBlocks
                0x0000000008005dcc       0x24 Src/bsp_driver_sd.o
                0x0000000008005dcc                BSP_SD_ReadBlocks
 .text.BSP_SD_WriteBlocks
                0x0000000008005df0       0x24 Src/bsp_driver_sd.o
                0x0000000008005df0                BSP_SD_WriteBlocks
 .text.BSP_SD_GetStatus
                0x0000000008005e14        0xc Src/bsp_driver_sd.o
                0x0000000008005e14                BSP_SD_GetStatus
 .text.BSP_SD_GetCardInfo
                0x0000000008005e20        0xc Src/bsp_driver_sd.o
                0x0000000008005e20                BSP_SD_GetCardInfo
 .text.MX_FATFS_Init
                0x0000000008005e2c       0x1c Src/fatfs.o
                0x0000000008005e2c                MX_FATFS_Init
 .text.get_fattime
                0x0000000008005e48        0x4 Src/fatfs.o
                0x0000000008005e48                get_fattime
 .text.HAL_ADC_ConvCpltCallback
                0x0000000008005e4c       0x18 Src/main.o
                0x0000000008005e4c                HAL_ADC_ConvCpltCallback
 .text.SystemClock_Config
                0x0000000008005e64       0xa8 Src/main.o
                0x0000000008005e64                SystemClock_Config
 *fill*         0x0000000008005f0c        0x4 
 .text.startup.main
                0x0000000008005f10      0x6a8 Src/main.o
                0x0000000008005f10                main
 .text.Error_Handler
                0x00000000080065b8        0x2 Src/main.o
                0x00000000080065b8                Error_Handler
 *fill*         0x00000000080065ba        0x2 
 .text.spi_receive8
                0x00000000080065bc       0x80 Src/spi.o
                0x00000000080065bc                spi_receive8
 .text.spi_receive16
                0x000000000800663c      0x108 Src/spi.o
                0x000000000800663c                spi_receive16
 .text.spi_send
                0x0000000008006744       0x64 Src/spi.o
                0x0000000008006744                spi_send
 .text.mpuSetup
                0x00000000080067a8       0x52 Src/spi.o
                0x00000000080067a8                mpuSetup
 .text.mpu_test
                0x00000000080067fa       0x12 Src/spi.o
                0x00000000080067fa                mpu_test
 .text.readAccX
                0x000000000800680c       0x10 Src/spi.o
                0x000000000800680c                readAccX
 .text.readAccY
                0x000000000800681c       0x10 Src/spi.o
                0x000000000800681c                readAccY
 .text.readAccZ
                0x000000000800682c       0x10 Src/spi.o
                0x000000000800682c                readAccZ
 *fill*         0x000000000800683c        0x4 
 .text.readTemp
                0x0000000008006840       0x3c Src/spi.o
                0x0000000008006840                readTemp
 .text.readGyrX
                0x000000000800687c       0x10 Src/spi.o
                0x000000000800687c                readGyrX
 .text.readGyrY
                0x000000000800688c       0x10 Src/spi.o
                0x000000000800688c                readGyrY
 .text.readGyrZ
                0x000000000800689c       0x10 Src/spi.o
                0x000000000800689c                readGyrZ
 .text.bmpSetup
                0x00000000080068ac       0xe8 Src/spi.o
                0x00000000080068ac                bmpSetup
 .text.bmpReadTemp
                0x0000000008006994       0xa0 Src/spi.o
                0x0000000008006994                bmpReadTemp
 .text.bmpReadPressure
                0x0000000008006a34      0x198 Src/spi.o
                0x0000000008006a34                bmpReadPressure
 .text.HAL_MspInit
                0x0000000008006bcc       0x60 Src/stm32f4xx_hal_msp.o
                0x0000000008006bcc                HAL_MspInit
 .text.HAL_ADC_MspInit
                0x0000000008006c2c       0x90 Src/stm32f4xx_hal_msp.o
                0x0000000008006c2c                HAL_ADC_MspInit
 .text.HAL_SD_MspInit
                0x0000000008006cbc       0x68 Src/stm32f4xx_hal_msp.o
                0x0000000008006cbc                HAL_SD_MspInit
 .text.HAL_SPI_MspInit
                0x0000000008006d24       0x60 Src/stm32f4xx_hal_msp.o
                0x0000000008006d24                HAL_SPI_MspInit
 .text.HAL_TIM_Encoder_MspInit
                0x0000000008006d84       0xf0 Src/stm32f4xx_hal_msp.o
                0x0000000008006d84                HAL_TIM_Encoder_MspInit
 .text.HAL_TIM_Base_MspInit
                0x0000000008006e74       0xd0 Src/stm32f4xx_hal_msp.o
                0x0000000008006e74                HAL_TIM_Base_MspInit
 .text.HAL_TIM_MspPostInit
                0x0000000008006f44       0x78 Src/stm32f4xx_hal_msp.o
                0x0000000008006f44                HAL_TIM_MspPostInit
 .text.HAL_UART_MspInit
                0x0000000008006fbc      0x100 Src/stm32f4xx_hal_msp.o
                0x0000000008006fbc                HAL_UART_MspInit
 .text.NMI_Handler
                0x00000000080070bc        0x2 Src/stm32f4xx_it.o
                0x00000000080070bc                NMI_Handler
 .text.HardFault_Handler
                0x00000000080070be        0x2 Src/stm32f4xx_it.o
                0x00000000080070be                HardFault_Handler
 .text.MemManage_Handler
                0x00000000080070c0        0x2 Src/stm32f4xx_it.o
                0x00000000080070c0                MemManage_Handler
 .text.BusFault_Handler
                0x00000000080070c2        0x2 Src/stm32f4xx_it.o
                0x00000000080070c2                BusFault_Handler
 .text.UsageFault_Handler
                0x00000000080070c4        0x2 Src/stm32f4xx_it.o
                0x00000000080070c4                UsageFault_Handler
 .text.SVC_Handler
                0x00000000080070c6        0x2 Src/stm32f4xx_it.o
                0x00000000080070c6                SVC_Handler
 .text.DebugMon_Handler
                0x00000000080070c8        0x2 Src/stm32f4xx_it.o
                0x00000000080070c8                DebugMon_Handler
 .text.PendSV_Handler
                0x00000000080070ca        0x2 Src/stm32f4xx_it.o
                0x00000000080070ca                PendSV_Handler
 .text.SysTick_Handler
                0x00000000080070cc        0xe Src/stm32f4xx_it.o
                0x00000000080070cc                SysTick_Handler
 *fill*         0x00000000080070da        0x2 
 .text.TIM1_BRK_TIM9_IRQHandler
                0x00000000080070dc       0x14 Src/stm32f4xx_it.o
                0x00000000080070dc                TIM1_BRK_TIM9_IRQHandler
 .text.SPI2_IRQHandler
                0x00000000080070f0        0xc Src/stm32f4xx_it.o
                0x00000000080070f0                SPI2_IRQHandler
 .text.USART1_IRQHandler
                0x00000000080070fc        0xc Src/stm32f4xx_it.o
                0x00000000080070fc                USART1_IRQHandler
 .text.USART2_IRQHandler
                0x0000000008007108       0x28 Src/stm32f4xx_it.o
                0x0000000008007108                USART2_IRQHandler
 .text.USART3_IRQHandler
                0x0000000008007130       0x28 Src/stm32f4xx_it.o
                0x0000000008007130                USART3_IRQHandler
 .text.DMA2_Stream0_IRQHandler
                0x0000000008007158        0xc Src/stm32f4xx_it.o
                0x0000000008007158                DMA2_Stream0_IRQHandler
 .text.HAL_UART_TxCpltCallback
                0x0000000008007164       0x14 Src/usart.o
                0x0000000008007164                HAL_UART_TxCpltCallback
 .text.HAL_UART_RxCpltCallback
                0x0000000008007178      0x3ac Src/usart.o
                0x0000000008007178                HAL_UART_RxCpltCallback
 .text.updateRecvNRF
                0x0000000008007524        0xc Src/usart.o
                0x0000000008007524                updateRecvNRF
 .text.updateRecvGPS
                0x0000000008007530        0xc Src/usart.o
                0x0000000008007530                updateRecvGPS
 .text.getHhmmss
                0x000000000800753c        0x8 Src/usart.o
                0x000000000800753c                getHhmmss
 .text.getDdmmyy
                0x0000000008007544        0x8 Src/usart.o
                0x0000000008007544                getDdmmyy
 .text.setPrintInt16
                0x000000000800754c       0x2c Src/usart.o
                0x000000000800754c                setPrintInt16
 .text.setPrintFloat
                0x0000000008007578       0x8c Src/usart.o
                0x0000000008007578                setPrintFloat
 .text.setPrintChar
                0x0000000008007604       0x2c Src/usart.o
                0x0000000008007604                setPrintChar
 .text.trancePrintIt
                0x0000000008007630       0x68 Src/usart.o
                0x0000000008007630                trancePrintIt
 .text.utilIncTick
                0x0000000008007698       0x10 Src/util.o
                0x0000000008007698                utilIncTick
 .text.utilGetTick
                0x00000000080076a8        0xc Src/util.o
                0x00000000080076a8                utilGetTick
 .text.printv   0x00000000080076b4       0x40 Src/util.o
                0x00000000080076b4                printv
 .text.error_mess
                0x00000000080076f4       0x10 Src/util.o
                0x00000000080076f4                error_mess
 .text.sd_open  0x0000000008007704       0x3c Src/util.o
                0x0000000008007704                sd_open
 .text.sd_Init  0x0000000008007740       0x80 Src/util.o
                0x0000000008007740                sd_Init
 .text.sd_Save  0x00000000080077c0       0x4c Src/util.o
                0x00000000080077c0                sd_Save
 .text.sd_Close
                0x000000000800780c       0x40 Src/util.o
                0x000000000800780c                sd_Close
 .text.sd_Sync  0x000000000800784c       0x40 Src/util.o
                0x000000000800784c                sd_Sync
 .text.atoi     0x000000000800788c        0x8 /usr/lib/gcc/arm-none-eabi/4.9.3/../../../arm-none-eabi/lib/armv7e-m/fpu/libc_nano.a(lib_a-atoi.o)
                0x000000000800788c                atoi
 .text.__libc_init_array
                0x0000000008007894       0x4c /usr/lib/gcc/arm-none-eabi/4.9.3/../../../arm-none-eabi/lib/armv7e-m/fpu/libc_nano.a(lib_a-init.o)
                0x0000000008007894                __libc_init_array
 .text.memset   0x00000000080078e0       0x10 /usr/lib/gcc/arm-none-eabi/4.9.3/../../../arm-none-eabi/lib/armv7e-m/fpu/libc_nano.a(lib_a-memset.o)
                0x00000000080078e0                memset
 .text.sprintf  0x00000000080078f0       0x48 /usr/lib/gcc/arm-none-eabi/4.9.3/../../../arm-none-eabi/lib/armv7e-m/fpu/libc_nano.a(lib_a-sprintf.o)
                0x00000000080078f0                sprintf
                0x00000000080078f0                siprintf
 .text.strcat   0x0000000008007938       0x1e /usr/lib/gcc/arm-none-eabi/4.9.3/../../../arm-none-eabi/lib/armv7e-m/fpu/libc_nano.a(lib_a-strcat.o)
                0x0000000008007938                strcat
 .text.strcpy   0x0000000008007956       0x10 /usr/lib/gcc/arm-none-eabi/4.9.3/../../../arm-none-eabi/lib/armv7e-m/fpu/libc_nano.a(lib_a-strcpy.o)
                0x0000000008007956                strcpy
 .text.strlen   0x0000000008007966       0x10 /usr/lib/gcc/arm-none-eabi/4.9.3/../../../arm-none-eabi/lib/armv7e-m/fpu/libc_nano.a(lib_a-strlen.o)
                0x0000000008007966                strlen
 *fill*         0x0000000008007976        0x2 
 .text._strtol_r
                0x0000000008007978      0x10c /usr/lib/gcc/arm-none-eabi/4.9.3/../../../arm-none-eabi/lib/armv7e-m/fpu/libc_nano.a(lib_a-strtol.o)
                0x0000000008007978                _strtol_r
 .text.strtol   0x0000000008007a84       0x1c /usr/lib/gcc/arm-none-eabi/4.9.3/../../../arm-none-eabi/lib/armv7e-m/fpu/libc_nano.a(lib_a-strtol.o)
                0x0000000008007a84                strtol
 .text._vsprintf_r
                0x0000000008007aa0       0x30 /usr/lib/gcc/arm-none-eabi/4.9.3/../../../arm-none-eabi/lib/armv7e-m/fpu/libc_nano.a(lib_a-vsprintf.o)
                0x0000000008007aa0                _vsiprintf_r
                0x0000000008007aa0                _vsprintf_r
 .text.vsprintf
                0x0000000008007ad0       0x1c /usr/lib/gcc/arm-none-eabi/4.9.3/../../../arm-none-eabi/lib/armv7e-m/fpu/libc_nano.a(lib_a-vsprintf.o)
                0x0000000008007ad0                vsprintf
                0x0000000008007ad0                vsiprintf
 .text.__ssputs_r
                0x0000000008007aec       0xb2 /usr/lib/gcc/arm-none-eabi/4.9.3/../../../arm-none-eabi/lib/armv7e-m/fpu/libc_nano.a(lib_a-nano-svfprintf.o)
                0x0000000008007aec                __ssputs_r
 *fill*         0x0000000008007b9e        0x2 
 .text._svfprintf_r
                0x0000000008007ba0      0x1e4 /usr/lib/gcc/arm-none-eabi/4.9.3/../../../arm-none-eabi/lib/armv7e-m/fpu/libc_nano.a(lib_a-nano-svfprintf.o)
                0x0000000008007ba0                _svfprintf_r
                0x0000000008007ba0                _svfiprintf_r
 .text._printf_common
                0x0000000008007d84       0xea /usr/lib/gcc/arm-none-eabi/4.9.3/../../../arm-none-eabi/lib/armv7e-m/fpu/libc_nano.a(lib_a-nano-vfprintf_i.o)
                0x0000000008007d84                _printf_common
 *fill*         0x0000000008007e6e        0x2 
 .text._printf_i
                0x0000000008007e70      0x240 /usr/lib/gcc/arm-none-eabi/4.9.3/../../../arm-none-eabi/lib/armv7e-m/fpu/libc_nano.a(lib_a-nano-vfprintf_i.o)
                0x0000000008007e70                _printf_i
 .text.memchr   0x00000000080080b0       0x1e /usr/lib/gcc/arm-none-eabi/4.9.3/../../../arm-none-eabi/lib/armv7e-m/fpu/libc_nano.a(lib_a-memchr.o)
                0x00000000080080b0                memchr
 .text.memcpy   0x00000000080080ce       0x16 /usr/lib/gcc/arm-none-eabi/4.9.3/../../../arm-none-eabi/lib/armv7e-m/fpu/libc_nano.a(lib_a-memcpy.o)
                0x00000000080080ce                memcpy
 .text.memmove  0x00000000080080e4       0x36 /usr/lib/gcc/arm-none-eabi/4.9.3/../../../arm-none-eabi/lib/armv7e-m/fpu/libc_nano.a(lib_a-memmove.o)
                0x00000000080080e4                memmove
 *fill*         0x000000000800811a        0x2 
 .text._free_r  0x000000000800811c       0x88 /usr/lib/gcc/arm-none-eabi/4.9.3/../../../arm-none-eabi/lib/armv7e-m/fpu/libc_nano.a(lib_a-nano-freer.o)
                0x000000000800811c                _free_r
 .text._malloc_r
                0x00000000080081a4       0xac /usr/lib/gcc/arm-none-eabi/4.9.3/../../../arm-none-eabi/lib/armv7e-m/fpu/libc_nano.a(lib_a-nano-mallocr.o)
                0x00000000080081a4                _malloc_r
 .text._realloc_r
                0x0000000008008250       0x4c /usr/lib/gcc/arm-none-eabi/4.9.3/../../../arm-none-eabi/lib/armv7e-m/fpu/libc_nano.a(lib_a-nano-reallocr.o)
                0x0000000008008250                _realloc_r
 .text._sbrk_r  0x000000000800829c       0x20 /usr/lib/gcc/arm-none-eabi/4.9.3/../../../arm-none-eabi/lib/armv7e-m/fpu/libc_nano.a(lib_a-sbrkr.o)
                0x000000000800829c                _sbrk_r
 .text._malloc_usable_size_r
                0x00000000080082bc       0x14 /usr/lib/gcc/arm-none-eabi/4.9.3/../../../arm-none-eabi/lib/armv7e-m/fpu/libc_nano.a(lib_a-nano-msizer.o)
                0x00000000080082bc                _malloc_usable_size_r
 .text._sbrk    0x00000000080082d0       0x1c /usr/lib/gcc/arm-none-eabi/4.9.3/../../../arm-none-eabi/lib/armv7e-m/fpu/libnosys.a(sbrk.o)
                0x00000000080082d0                _sbrk
 *(.glue_7)
 .glue_7        0x00000000080082ec        0x0 linker stubs
 *(.glue_7t)
 .glue_7t       0x00000000080082ec        0x0 linker stubs
 *(.eh_frame)
 .eh_frame      0x00000000080082ec        0x0 /usr/lib/gcc/arm-none-eabi/4.9.3/armv7e-m/fpu/crtbegin.o
 *(.init)
 .init          0x00000000080082ec        0x4 /usr/lib/gcc/arm-none-eabi/4.9.3/armv7e-m/fpu/crti.o
                0x00000000080082ec                _init
 .init          0x00000000080082f0        0x8 /usr/lib/gcc/arm-none-eabi/4.9.3/armv7e-m/fpu/crtn.o
 *(.fini)
 .fini          0x00000000080082f8        0x4 /usr/lib/gcc/arm-none-eabi/4.9.3/armv7e-m/fpu/crti.o
                0x00000000080082f8                _fini
 .fini          0x00000000080082fc        0x8 /usr/lib/gcc/arm-none-eabi/4.9.3/armv7e-m/fpu/crtn.o
                0x0000000008008304                . = ALIGN (0x4)
                0x0000000008008304                _etext = .

.vfp11_veneer   0x0000000008008304        0x0
 .vfp11_veneer  0x0000000008008304        0x0 linker stubs

.v4_bx          0x0000000008008304        0x0
 .v4_bx         0x0000000008008304        0x0 linker stubs

.iplt           0x0000000008008304        0x0
 .iplt          0x0000000008008304        0x0 /usr/lib/gcc/arm-none-eabi/4.9.3/armv7e-m/fpu/crtbegin.o

.rodata         0x0000000008008304     0xed5c
                0x0000000008008304                . = ALIGN (0x4)
 *(.rodata)
 .rodata        0x0000000008008304        0x8 Drivers/STM32F4xx_HAL_Driver/Src/stm32f4xx_hal_dma.o
 .rodata        0x000000000800830c       0x10 Drivers/STM32F4xx_HAL_Driver/Src/stm32f4xx_hal_rcc.o
                0x000000000800830c                APBAHBPrescTable
 .rodata        0x000000000800831c       0x3a Middlewares/Third_Party/FatFs/src/ff.o
 *fill*         0x0000000008008356        0x2 
 .rodata        0x0000000008008358       0x14 Middlewares/Third_Party/FatFs/src/drivers/sd_diskio.o
                0x0000000008008358                SD_Driver
 .rodata        0x000000000800836c     0xeab0 Middlewares/Third_Party/FatFs/src/option/cc932.o
 .rodata        0x0000000008016e1c       0x40 Src/main.o
 *(.rodata*)
 .rodata.str1.1
                0x0000000008016e5c       0x44 Middlewares/Third_Party/FatFs/src/ff.o
 .rodata.str1.1
                0x0000000008016ea0       0x28 Src/main.o
 .rodata.str1.1
                0x0000000008016ec8       0x38 Src/usart.o
                                         0x3d (size before relaxing)
 .rodata.str1.1
                0x0000000008016f00       0x29 Src/util.o
 .rodata.str1.1
                0x0000000008016f29        0x2 /usr/lib/gcc/arm-none-eabi/4.9.3/../../../arm-none-eabi/lib/armv7e-m/fpu/libc_nano.a(lib_a-impure.o)
 .rodata._ctype_
                0x0000000008016f2b      0x101 /usr/lib/gcc/arm-none-eabi/4.9.3/../../../arm-none-eabi/lib/armv7e-m/fpu/libc_nano.a(lib_a-ctype_.o)
                0x0000000008016f2b                _ctype_
 .rodata.str1.1
                0x000000000801702c       0x11 /usr/lib/gcc/arm-none-eabi/4.9.3/../../../arm-none-eabi/lib/armv7e-m/fpu/libc_nano.a(lib_a-nano-svfprintf.o)
 .rodata.str1.1
                0x000000000801703d       0x22 /usr/lib/gcc/arm-none-eabi/4.9.3/../../../arm-none-eabi/lib/armv7e-m/fpu/libc_nano.a(lib_a-nano-vfprintf_i.o)
                0x0000000008017060                . = ALIGN (0x4)
 *fill*         0x000000000801705f        0x1 

.ARM.extab
 *(.ARM.extab* .gnu.linkonce.armextab.*)

.ARM            0x0000000008017060        0x8
                0x0000000008017060                __exidx_start = .
 *(.ARM.exidx*)
 .ARM.exidx     0x0000000008017060        0x8 /usr/lib/gcc/arm-none-eabi/4.9.3/armv7e-m/fpu/libgcc.a(_divdi3.o)
 .ARM.exidx     0x0000000008017068        0x0 /usr/lib/gcc/arm-none-eabi/4.9.3/armv7e-m/fpu/libgcc.a(_udivdi3.o)
                                          0x8 (size before relaxing)
                0x0000000008017068                __exidx_end = .

.rel.dyn        0x0000000008017068        0x0
 .rel.iplt      0x0000000008017068        0x0 /usr/lib/gcc/arm-none-eabi/4.9.3/armv7e-m/fpu/crtbegin.o

.preinit_array  0x0000000008017068        0x0
                0x0000000008017068                PROVIDE (__preinit_array_start, .)
 *(.preinit_array*)
                0x0000000008017068                PROVIDE (__preinit_array_end, .)

.init_array     0x0000000008017068        0x4
                0x0000000008017068                PROVIDE (__init_array_start, .)
 *(SORT(.init_array.*))
 *(.init_array*)
 .init_array    0x0000000008017068        0x4 /usr/lib/gcc/arm-none-eabi/4.9.3/armv7e-m/fpu/crtbegin.o
                0x000000000801706c                PROVIDE (__init_array_end, .)

.fini_array     0x000000000801706c        0x4
                0x000000000801706c                PROVIDE (__fini_array_start, .)
 *(SORT(.fini_array.*))
 *(.fini_array*)
 .fini_array    0x000000000801706c        0x4 /usr/lib/gcc/arm-none-eabi/4.9.3/armv7e-m/fpu/crtbegin.o
                0x0000000008017070                PROVIDE (__fini_array_end, .)
                0x0000000008017070                _sidata = LOADADDR (.data)

.data           0x0000000020000000       0x70 load address 0x0000000008017070
                0x0000000020000000                . = ALIGN (0x4)
                0x0000000020000000                _sdata = .
 *(.data)
 .data          0x0000000020000000        0x4 Drivers/CMSIS/Device/ST/STM32F4xx/Source/Templates/system_stm32f4xx.o
                0x0000000020000000                SystemCoreClock
 .data          0x0000000020000004        0x1 Middlewares/Third_Party/FatFs/src/drivers/sd_diskio.o
 *(.data*)
 *fill*         0x0000000020000005        0x3 
 .data.impure_data
                0x0000000020000008       0x60 /usr/lib/gcc/arm-none-eabi/4.9.3/../../../arm-none-eabi/lib/armv7e-m/fpu/libc_nano.a(lib_a-impure.o)
 .data._impure_ptr
                0x0000000020000068        0x4 /usr/lib/gcc/arm-none-eabi/4.9.3/../../../arm-none-eabi/lib/armv7e-m/fpu/libc_nano.a(lib_a-impure.o)
                0x0000000020000068                _impure_ptr
 .data.__ctype_ptr__
                0x000000002000006c        0x4 /usr/lib/gcc/arm-none-eabi/4.9.3/../../../arm-none-eabi/lib/armv7e-m/fpu/libc_nano.a(lib_a-ctype_.o)
                0x000000002000006c                __ctype_ptr__
                0x0000000020000070                . = ALIGN (0x4)
                0x0000000020000070                _edata = .
                0x00000000080170e0                _siccmram = LOADADDR (.ccmram)

.jcr            0x0000000020000070        0x0 load address 0x00000000080170e0
 .jcr           0x0000000020000070        0x0 /usr/lib/gcc/arm-none-eabi/4.9.3/armv7e-m/fpu/crtbegin.o

.tm_clone_table
                0x0000000020000070        0x0 load address 0x00000000080170e0
 .tm_clone_table
                0x0000000020000070        0x0 /usr/lib/gcc/arm-none-eabi/4.9.3/armv7e-m/fpu/crtbegin.o
 .tm_clone_table
                0x0000000020000070        0x0 /usr/lib/gcc/arm-none-eabi/4.9.3/armv7e-m/fpu/crtend.o

.igot.plt       0x0000000020000070        0x0 load address 0x00000000080170e0
 .igot.plt      0x0000000020000070        0x0 /usr/lib/gcc/arm-none-eabi/4.9.3/armv7e-m/fpu/crtbegin.o

.ccmram         0x0000000010000000        0x0 load address 0x00000000080170e0
                0x0000000010000000                . = ALIGN (0x4)
                0x0000000010000000                _sccmram = .
 *(.ccmram)
 *(.ccmram*)
                0x0000000010000000                . = ALIGN (0x4)
                0x0000000010000000                _eccmram = .
                0x0000000010000000                . = ALIGN (0x4)

.bss            0x0000000020000070      0xd0c
                0x0000000020000070                _sbss = .
                0x0000000020000070                __bss_start__ = _sbss
 *(.bss)
 .bss           0x0000000020000070       0x1c /usr/lib/gcc/arm-none-eabi/4.9.3/armv7e-m/fpu/crtbegin.o
 .bss           0x000000002000008c      0x21e Middlewares/Third_Party/FatFs/src/ff.o
 *fill*         0x00000000200002aa        0x2 
 .bss           0x00000000200002ac        0xc Middlewares/Third_Party/FatFs/src/ff_gen_drv.o
                0x00000000200002ac                disk
 .bss           0x00000000200002b8        0x2 Src/main.o
                0x00000000200002b8                ADC_val
 .bss           0x00000000200002ba        0x2 Src/stm32f4xx_it.o
 .bss           0x00000000200002bc       0xeb Src/usart.o
                0x00000000200002bc                printData
                0x0000000020000352                RecvNRF
                0x0000000020000353                RecvGPS
                0x00000000200003a6                NRF_mode
 *fill*         0x00000000200003a7        0x1 
 .bss           0x00000000200003a8       0x48 Src/util.o
                0x00000000200003a8                myTick
                0x00000000200003ac                file_name
                0x00000000200003cc                save_directory
                0x00000000200003ec                byteswritten
 *(.bss*)
 .bss.__malloc_sbrk_start
                0x00000000200003f0        0x4 /usr/lib/gcc/arm-none-eabi/4.9.3/../../../arm-none-eabi/lib/armv7e-m/fpu/libc_nano.a(lib_a-nano-mallocr.o)
                0x00000000200003f0                __malloc_sbrk_start
 .bss.__malloc_free_list
                0x00000000200003f4        0x4 /usr/lib/gcc/arm-none-eabi/4.9.3/../../../arm-none-eabi/lib/armv7e-m/fpu/libc_nano.a(lib_a-nano-mallocr.o)
                0x00000000200003f4                __malloc_free_list
 .bss.heap_end.4079
                0x00000000200003f8        0x4 /usr/lib/gcc/arm-none-eabi/4.9.3/../../../arm-none-eabi/lib/armv7e-m/fpu/libnosys.a(sbrk.o)
 *(COMMON)
 COMMON         0x00000000200003fc        0x4 Drivers/STM32F4xx_HAL_Driver/Src/stm32f4xx_hal.o
                0x00000000200003fc                uwTick
 COMMON         0x0000000020000400        0x5 Src/fatfs.o
                0x0000000020000400                retSD
                0x0000000020000401                SD_Path
 *fill*         0x0000000020000405        0x3 
 COMMON         0x0000000020000408      0x498 Src/main.o
                0x0000000020000408                hspi2
                0x0000000020000460                htim8
                0x000000002000049c                htim4
                0x00000000200004d8                huart3
                0x0000000020000518                htim10
                0x0000000020000554                htim5
                0x0000000020000590                htim3
                0x00000000200005d0                SDCardInfo
                0x0000000020000628                hadc1
                0x0000000020000670                htim13
                0x00000000200006ac                huart1
                0x00000000200006ec                htim11
                0x0000000020000728                hdma_adc1
                0x0000000020000788                htim9
                0x00000000200007c4                hsd
                0x0000000020000824                huart2
                0x0000000020000864                htim14
 COMMON         0x00000000200008a0       0x38 Src/spi.o
                0x00000000200008a0                dig_t3
                0x00000000200008a4                p
                0x00000000200008a8                dig_p4
                0x00000000200008aa                dig_t1
                0x00000000200008ac                dig_p8
                0x00000000200008ae                dig_p9
                0x00000000200008b0                var1
                0x00000000200008b8                dig_p1
                0x00000000200008ba                dig_t2
                0x00000000200008bc                dig_p6
                0x00000000200008c0                var2
                0x00000000200008c8                dig_p3
                0x00000000200008ca                dig_p7
                0x00000000200008cc                dig_p5
                0x00000000200008ce                dig_p2
                0x00000000200008d0                t_fine
 COMMON         0x00000000200008d8       0x44 Src/usart.o
                0x00000000200008d8                ddmmyy
                0x00000000200008e2                nrf
                0x00000000200008f6                north
                0x0000000020000904                east
                0x0000000020000912                hhmmss
 COMMON         0x000000002000091c      0x45c Src/util.o
                0x000000002000091c                FatFs
                0x0000000020000b4c                File
 COMMON         0x0000000020000d78        0x4 /usr/lib/gcc/arm-none-eabi/4.9.3/../../../arm-none-eabi/lib/armv7e-m/fpu/libc_nano.a(lib_a-reent.o)
                0x0000000020000d78                errno
                0x0000000020000d7c                . = ALIGN (0x4)
                0x0000000020000d7c                _ebss = .
                0x0000000020000d7c                __bss_end__ = _ebss

._user_heap_stack
                0x0000000020000d7c      0x604
                0x0000000020000d80                . = ALIGN (0x8)
 *fill*         0x0000000020000d7c        0x4 
                0x0000000020000d80                PROVIDE (end, .)
                [!provide]                        PROVIDE (_end, .)
                0x0000000020000f80                . = (. + _Min_Heap_Size)
 *fill*         0x0000000020000d80      0x200 
                0x0000000020001380                . = (. + _Min_Stack_Size)
 *fill*         0x0000000020000f80      0x400 
                0x0000000020001380                . = ALIGN (0x8)

/DISCARD/
 libc.a(*)
 libm.a(*)
 libgcc.a(*)

.ARM.attributes
                0x0000000000000000       0x30
 *(.ARM.attributes)
 .ARM.attributes
                0x0000000000000000       0x22 /usr/lib/gcc/arm-none-eabi/4.9.3/armv7e-m/fpu/crti.o
 .ARM.attributes
                0x0000000000000022       0x34 /usr/lib/gcc/arm-none-eabi/4.9.3/armv7e-m/fpu/crtbegin.o
 .ARM.attributes
                0x0000000000000056       0x21 Drivers/CMSIS/Device/ST/STM32F4xx/Source/Templates/gcc/startup_stm32f405xx.o
 .ARM.attributes
                0x0000000000000077       0x39 Drivers/CMSIS/Device/ST/STM32F4xx/Source/Templates/system_stm32f4xx.o
 .ARM.attributes
                0x00000000000000b0       0x39 Drivers/STM32F4xx_HAL_Driver/Src/stm32f4xx_hal.o
 .ARM.attributes
                0x00000000000000e9       0x39 Drivers/STM32F4xx_HAL_Driver/Src/stm32f4xx_hal_adc.o
 .ARM.attributes
                0x0000000000000122       0x39 Drivers/STM32F4xx_HAL_Driver/Src/stm32f4xx_hal_cortex.o
 .ARM.attributes
                0x000000000000015b       0x39 Drivers/STM32F4xx_HAL_Driver/Src/stm32f4xx_hal_dma.o
 .ARM.attributes
                0x0000000000000194       0x39 Drivers/STM32F4xx_HAL_Driver/Src/stm32f4xx_hal_gpio.o
 .ARM.attributes
                0x00000000000001cd       0x39 Drivers/STM32F4xx_HAL_Driver/Src/stm32f4xx_hal_rcc.o
 .ARM.attributes
                0x0000000000000206       0x39 Drivers/STM32F4xx_HAL_Driver/Src/stm32f4xx_hal_sd.o
 .ARM.attributes
                0x000000000000023f       0x39 Drivers/STM32F4xx_HAL_Driver/Src/stm32f4xx_hal_spi.o
 .ARM.attributes
                0x0000000000000278       0x39 Drivers/STM32F4xx_HAL_Driver/Src/stm32f4xx_hal_tim.o
 .ARM.attributes
                0x00000000000002b1       0x39 Drivers/STM32F4xx_HAL_Driver/Src/stm32f4xx_hal_tim_ex.o
 .ARM.attributes
                0x00000000000002ea       0x39 Drivers/STM32F4xx_HAL_Driver/Src/stm32f4xx_hal_uart.o
 .ARM.attributes
                0x0000000000000323       0x39 Drivers/STM32F4xx_HAL_Driver/Src/stm32f4xx_ll_sdmmc.o
 .ARM.attributes
                0x000000000000035c       0x39 Middlewares/Third_Party/FatFs/src/diskio.o
 .ARM.attributes
                0x0000000000000395       0x39 Middlewares/Third_Party/FatFs/src/ff.o
 .ARM.attributes
                0x00000000000003ce       0x39 Middlewares/Third_Party/FatFs/src/ff_gen_drv.o
 .ARM.attributes
                0x0000000000000407       0x39 Middlewares/Third_Party/FatFs/src/drivers/sd_diskio.o
 .ARM.attributes
                0x0000000000000440       0x39 Middlewares/Third_Party/FatFs/src/option/cc932.o
 .ARM.attributes
                0x0000000000000479       0x39 Src/bsp_driver_sd.o
 .ARM.attributes
                0x00000000000004b2       0x39 Src/fatfs.o
 .ARM.attributes
                0x00000000000004eb       0x39 Src/main.o
 .ARM.attributes
                0x0000000000000524       0x39 Src/spi.o
 .ARM.attributes
                0x000000000000055d       0x39 Src/stm32f4xx_hal_msp.o
 .ARM.attributes
                0x0000000000000596       0x39 Src/stm32f4xx_it.o
 .ARM.attributes
                0x00000000000005cf       0x39 Src/usart.o
 .ARM.attributes
                0x0000000000000608       0x39 Src/util.o
 .ARM.attributes
                0x0000000000000641       0x22 /usr/lib/gcc/arm-none-eabi/4.9.3/armv7e-m/fpu/libgcc.a(_arm_addsubdf3.o)
 .ARM.attributes
                0x0000000000000663       0x22 /usr/lib/gcc/arm-none-eabi/4.9.3/armv7e-m/fpu/libgcc.a(_arm_muldivdf3.o)
 .ARM.attributes
                0x0000000000000685       0x22 /usr/lib/gcc/arm-none-eabi/4.9.3/armv7e-m/fpu/libgcc.a(_arm_fixdfsi.o)
 .ARM.attributes
                0x00000000000006a7       0x22 /usr/lib/gcc/arm-none-eabi/4.9.3/armv7e-m/fpu/libgcc.a(_arm_truncdfsf2.o)
 .ARM.attributes
                0x00000000000006c9       0x22 /usr/lib/gcc/arm-none-eabi/4.9.3/armv7e-m/fpu/libgcc.a(_aeabi_ldivmod.o)
 .ARM.attributes
                0x00000000000006eb       0x34 /usr/lib/gcc/arm-none-eabi/4.9.3/armv7e-m/fpu/libgcc.a(bpabi.o)
 .ARM.attributes
                0x000000000000071f       0x22 /usr/lib/gcc/arm-none-eabi/4.9.3/armv7e-m/fpu/libgcc.a(_dvmd_tls.o)
 .ARM.attributes
                0x0000000000000741       0x34 /usr/lib/gcc/arm-none-eabi/4.9.3/armv7e-m/fpu/libgcc.a(_divdi3.o)
 .ARM.attributes
                0x0000000000000775       0x34 /usr/lib/gcc/arm-none-eabi/4.9.3/armv7e-m/fpu/libgcc.a(_udivdi3.o)
 .ARM.attributes
                0x00000000000007a9       0x34 /usr/lib/gcc/arm-none-eabi/4.9.3/../../../arm-none-eabi/lib/armv7e-m/fpu/libc_nano.a(lib_a-atoi.o)
 .ARM.attributes
                0x00000000000007dd       0x34 /usr/lib/gcc/arm-none-eabi/4.9.3/../../../arm-none-eabi/lib/armv7e-m/fpu/libc_nano.a(lib_a-impure.o)
 .ARM.attributes
                0x0000000000000811       0x34 /usr/lib/gcc/arm-none-eabi/4.9.3/../../../arm-none-eabi/lib/armv7e-m/fpu/libc_nano.a(lib_a-init.o)
 .ARM.attributes
                0x0000000000000845       0x34 /usr/lib/gcc/arm-none-eabi/4.9.3/../../../arm-none-eabi/lib/armv7e-m/fpu/libc_nano.a(lib_a-memset.o)
 .ARM.attributes
                0x0000000000000879       0x34 /usr/lib/gcc/arm-none-eabi/4.9.3/../../../arm-none-eabi/lib/armv7e-m/fpu/libc_nano.a(lib_a-sprintf.o)
 .ARM.attributes
                0x00000000000008ad       0x34 /usr/lib/gcc/arm-none-eabi/4.9.3/../../../arm-none-eabi/lib/armv7e-m/fpu/libc_nano.a(lib_a-strcat.o)
 .ARM.attributes
                0x00000000000008e1       0x34 /usr/lib/gcc/arm-none-eabi/4.9.3/../../../arm-none-eabi/lib/armv7e-m/fpu/libc_nano.a(lib_a-strcpy.o)
 .ARM.attributes
                0x0000000000000915       0x34 /usr/lib/gcc/arm-none-eabi/4.9.3/../../../arm-none-eabi/lib/armv7e-m/fpu/libc_nano.a(lib_a-strlen.o)
 .ARM.attributes
                0x0000000000000949       0x34 /usr/lib/gcc/arm-none-eabi/4.9.3/../../../arm-none-eabi/lib/armv7e-m/fpu/libc_nano.a(lib_a-strtol.o)
 .ARM.attributes
                0x000000000000097d       0x34 /usr/lib/gcc/arm-none-eabi/4.9.3/../../../arm-none-eabi/lib/armv7e-m/fpu/libc_nano.a(lib_a-vsprintf.o)
 .ARM.attributes
                0x00000000000009b1       0x34 /usr/lib/gcc/arm-none-eabi/4.9.3/../../../arm-none-eabi/lib/armv7e-m/fpu/libc_nano.a(lib_a-ctype_.o)
 .ARM.attributes
                0x00000000000009e5       0x34 /usr/lib/gcc/arm-none-eabi/4.9.3/../../../arm-none-eabi/lib/armv7e-m/fpu/libc_nano.a(lib_a-nano-svfprintf.o)
 .ARM.attributes
                0x0000000000000a19       0x34 /usr/lib/gcc/arm-none-eabi/4.9.3/../../../arm-none-eabi/lib/armv7e-m/fpu/libc_nano.a(lib_a-nano-vfprintf_i.o)
 .ARM.attributes
                0x0000000000000a4d       0x34 /usr/lib/gcc/arm-none-eabi/4.9.3/../../../arm-none-eabi/lib/armv7e-m/fpu/libc_nano.a(lib_a-memchr.o)
 .ARM.attributes
                0x0000000000000a81       0x34 /usr/lib/gcc/arm-none-eabi/4.9.3/../../../arm-none-eabi/lib/armv7e-m/fpu/libc_nano.a(lib_a-memcpy.o)
 .ARM.attributes
                0x0000000000000ab5       0x34 /usr/lib/gcc/arm-none-eabi/4.9.3/../../../arm-none-eabi/lib/armv7e-m/fpu/libc_nano.a(lib_a-memmove.o)
 .ARM.attributes
                0x0000000000000ae9       0x34 /usr/lib/gcc/arm-none-eabi/4.9.3/../../../arm-none-eabi/lib/armv7e-m/fpu/libc_nano.a(lib_a-nano-freer.o)
 .ARM.attributes
                0x0000000000000b1d       0x34 /usr/lib/gcc/arm-none-eabi/4.9.3/../../../arm-none-eabi/lib/armv7e-m/fpu/libc_nano.a(lib_a-nano-mallocr.o)
 .ARM.attributes
                0x0000000000000b51       0x34 /usr/lib/gcc/arm-none-eabi/4.9.3/../../../arm-none-eabi/lib/armv7e-m/fpu/libc_nano.a(lib_a-nano-reallocr.o)
 .ARM.attributes
                0x0000000000000b85       0x34 /usr/lib/gcc/arm-none-eabi/4.9.3/../../../arm-none-eabi/lib/armv7e-m/fpu/libc_nano.a(lib_a-sbrkr.o)
 .ARM.attributes
                0x0000000000000bb9       0x34 /usr/lib/gcc/arm-none-eabi/4.9.3/../../../arm-none-eabi/lib/armv7e-m/fpu/libc_nano.a(lib_a-nano-msizer.o)
 .ARM.attributes
                0x0000000000000bed       0x34 /usr/lib/gcc/arm-none-eabi/4.9.3/../../../arm-none-eabi/lib/armv7e-m/fpu/libc_nano.a(lib_a-reent.o)
 .ARM.attributes
                0x0000000000000c21       0x34 /usr/lib/gcc/arm-none-eabi/4.9.3/../../../arm-none-eabi/lib/armv7e-m/fpu/libnosys.a(sbrk.o)
 .ARM.attributes
                0x0000000000000c55       0x34 /usr/lib/gcc/arm-none-eabi/4.9.3/armv7e-m/fpu/crtend.o
 .ARM.attributes
                0x0000000000000c89       0x22 /usr/lib/gcc/arm-none-eabi/4.9.3/armv7e-m/fpu/crtn.o
OUTPUT(dr_v3.elf elf32-littlearm)

.comment        0x0000000000000000       0xde
 .comment       0x0000000000000000       0x38 /usr/lib/gcc/arm-none-eabi/4.9.3/armv7e-m/fpu/crtbegin.o
                                         0x39 (size before relaxing)
 .comment       0x0000000000000038       0x6e Drivers/CMSIS/Device/ST/STM32F4xx/Source/Templates/system_stm32f4xx.o
                                         0x6f (size before relaxing)
 .comment       0x00000000000000a6       0x6f Drivers/STM32F4xx_HAL_Driver/Src/stm32f4xx_hal.o
 .comment       0x00000000000000a6       0x6f Drivers/STM32F4xx_HAL_Driver/Src/stm32f4xx_hal_adc.o
 .comment       0x00000000000000a6       0x6f Drivers/STM32F4xx_HAL_Driver/Src/stm32f4xx_hal_cortex.o
 .comment       0x00000000000000a6       0x6f Drivers/STM32F4xx_HAL_Driver/Src/stm32f4xx_hal_dma.o
 .comment       0x00000000000000a6       0x6f Drivers/STM32F4xx_HAL_Driver/Src/stm32f4xx_hal_gpio.o
 .comment       0x00000000000000a6       0x6f Drivers/STM32F4xx_HAL_Driver/Src/stm32f4xx_hal_rcc.o
 .comment       0x00000000000000a6       0x6f Drivers/STM32F4xx_HAL_Driver/Src/stm32f4xx_hal_sd.o
 .comment       0x00000000000000a6       0x6f Drivers/STM32F4xx_HAL_Driver/Src/stm32f4xx_hal_spi.o
 .comment       0x00000000000000a6       0x6f Drivers/STM32F4xx_HAL_Driver/Src/stm32f4xx_hal_tim.o
 .comment       0x00000000000000a6       0x6f Drivers/STM32F4xx_HAL_Driver/Src/stm32f4xx_hal_tim_ex.o
 .comment       0x00000000000000a6       0x6f Drivers/STM32F4xx_HAL_Driver/Src/stm32f4xx_hal_uart.o
 .comment       0x00000000000000a6       0x6f Drivers/STM32F4xx_HAL_Driver/Src/stm32f4xx_ll_sdmmc.o
 .comment       0x00000000000000a6       0x6f Middlewares/Third_Party/FatFs/src/diskio.o
 .comment       0x00000000000000a6       0x6f Middlewares/Third_Party/FatFs/src/ff.o
 .comment       0x00000000000000a6       0x6f Middlewares/Third_Party/FatFs/src/ff_gen_drv.o
 .comment       0x00000000000000a6       0x6f Middlewares/Third_Party/FatFs/src/drivers/sd_diskio.o
 .comment       0x00000000000000a6       0x6f Middlewares/Third_Party/FatFs/src/option/cc932.o
 .comment       0x00000000000000a6       0x6f Src/bsp_driver_sd.o
 .comment       0x00000000000000a6       0x6f Src/fatfs.o
 .comment       0x00000000000000a6       0x39 Src/main.o
 .comment       0x00000000000000a6       0x39 Src/spi.o
 .comment       0x00000000000000a6       0x6f Src/stm32f4xx_hal_msp.o
 .comment       0x00000000000000a6       0x6f Src/stm32f4xx_it.o
 .comment       0x00000000000000a6       0x39 Src/usart.o
 .comment       0x00000000000000a6       0x39 Src/util.o
 .comment       0x00000000000000a6       0x39 /usr/lib/gcc/arm-none-eabi/4.9.3/armv7e-m/fpu/libgcc.a(bpabi.o)
 .comment       0x00000000000000a6       0x39 /usr/lib/gcc/arm-none-eabi/4.9.3/armv7e-m/fpu/libgcc.a(_divdi3.o)
 .comment       0x00000000000000a6       0x39 /usr/lib/gcc/arm-none-eabi/4.9.3/armv7e-m/fpu/libgcc.a(_udivdi3.o)
 .comment       0x00000000000000a6       0x38 /usr/lib/gcc/arm-none-eabi/4.9.3/../../../arm-none-eabi/lib/armv7e-m/fpu/libc_nano.a(lib_a-atoi.o)
                                         0x39 (size before relaxing)
 .comment       0x00000000000000de       0x39 /usr/lib/gcc/arm-none-eabi/4.9.3/../../../arm-none-eabi/lib/armv7e-m/fpu/libc_nano.a(lib_a-impure.o)
 .comment       0x00000000000000de       0x39 /usr/lib/gcc/arm-none-eabi/4.9.3/../../../arm-none-eabi/lib/armv7e-m/fpu/libc_nano.a(lib_a-init.o)
 .comment       0x00000000000000de       0x39 /usr/lib/gcc/arm-none-eabi/4.9.3/../../../arm-none-eabi/lib/armv7e-m/fpu/libc_nano.a(lib_a-memset.o)
 .comment       0x00000000000000de       0x39 /usr/lib/gcc/arm-none-eabi/4.9.3/../../../arm-none-eabi/lib/armv7e-m/fpu/libc_nano.a(lib_a-sprintf.o)
 .comment       0x00000000000000de       0x39 /usr/lib/gcc/arm-none-eabi/4.9.3/../../../arm-none-eabi/lib/armv7e-m/fpu/libc_nano.a(lib_a-strcat.o)
 .comment       0x00000000000000de       0x39 /usr/lib/gcc/arm-none-eabi/4.9.3/../../../arm-none-eabi/lib/armv7e-m/fpu/libc_nano.a(lib_a-strcpy.o)
 .comment       0x00000000000000de       0x39 /usr/lib/gcc/arm-none-eabi/4.9.3/../../../arm-none-eabi/lib/armv7e-m/fpu/libc_nano.a(lib_a-strlen.o)
 .comment       0x00000000000000de       0x39 /usr/lib/gcc/arm-none-eabi/4.9.3/../../../arm-none-eabi/lib/armv7e-m/fpu/libc_nano.a(lib_a-strtol.o)
 .comment       0x00000000000000de       0x39 /usr/lib/gcc/arm-none-eabi/4.9.3/../../../arm-none-eabi/lib/armv7e-m/fpu/libc_nano.a(lib_a-vsprintf.o)
 .comment       0x00000000000000de       0x39 /usr/lib/gcc/arm-none-eabi/4.9.3/../../../arm-none-eabi/lib/armv7e-m/fpu/libc_nano.a(lib_a-ctype_.o)
 .comment       0x00000000000000de       0x39 /usr/lib/gcc/arm-none-eabi/4.9.3/../../../arm-none-eabi/lib/armv7e-m/fpu/libc_nano.a(lib_a-nano-svfprintf.o)
 .comment       0x00000000000000de       0x39 /usr/lib/gcc/arm-none-eabi/4.9.3/../../../arm-none-eabi/lib/armv7e-m/fpu/libc_nano.a(lib_a-nano-vfprintf_i.o)
 .comment       0x00000000000000de       0x39 /usr/lib/gcc/arm-none-eabi/4.9.3/../../../arm-none-eabi/lib/armv7e-m/fpu/libc_nano.a(lib_a-memchr.o)
 .comment       0x00000000000000de       0x39 /usr/lib/gcc/arm-none-eabi/4.9.3/../../../arm-none-eabi/lib/armv7e-m/fpu/libc_nano.a(lib_a-memcpy.o)
 .comment       0x00000000000000de       0x39 /usr/lib/gcc/arm-none-eabi/4.9.3/../../../arm-none-eabi/lib/armv7e-m/fpu/libc_nano.a(lib_a-memmove.o)
 .comment       0x00000000000000de       0x39 /usr/lib/gcc/arm-none-eabi/4.9.3/../../../arm-none-eabi/lib/armv7e-m/fpu/libc_nano.a(lib_a-nano-freer.o)
 .comment       0x00000000000000de       0x39 /usr/lib/gcc/arm-none-eabi/4.9.3/../../../arm-none-eabi/lib/armv7e-m/fpu/libc_nano.a(lib_a-nano-mallocr.o)
 .comment       0x00000000000000de       0x39 /usr/lib/gcc/arm-none-eabi/4.9.3/../../../arm-none-eabi/lib/armv7e-m/fpu/libc_nano.a(lib_a-nano-reallocr.o)
 .comment       0x00000000000000de       0x39 /usr/lib/gcc/arm-none-eabi/4.9.3/../../../arm-none-eabi/lib/armv7e-m/fpu/libc_nano.a(lib_a-sbrkr.o)
 .comment       0x00000000000000de       0x39 /usr/lib/gcc/arm-none-eabi/4.9.3/../../../arm-none-eabi/lib/armv7e-m/fpu/libc_nano.a(lib_a-nano-msizer.o)
 .comment       0x00000000000000de       0x39 /usr/lib/gcc/arm-none-eabi/4.9.3/../../../arm-none-eabi/lib/armv7e-m/fpu/libc_nano.a(lib_a-reent.o)
 .comment       0x00000000000000de       0x39 /usr/lib/gcc/arm-none-eabi/4.9.3/../../../arm-none-eabi/lib/armv7e-m/fpu/libnosys.a(sbrk.o)
 .comment       0x00000000000000de       0x39 /usr/lib/gcc/arm-none-eabi/4.9.3/armv7e-m/fpu/crtend.o

.debug_line     0x0000000000000000    0x14aca
 .debug_line    0x0000000000000000       0xae Drivers/CMSIS/Device/ST/STM32F4xx/Source/Templates/gcc/startup_stm32f405xx.o
 .debug_line    0x00000000000000ae      0x84a Drivers/CMSIS/Device/ST/STM32F4xx/Source/Templates/system_stm32f4xx.o
 .debug_line    0x00000000000008f8      0x97a Drivers/STM32F4xx_HAL_Driver/Src/stm32f4xx_hal.o
 .debug_line    0x0000000000001272      0xc4b Drivers/STM32F4xx_HAL_Driver/Src/stm32f4xx_hal_adc.o
 .debug_line    0x0000000000001ebd      0x9ee Drivers/STM32F4xx_HAL_Driver/Src/stm32f4xx_hal_cortex.o
 .debug_line    0x00000000000028ab      0xb07 Drivers/STM32F4xx_HAL_Driver/Src/stm32f4xx_hal_dma.o
 .debug_line    0x00000000000033b2      0x9c0 Drivers/STM32F4xx_HAL_Driver/Src/stm32f4xx_hal_gpio.o
 .debug_line    0x0000000000003d72      0xafb Drivers/STM32F4xx_HAL_Driver/Src/stm32f4xx_hal_rcc.o
 .debug_line    0x000000000000486d     0x108e Drivers/STM32F4xx_HAL_Driver/Src/stm32f4xx_hal_sd.o
 .debug_line    0x00000000000058fb      0xfb4 Drivers/STM32F4xx_HAL_Driver/Src/stm32f4xx_hal_spi.o
 .debug_line    0x00000000000068af     0x164d Drivers/STM32F4xx_HAL_Driver/Src/stm32f4xx_hal_tim.o
 .debug_line    0x0000000000007efc      0xbe6 Drivers/STM32F4xx_HAL_Driver/Src/stm32f4xx_hal_tim_ex.o
 .debug_line    0x0000000000008ae2      0xf6d Drivers/STM32F4xx_HAL_Driver/Src/stm32f4xx_hal_uart.o
 .debug_line    0x0000000000009a4f      0x8f5 Drivers/STM32F4xx_HAL_Driver/Src/stm32f4xx_ll_sdmmc.o
 .debug_line    0x000000000000a344      0x8ac Middlewares/Third_Party/FatFs/src/diskio.o
 .debug_line    0x000000000000abf0     0x17ee Middlewares/Third_Party/FatFs/src/ff.o
 .debug_line    0x000000000000c3de      0x8b3 Middlewares/Third_Party/FatFs/src/ff_gen_drv.o
 .debug_line    0x000000000000cc91      0x91b Middlewares/Third_Party/FatFs/src/drivers/sd_diskio.o
 .debug_line    0x000000000000d5ac      0x89c Middlewares/Third_Party/FatFs/src/option/cc932.o
 .debug_line    0x000000000000de48      0x90b Src/bsp_driver_sd.o
 .debug_line    0x000000000000e753      0x8e1 Src/fatfs.o
 .debug_line    0x000000000000f034      0x968 Src/main.o
 .debug_line    0x000000000000f99c      0x7d2 Src/spi.o
 .debug_line    0x000000000001016e      0xa32 Src/stm32f4xx_hal_msp.o
 .debug_line    0x0000000000010ba0      0x8be Src/stm32f4xx_it.o
 .debug_line    0x000000000001145e      0x9b0 Src/usart.o
 .debug_line    0x0000000000011e0e      0x801 Src/util.o
 .debug_line    0x000000000001260f      0x179 /usr/lib/gcc/arm-none-eabi/4.9.3/armv7e-m/fpu/libgcc.a(_arm_addsubdf3.o)
 .debug_line    0x0000000000012788      0x19d /usr/lib/gcc/arm-none-eabi/4.9.3/armv7e-m/fpu/libgcc.a(_arm_muldivdf3.o)
 .debug_line    0x0000000000012925       0x7a /usr/lib/gcc/arm-none-eabi/4.9.3/armv7e-m/fpu/libgcc.a(_arm_fixdfsi.o)
 .debug_line    0x000000000001299f       0x8e /usr/lib/gcc/arm-none-eabi/4.9.3/armv7e-m/fpu/libgcc.a(_arm_truncdfsf2.o)
 .debug_line    0x0000000000012a2d       0x66 /usr/lib/gcc/arm-none-eabi/4.9.3/armv7e-m/fpu/libgcc.a(_aeabi_ldivmod.o)
 .debug_line    0x0000000000012a93       0x65 /usr/lib/gcc/arm-none-eabi/4.9.3/armv7e-m/fpu/libgcc.a(bpabi.o)
 .debug_line    0x0000000000012af8       0x61 /usr/lib/gcc/arm-none-eabi/4.9.3/armv7e-m/fpu/libgcc.a(_dvmd_tls.o)
 .debug_line    0x0000000000012b59       0xe2 /usr/lib/gcc/arm-none-eabi/4.9.3/armv7e-m/fpu/libgcc.a(_divdi3.o)
 .debug_line    0x0000000000012c3b       0xd4 /usr/lib/gcc/arm-none-eabi/4.9.3/armv7e-m/fpu/libgcc.a(_udivdi3.o)
 .debug_line    0x0000000000012d0f      0x16b /usr/lib/gcc/arm-none-eabi/4.9.3/../../../arm-none-eabi/lib/armv7e-m/fpu/libc_nano.a(lib_a-atoi.o)
 .debug_line    0x0000000000012e7a       0xf4 /usr/lib/gcc/arm-none-eabi/4.9.3/../../../arm-none-eabi/lib/armv7e-m/fpu/libc_nano.a(lib_a-impure.o)
 .debug_line    0x0000000000012f6e       0xb9 /usr/lib/gcc/arm-none-eabi/4.9.3/../../../arm-none-eabi/lib/armv7e-m/fpu/libc_nano.a(lib_a-init.o)
 .debug_line    0x0000000000013027       0xf1 /usr/lib/gcc/arm-none-eabi/4.9.3/../../../arm-none-eabi/lib/armv7e-m/fpu/libc_nano.a(lib_a-memset.o)
 .debug_line    0x0000000000013118      0x1b3 /usr/lib/gcc/arm-none-eabi/4.9.3/../../../arm-none-eabi/lib/armv7e-m/fpu/libc_nano.a(lib_a-sprintf.o)
 .debug_line    0x00000000000132cb       0xc0 /usr/lib/gcc/arm-none-eabi/4.9.3/../../../arm-none-eabi/lib/armv7e-m/fpu/libc_nano.a(lib_a-strcat.o)
 .debug_line    0x000000000001338b       0xbf /usr/lib/gcc/arm-none-eabi/4.9.3/../../../arm-none-eabi/lib/armv7e-m/fpu/libc_nano.a(lib_a-strcpy.o)
 .debug_line    0x000000000001344a       0xf8 /usr/lib/gcc/arm-none-eabi/4.9.3/../../../arm-none-eabi/lib/armv7e-m/fpu/libc_nano.a(lib_a-strlen.o)
 .debug_line    0x0000000000013542      0x1e8 /usr/lib/gcc/arm-none-eabi/4.9.3/../../../arm-none-eabi/lib/armv7e-m/fpu/libc_nano.a(lib_a-strtol.o)
 .debug_line    0x000000000001372a      0x19d /usr/lib/gcc/arm-none-eabi/4.9.3/../../../arm-none-eabi/lib/armv7e-m/fpu/libc_nano.a(lib_a-vsprintf.o)
 .debug_line    0x00000000000138c7       0x72 /usr/lib/gcc/arm-none-eabi/4.9.3/../../../arm-none-eabi/lib/armv7e-m/fpu/libc_nano.a(lib_a-ctype_.o)
 .debug_line    0x0000000000013939      0x2d7 /usr/lib/gcc/arm-none-eabi/4.9.3/../../../arm-none-eabi/lib/armv7e-m/fpu/libc_nano.a(lib_a-nano-svfprintf.o)
 .debug_line    0x0000000000013c10      0x300 /usr/lib/gcc/arm-none-eabi/4.9.3/../../../arm-none-eabi/lib/armv7e-m/fpu/libc_nano.a(lib_a-nano-vfprintf_i.o)
 .debug_line    0x0000000000013f10       0xf3 /usr/lib/gcc/arm-none-eabi/4.9.3/../../../arm-none-eabi/lib/armv7e-m/fpu/libc_nano.a(lib_a-memchr.o)
 .debug_line    0x0000000000014003       0xf0 /usr/lib/gcc/arm-none-eabi/4.9.3/../../../arm-none-eabi/lib/armv7e-m/fpu/libc_nano.a(lib_a-memcpy.o)
 .debug_line    0x00000000000140f3       0xfe /usr/lib/gcc/arm-none-eabi/4.9.3/../../../arm-none-eabi/lib/armv7e-m/fpu/libc_nano.a(lib_a-memmove.o)
 .debug_line    0x00000000000141f1      0x14c /usr/lib/gcc/arm-none-eabi/4.9.3/../../../arm-none-eabi/lib/armv7e-m/fpu/libc_nano.a(lib_a-nano-freer.o)
 .debug_line    0x000000000001433d      0x19c /usr/lib/gcc/arm-none-eabi/4.9.3/../../../arm-none-eabi/lib/armv7e-m/fpu/libc_nano.a(lib_a-nano-mallocr.o)
 .debug_line    0x00000000000144d9      0x181 /usr/lib/gcc/arm-none-eabi/4.9.3/../../../arm-none-eabi/lib/armv7e-m/fpu/libc_nano.a(lib_a-nano-reallocr.o)
 .debug_line    0x000000000001465a      0x165 /usr/lib/gcc/arm-none-eabi/4.9.3/../../../arm-none-eabi/lib/armv7e-m/fpu/libc_nano.a(lib_a-sbrkr.o)
 .debug_line    0x00000000000147bf      0x110 /usr/lib/gcc/arm-none-eabi/4.9.3/../../../arm-none-eabi/lib/armv7e-m/fpu/libc_nano.a(lib_a-nano-msizer.o)
 .debug_line    0x00000000000148cf      0x1a0 /usr/lib/gcc/arm-none-eabi/4.9.3/../../../arm-none-eabi/lib/armv7e-m/fpu/libc_nano.a(lib_a-reent.o)
 .debug_line    0x0000000000014a6f       0x5b /usr/lib/gcc/arm-none-eabi/4.9.3/../../../arm-none-eabi/lib/armv7e-m/fpu/libnosys.a(sbrk.o)

.debug_info     0x0000000000000000    0x25351
 .debug_info    0x0000000000000000       0x9a Drivers/CMSIS/Device/ST/STM32F4xx/Source/Templates/gcc/startup_stm32f405xx.o
 .debug_info    0x000000000000009a      0x4b0 Drivers/CMSIS/Device/ST/STM32F4xx/Source/Templates/system_stm32f4xx.o
 .debug_info    0x000000000000054a      0x8ce Drivers/STM32F4xx_HAL_Driver/Src/stm32f4xx_hal.o
 .debug_info    0x0000000000000e18      0xcc2 Drivers/STM32F4xx_HAL_Driver/Src/stm32f4xx_hal_adc.o
 .debug_info    0x0000000000001ada      0xe58 Drivers/STM32F4xx_HAL_Driver/Src/stm32f4xx_hal_cortex.o
 .debug_info    0x0000000000002932      0xa27 Drivers/STM32F4xx_HAL_Driver/Src/stm32f4xx_hal_dma.o
 .debug_info    0x0000000000003359      0x721 Drivers/STM32F4xx_HAL_Driver/Src/stm32f4xx_hal_gpio.o
 .debug_info    0x0000000000003a7a      0xc82 Drivers/STM32F4xx_HAL_Driver/Src/stm32f4xx_hal_rcc.o
 .debug_info    0x00000000000046fc     0x2814 Drivers/STM32F4xx_HAL_Driver/Src/stm32f4xx_hal_sd.o
 .debug_info    0x0000000000006f10     0x183c Drivers/STM32F4xx_HAL_Driver/Src/stm32f4xx_hal_spi.o
 .debug_info    0x000000000000874c     0x2eaa Drivers/STM32F4xx_HAL_Driver/Src/stm32f4xx_hal_tim.o
 .debug_info    0x000000000000b5f6      0xf6f Drivers/STM32F4xx_HAL_Driver/Src/stm32f4xx_hal_tim_ex.o
 .debug_info    0x000000000000c565     0x1295 Drivers/STM32F4xx_HAL_Driver/Src/stm32f4xx_hal_uart.o
 .debug_info    0x000000000000d7fa      0x5f6 Drivers/STM32F4xx_HAL_Driver/Src/stm32f4xx_ll_sdmmc.o
 .debug_info    0x000000000000ddf0      0x452 Middlewares/Third_Party/FatFs/src/diskio.o
 .debug_info    0x000000000000e242     0x4051 Middlewares/Third_Party/FatFs/src/ff.o
 .debug_info    0x0000000000012293      0x4b3 Middlewares/Third_Party/FatFs/src/ff_gen_drv.o
 .debug_info    0x0000000000012746      0x7bc Middlewares/Third_Party/FatFs/src/drivers/sd_diskio.o
 .debug_info    0x0000000000012f02      0x225 Middlewares/Third_Party/FatFs/src/option/cc932.o
 .debug_info    0x0000000000013127      0xedc Src/bsp_driver_sd.o
 .debug_info    0x0000000000014003      0x29f Src/fatfs.o
 .debug_info    0x00000000000142a2     0x2c4d Src/main.o
 .debug_info    0x0000000000016eef     0x1175 Src/spi.o
 .debug_info    0x0000000000018064     0x1b2a Src/stm32f4xx_hal_msp.o
 .debug_info    0x0000000000019b8e      0xca5 Src/stm32f4xx_it.o
 .debug_info    0x000000000001a833      0xdbd Src/usart.o
 .debug_info    0x000000000001b5f0      0xf8d Src/util.o
 .debug_info    0x000000000001c57d       0xc2 /usr/lib/gcc/arm-none-eabi/4.9.3/armv7e-m/fpu/libgcc.a(_arm_addsubdf3.o)
 .debug_info    0x000000000001c63f       0xc2 /usr/lib/gcc/arm-none-eabi/4.9.3/armv7e-m/fpu/libgcc.a(_arm_muldivdf3.o)
 .debug_info    0x000000000001c701       0xc2 /usr/lib/gcc/arm-none-eabi/4.9.3/armv7e-m/fpu/libgcc.a(_arm_fixdfsi.o)
 .debug_info    0x000000000001c7c3       0xc2 /usr/lib/gcc/arm-none-eabi/4.9.3/armv7e-m/fpu/libgcc.a(_arm_truncdfsf2.o)
 .debug_info    0x000000000001c885       0xbd /usr/lib/gcc/arm-none-eabi/4.9.3/armv7e-m/fpu/libgcc.a(_aeabi_ldivmod.o)
 .debug_info    0x000000000001c942      0x164 /usr/lib/gcc/arm-none-eabi/4.9.3/armv7e-m/fpu/libgcc.a(bpabi.o)
 .debug_info    0x000000000001caa6       0xc1 /usr/lib/gcc/arm-none-eabi/4.9.3/armv7e-m/fpu/libgcc.a(_dvmd_tls.o)
 .debug_info    0x000000000001cb67      0x5bc /usr/lib/gcc/arm-none-eabi/4.9.3/armv7e-m/fpu/libgcc.a(_divdi3.o)
 .debug_info    0x000000000001d123      0x57c /usr/lib/gcc/arm-none-eabi/4.9.3/armv7e-m/fpu/libgcc.a(_udivdi3.o)
 .debug_info    0x000000000001d69f      0x7ed /usr/lib/gcc/arm-none-eabi/4.9.3/../../../arm-none-eabi/lib/armv7e-m/fpu/libc_nano.a(lib_a-atoi.o)
 .debug_info    0x000000000001de8c      0x7d3 /usr/lib/gcc/arm-none-eabi/4.9.3/../../../arm-none-eabi/lib/armv7e-m/fpu/libc_nano.a(lib_a-impure.o)
 .debug_info    0x000000000001e65f      0x105 /usr/lib/gcc/arm-none-eabi/4.9.3/../../../arm-none-eabi/lib/armv7e-m/fpu/libc_nano.a(lib_a-init.o)
 .debug_info    0x000000000001e764       0xd3 /usr/lib/gcc/arm-none-eabi/4.9.3/../../../arm-none-eabi/lib/armv7e-m/fpu/libc_nano.a(lib_a-memset.o)
 .debug_info    0x000000000001e837      0x89a /usr/lib/gcc/arm-none-eabi/4.9.3/../../../arm-none-eabi/lib/armv7e-m/fpu/libc_nano.a(lib_a-sprintf.o)
 .debug_info    0x000000000001f0d1       0xc8 /usr/lib/gcc/arm-none-eabi/4.9.3/../../../arm-none-eabi/lib/armv7e-m/fpu/libc_nano.a(lib_a-strcat.o)
 .debug_info    0x000000000001f199       0xbd /usr/lib/gcc/arm-none-eabi/4.9.3/../../../arm-none-eabi/lib/armv7e-m/fpu/libc_nano.a(lib_a-strcpy.o)
 .debug_info    0x000000000001f256       0xcd /usr/lib/gcc/arm-none-eabi/4.9.3/../../../arm-none-eabi/lib/armv7e-m/fpu/libc_nano.a(lib_a-strlen.o)
 .debug_info    0x000000000001f323      0x853 /usr/lib/gcc/arm-none-eabi/4.9.3/../../../arm-none-eabi/lib/armv7e-m/fpu/libc_nano.a(lib_a-strtol.o)
 .debug_info    0x000000000001fb76      0x868 /usr/lib/gcc/arm-none-eabi/4.9.3/../../../arm-none-eabi/lib/armv7e-m/fpu/libc_nano.a(lib_a-vsprintf.o)
 .debug_info    0x00000000000203de       0x6f /usr/lib/gcc/arm-none-eabi/4.9.3/../../../arm-none-eabi/lib/armv7e-m/fpu/libc_nano.a(lib_a-ctype_.o)
 .debug_info    0x000000000002044d      0xdf4 /usr/lib/gcc/arm-none-eabi/4.9.3/../../../arm-none-eabi/lib/armv7e-m/fpu/libc_nano.a(lib_a-nano-svfprintf.o)
 .debug_info    0x0000000000021241      0xb5b /usr/lib/gcc/arm-none-eabi/4.9.3/../../../arm-none-eabi/lib/armv7e-m/fpu/libc_nano.a(lib_a-nano-vfprintf_i.o)
 .debug_info    0x0000000000021d9c       0xf8 /usr/lib/gcc/arm-none-eabi/4.9.3/../../../arm-none-eabi/lib/armv7e-m/fpu/libc_nano.a(lib_a-memchr.o)
 .debug_info    0x0000000000021e94      0x104 /usr/lib/gcc/arm-none-eabi/4.9.3/../../../arm-none-eabi/lib/armv7e-m/fpu/libc_nano.a(lib_a-memcpy.o)
 .debug_info    0x0000000000021f98      0x102 /usr/lib/gcc/arm-none-eabi/4.9.3/../../../arm-none-eabi/lib/armv7e-m/fpu/libc_nano.a(lib_a-memmove.o)
 .debug_info    0x000000000002209a      0x81a /usr/lib/gcc/arm-none-eabi/4.9.3/../../../arm-none-eabi/lib/armv7e-m/fpu/libc_nano.a(lib_a-nano-freer.o)
 .debug_info    0x00000000000228b4      0x8fb /usr/lib/gcc/arm-none-eabi/4.9.3/../../../arm-none-eabi/lib/armv7e-m/fpu/libc_nano.a(lib_a-nano-mallocr.o)
 .debug_info    0x00000000000231af      0x8b5 /usr/lib/gcc/arm-none-eabi/4.9.3/../../../arm-none-eabi/lib/armv7e-m/fpu/libc_nano.a(lib_a-nano-reallocr.o)
 .debug_info    0x0000000000023a64      0x7a0 /usr/lib/gcc/arm-none-eabi/4.9.3/../../../arm-none-eabi/lib/armv7e-m/fpu/libc_nano.a(lib_a-sbrkr.o)
 .debug_info    0x0000000000024204      0x7b9 /usr/lib/gcc/arm-none-eabi/4.9.3/../../../arm-none-eabi/lib/armv7e-m/fpu/libc_nano.a(lib_a-nano-msizer.o)