Archive member included to satisfy reference by file (symbol)

/usr/lib/gcc/arm-none-eabi/4.9.3/armv7e-m/fpu/libgcc.a(_arm_addsubdf3.o)
                              Src/spi.o (__aeabi_dadd)
/usr/lib/gcc/arm-none-eabi/4.9.3/armv7e-m/fpu/libgcc.a(_arm_muldivdf3.o)
                              Src/main.o (__aeabi_dmul)
/usr/lib/gcc/arm-none-eabi/4.9.3/armv7e-m/fpu/libgcc.a(_arm_fixdfsi.o)
                              Src/spi.o (__aeabi_d2iz)
/usr/lib/gcc/arm-none-eabi/4.9.3/armv7e-m/fpu/libgcc.a(_arm_truncdfsf2.o)
                              Src/main.o (__aeabi_d2f)
/usr/lib/gcc/arm-none-eabi/4.9.3/armv7e-m/fpu/libgcc.a(_aeabi_ldivmod.o)
                              Src/spi.o (__aeabi_ldivmod)
/usr/lib/gcc/arm-none-eabi/4.9.3/armv7e-m/fpu/libgcc.a(bpabi.o)
                              /usr/lib/gcc/arm-none-eabi/4.9.3/armv7e-m/fpu/libgcc.a(_aeabi_ldivmod.o) (__gnu_ldivmod_helper)
/usr/lib/gcc/arm-none-eabi/4.9.3/armv7e-m/fpu/libgcc.a(_dvmd_tls.o)
                              /usr/lib/gcc/arm-none-eabi/4.9.3/armv7e-m/fpu/libgcc.a(_aeabi_ldivmod.o) (__aeabi_ldiv0)
/usr/lib/gcc/arm-none-eabi/4.9.3/armv7e-m/fpu/libgcc.a(_divdi3.o)
                              /usr/lib/gcc/arm-none-eabi/4.9.3/armv7e-m/fpu/libgcc.a(bpabi.o) (__divdi3)
/usr/lib/gcc/arm-none-eabi/4.9.3/armv7e-m/fpu/libgcc.a(_udivdi3.o)
                              /usr/lib/gcc/arm-none-eabi/4.9.3/armv7e-m/fpu/libgcc.a(bpabi.o) (__udivdi3)
/usr/lib/gcc/arm-none-eabi/4.9.3/../../../arm-none-eabi/lib/armv7e-m/fpu/libc_nano.a(lib_a-atexit.o)
                              /usr/lib/gcc/arm-none-eabi/4.9.3/../../../arm-none-eabi/lib/armv7e-m/fpu/crt0.o (atexit)
/usr/lib/gcc/arm-none-eabi/4.9.3/../../../arm-none-eabi/lib/armv7e-m/fpu/libc_nano.a(lib_a-atoi.o)
                              Src/usart.o (atoi)
/usr/lib/gcc/arm-none-eabi/4.9.3/../../../arm-none-eabi/lib/armv7e-m/fpu/libc_nano.a(lib_a-exit.o)
                              /usr/lib/gcc/arm-none-eabi/4.9.3/../../../arm-none-eabi/lib/armv7e-m/fpu/crt0.o (exit)
/usr/lib/gcc/arm-none-eabi/4.9.3/../../../arm-none-eabi/lib/armv7e-m/fpu/libc_nano.a(lib_a-fini.o)
                              /usr/lib/gcc/arm-none-eabi/4.9.3/../../../arm-none-eabi/lib/armv7e-m/fpu/crt0.o (__libc_fini_array)
/usr/lib/gcc/arm-none-eabi/4.9.3/../../../arm-none-eabi/lib/armv7e-m/fpu/libc_nano.a(lib_a-impure.o)
                              /usr/lib/gcc/arm-none-eabi/4.9.3/../../../arm-none-eabi/lib/armv7e-m/fpu/libc_nano.a(lib_a-exit.o) (_global_impure_ptr)
/usr/lib/gcc/arm-none-eabi/4.9.3/../../../arm-none-eabi/lib/armv7e-m/fpu/libc_nano.a(lib_a-init.o)
                              /usr/lib/gcc/arm-none-eabi/4.9.3/../../../arm-none-eabi/lib/armv7e-m/fpu/crt0.o (__libc_init_array)
/usr/lib/gcc/arm-none-eabi/4.9.3/../../../arm-none-eabi/lib/armv7e-m/fpu/libc_nano.a(lib_a-memset.o)
                              /usr/lib/gcc/arm-none-eabi/4.9.3/../../../arm-none-eabi/lib/armv7e-m/fpu/crt0.o (memset)
/usr/lib/gcc/arm-none-eabi/4.9.3/../../../arm-none-eabi/lib/armv7e-m/fpu/libc_nano.a(lib_a-sprintf.o)
                              Src/usart.o (sprintf)
/usr/lib/gcc/arm-none-eabi/4.9.3/../../../arm-none-eabi/lib/armv7e-m/fpu/libc_nano.a(lib_a-strcat.o)
                              Src/usart.o (strcat)
/usr/lib/gcc/arm-none-eabi/4.9.3/../../../arm-none-eabi/lib/armv7e-m/fpu/libc_nano.a(lib_a-strcpy.o)
                              Src/usart.o (strcpy)
/usr/lib/gcc/arm-none-eabi/4.9.3/../../../arm-none-eabi/lib/armv7e-m/fpu/libc_nano.a(lib_a-strlen.o)
                              Src/main.o (strlen)
/usr/lib/gcc/arm-none-eabi/4.9.3/../../../arm-none-eabi/lib/armv7e-m/fpu/libc_nano.a(lib_a-strtol.o)
                              /usr/lib/gcc/arm-none-eabi/4.9.3/../../../arm-none-eabi/lib/armv7e-m/fpu/libc_nano.a(lib_a-atoi.o) (_strtol_r)
/usr/lib/gcc/arm-none-eabi/4.9.3/../../../arm-none-eabi/lib/armv7e-m/fpu/libc_nano.a(lib_a-vsprintf.o)
                              Src/main.o (vsprintf)
/usr/lib/gcc/arm-none-eabi/4.9.3/../../../arm-none-eabi/lib/armv7e-m/fpu/libc_nano.a(lib_a-__atexit.o)
                              /usr/lib/gcc/arm-none-eabi/4.9.3/../../../arm-none-eabi/lib/armv7e-m/fpu/libc_nano.a(lib_a-atexit.o) (__register_exitproc)
/usr/lib/gcc/arm-none-eabi/4.9.3/../../../arm-none-eabi/lib/armv7e-m/fpu/libc_nano.a(lib_a-__call_atexit.o)
                              /usr/lib/gcc/arm-none-eabi/4.9.3/../../../arm-none-eabi/lib/armv7e-m/fpu/libc_nano.a(lib_a-__atexit.o) (__call_exitprocs)
/usr/lib/gcc/arm-none-eabi/4.9.3/../../../arm-none-eabi/lib/armv7e-m/fpu/libc_nano.a(lib_a-ctype_.o)
                              /usr/lib/gcc/arm-none-eabi/4.9.3/../../../arm-none-eabi/lib/armv7e-m/fpu/libc_nano.a(lib_a-strtol.o) (__ctype_ptr__)
/usr/lib/gcc/arm-none-eabi/4.9.3/../../../arm-none-eabi/lib/armv7e-m/fpu/libc_nano.a(lib_a-nano-svfprintf.o)
                              /usr/lib/gcc/arm-none-eabi/4.9.3/../../../arm-none-eabi/lib/armv7e-m/fpu/libc_nano.a(lib_a-sprintf.o) (_svfprintf_r)
[...]
Memory Configuration

Name             Origin             Length             Attributes
RAM              0x0000000020000000 0x0000000000020000 xrw
CCMRAM           0x0000000010000000 0x0000000000010000 rw
FLASH            0x0000000008000000 0x0000000000100000 xr
*default*        0x0000000000000000 0xffffffffffffffff

Linker script and memory map

LOAD /usr/lib/gcc/arm-none-eabi/4.9.3/armv7e-m/fpu/crti.o
LOAD /usr/lib/gcc/arm-none-eabi/4.9.3/armv7e-m/fpu/crtbegin.o
LOAD /usr/lib/gcc/arm-none-eabi/4.9.3/../../../arm-none-eabi/lib/armv7e-m/fpu/crt0.o
LOAD /usr/lib/gcc/arm-none-eabi/4.9.3/../../../arm-none-eabi/lib/armv7e-m/fpu/libm.a
LOAD Drivers/CMSIS/Device/ST/STM32F4xx/Source/Templates/gcc/startup_stm32f405xx.o
LOAD Drivers/CMSIS/Device/ST/STM32F4xx/Source/Templates/system_stm32f4xx.o
LOAD Drivers/STM32F4xx_HAL_Driver/Src/stm32f4xx_hal.o
LOAD Drivers/STM32F4xx_HAL_Driver/Src/stm32f4xx_hal_adc.o
LOAD Drivers/STM32F4xx_HAL_Driver/Src/stm32f4xx_hal_adc_ex.o
LOAD Drivers/STM32F4xx_HAL_Driver/Src/stm32f4xx_hal_cortex.o
LOAD Drivers/STM32F4xx_HAL_Driver/Src/stm32f4xx_hal_dma.o
LOAD Drivers/STM32F4xx_HAL_Driver/Src/stm32f4xx_hal_dma_ex.o
LOAD Drivers/STM32F4xx_HAL_Driver/Src/stm32f4xx_hal_flash.o
LOAD Drivers/STM32F4xx_HAL_Driver/Src/stm32f4xx_hal_flash_ex.o
LOAD Drivers/STM32F4xx_HAL_Driver/Src/stm32f4xx_hal_flash_ramfunc.o
LOAD Drivers/STM32F4xx_HAL_Driver/Src/stm32f4xx_hal_gpio.o
LOAD Drivers/STM32F4xx_HAL_Driver/Src/stm32f4xx_hal_pwr.o
LOAD Drivers/STM32F4xx_HAL_Driver/Src/stm32f4xx_hal_pwr_ex.o
LOAD Drivers/STM32F4xx_HAL_Driver/Src/stm32f4xx_hal_rcc.o
LOAD Drivers/STM32F4xx_HAL_Driver/Src/stm32f4xx_hal_rcc_ex.o
LOAD Drivers/STM32F4xx_HAL_Driver/Src/stm32f4xx_hal_rng.o
LOAD Drivers/STM32F4xx_HAL_Driver/Src/stm32f4xx_hal_sd.o
LOAD Drivers/STM32F4xx_HAL_Driver/Src/stm32f4xx_hal_spi.o
LOAD Drivers/STM32F4xx_HAL_Driver/Src/stm32f4xx_hal_tim.o
LOAD Drivers/STM32F4xx_HAL_Driver/Src/stm32f4xx_hal_tim_ex.o
LOAD Drivers/STM32F4xx_HAL_Driver/Src/stm32f4xx_hal_uart.o
LOAD Drivers/STM32F4xx_HAL_Driver/Src/stm32f4xx_ll_sdmmc.o
LOAD Middlewares/Third_Party/FatFs/src/diskio.o
LOAD Middlewares/Third_Party/FatFs/src/ff.o
LOAD Middlewares/Third_Party/FatFs/src/ff_gen_drv.o
LOAD Middlewares/Third_Party/FatFs/src/drivers/sd_diskio.o
LOAD Middlewares/Third_Party/FatFs/src/option/syscall.o
LOAD Src/bsp_driver_sd.o
LOAD Src/fatfs.o
LOAD Src/main.o
LOAD Src/spi.o
LOAD Src/stm32f4xx_hal_msp.o
LOAD Src/stm32f4xx_it.o
LOAD Src/usart.o
START GROUP
LOAD /usr/lib/gcc/arm-none-eabi/4.9.3/armv7e-m/fpu/libgcc.a
LOAD /usr/lib/gcc/arm-none-eabi/4.9.3/../../../arm-none-eabi/lib/armv7e-m/fpu/libc_nano.a
END GROUP
START GROUP
LOAD /usr/lib/gcc/arm-none-eabi/4.9.3/armv7e-m/fpu/libgcc.a
LOAD /usr/lib/gcc/arm-none-eabi/4.9.3/../../../arm-none-eabi/lib/armv7e-m/fpu/libc_nano.a
LOAD /usr/lib/gcc/arm-none-eabi/4.9.3/../../../arm-none-eabi/lib/armv7e-m/fpu/libnosys.a
END GROUP
START GROUP
LOAD /usr/lib/gcc/arm-none-eabi/4.9.3/armv7e-m/fpu/libgcc.a
LOAD /usr/lib/gcc/arm-none-eabi/4.9.3/../../../arm-none-eabi/lib/armv7e-m/fpu/libc_nano.a
LOAD /usr/lib/gcc/arm-none-eabi/4.9.3/../../../arm-none-eabi/lib/armv7e-m/fpu/libnosys.a
END GROUP
LOAD /usr/lib/gcc/arm-none-eabi/4.9.3/armv7e-m/fpu/crtend.o
LOAD /usr/lib/gcc/arm-none-eabi/4.9.3/armv7e-m/fpu/crtn.o
                0x0000000020020000                _estack = 0x20020000
                0x0000000000000200                _Min_Heap_Size = 0x200
                0x0000000000000400                _Min_Stack_Size = 0x400

.isr_vector     0x0000000008000000      0x188
                0x0000000008000000                . = ALIGN (0x4)
 *(.isr_vector)
 .isr_vector    0x0000000008000000      0x188 Drivers/CMSIS/Device/ST/STM32F4xx/Source/Templates/gcc/startup_stm32f405xx.o
                0x0000000008000000                g_pfnVectors
                0x0000000008000188                . = ALIGN (0x4)

.text           0x0000000008000188     0x7d70
                0x0000000008000188                . = ALIGN (0x4)
 *(.text)
 .text          0x0000000008000188       0xa4 /usr/lib/gcc/arm-none-eabi/4.9.3/armv7e-m/fpu/crtbegin.o
 .text          0x000000000800022c      0x370 /usr/lib/gcc/arm-none-eabi/4.9.3/armv7e-m/fpu/libgcc.a(_arm_addsubdf3.o)
                0x000000000800022c                __aeabi_drsub
                0x0000000008000234                __aeabi_dsub
                0x0000000008000234                __subdf3
                0x0000000008000238                __adddf3
                0x0000000008000238                __aeabi_dadd
                0x00000000080004b0                __aeabi_ui2d
                0x00000000080004b0                __floatunsidf
                0x00000000080004d0                __floatsidf
                0x00000000080004d0                __aeabi_i2d
                0x00000000080004f4                __extendsfdf2
                0x00000000080004f4                __aeabi_f2d
                0x0000000008000530                __aeabi_ul2d
                0x0000000008000530                __floatundidf
                0x0000000008000540                __floatdidf
                0x0000000008000540                __aeabi_l2d
 .text          0x000000000800059c      0x424 /usr/lib/gcc/arm-none-eabi/4.9.3/armv7e-m/fpu/libgcc.a(_arm_muldivdf3.o)
                0x000000000800059c                __aeabi_dmul
                0x000000000800059c                __muldf3
                0x00000000080007f0                __aeabi_ddiv
                0x00000000080007f0                __divdf3
 .text          0x00000000080009c0       0x50 /usr/lib/gcc/arm-none-eabi/4.9.3/armv7e-m/fpu/libgcc.a(_arm_fixdfsi.o)
                0x00000000080009c0                __fixdfsi
                0x00000000080009c0                __aeabi_d2iz
 .text          0x0000000008000a10       0xa0 /usr/lib/gcc/arm-none-eabi/4.9.3/armv7e-m/fpu/libgcc.a(_arm_truncdfsf2.o)
                0x0000000008000a10                __aeabi_d2f
                0x0000000008000a10                __truncdfsf2
 .text          0x0000000008000ab0       0x38 /usr/lib/gcc/arm-none-eabi/4.9.3/armv7e-m/fpu/libgcc.a(_aeabi_ldivmod.o)
                0x0000000008000ab0                __aeabi_ldivmod
 .text          0x0000000008000ae8       0x60 /usr/lib/gcc/arm-none-eabi/4.9.3/armv7e-m/fpu/libgcc.a(bpabi.o)
                0x0000000008000ae8                __gnu_ldivmod_helper
                0x0000000008000b18                __gnu_uldivmod_helper
 .text          0x0000000008000b48        0x4 /usr/lib/gcc/arm-none-eabi/4.9.3/armv7e-m/fpu/libgcc.a(_dvmd_tls.o)
                0x0000000008000b48                __aeabi_ldiv0
                0x0000000008000b48                __aeabi_idiv0
 .text          0x0000000008000b4c      0x29c /usr/lib/gcc/arm-none-eabi/4.9.3/armv7e-m/fpu/libgcc.a(_divdi3.o)
                0x0000000008000b4c                __divdi3
 .text          0x0000000008000de8      0x26c /usr/lib/gcc/arm-none-eabi/4.9.3/armv7e-m/fpu/libgcc.a(_udivdi3.o)
                0x0000000008000de8                __udivdi3
 *(.text*)
 .text.Reset_Handler
                0x0000000008001054       0x50 Drivers/CMSIS/Device/ST/STM32F4xx/Source/Templates/gcc/startup_stm32f405xx.o
                0x0000000008001054                Reset_Handler
 .text.Default_Handler
                0x00000000080010a4        0x2 Drivers/CMSIS/Device/ST/STM32F4xx/Source/Templates/gcc/startup_stm32f405xx.o
                0x00000000080010a4                RTC_Alarm_IRQHandler
                0x00000000080010a4                HASH_RNG_IRQHandler
                0x00000000080010a4                EXTI2_IRQHandler
                0x00000000080010a4                TIM8_CC_IRQHandler
                0x00000000080010a4                TIM1_CC_IRQHandler
                0x00000000080010a4                DMA2_Stream5_IRQHandler
                0x00000000080010a4                DMA1_Stream5_IRQHandler
                0x00000000080010a4                PVD_IRQHandler
                0x00000000080010a4                SDIO_IRQHandler
                0x00000000080010a4                TAMP_STAMP_IRQHandler
                0x00000000080010a4                CAN2_RX1_IRQHandler
                0x00000000080010a4                EXTI3_IRQHandler
                0x00000000080010a4                TIM8_TRG_COM_TIM14_IRQHandler
                0x00000000080010a4                TIM1_UP_TIM10_IRQHandler
                0x00000000080010a4                TIM8_UP_TIM13_IRQHandler
                0x00000000080010a4                I2C3_ER_IRQHandler
                0x00000000080010a4                EXTI0_IRQHandler
                0x00000000080010a4                I2C2_EV_IRQHandler
                0x00000000080010a4                DMA1_Stream2_IRQHandler
                0x00000000080010a4                CAN1_RX0_IRQHandler
                0x00000000080010a4                FPU_IRQHandler
                0x00000000080010a4                OTG_HS_WKUP_IRQHandler
                0x00000000080010a4                CAN2_SCE_IRQHandler
                0x00000000080010a4                DMA2_Stream2_IRQHandler
                0x00000000080010a4                SPI1_IRQHandler
                0x00000000080010a4                TIM6_DAC_IRQHandler
                0x00000000080010a4                CAN2_RX0_IRQHandler
                0x00000000080010a4                DMA2_Stream3_IRQHandler
                0x00000000080010a4                USART6_IRQHandler
                0x00000000080010a4                CAN1_RX1_IRQHandler
                0x00000000080010a4                UART5_IRQHandler
                0x00000000080010a4                TIM4_IRQHandler
                0x00000000080010a4                I2C1_EV_IRQHandler
                0x00000000080010a4                DMA1_Stream6_IRQHandler
                0x00000000080010a4                DMA1_Stream1_IRQHandler
                0x00000000080010a4                UART4_IRQHandler
                0x00000000080010a4                TIM3_IRQHandler
                0x00000000080010a4                RCC_IRQHandler
                0x00000000080010a4                TIM8_BRK_TIM12_IRQHandler
                0x00000000080010a4                Default_Handler
                0x00000000080010a4                EXTI15_10_IRQHandler
                0x00000000080010a4                ADC_IRQHandler
                0x00000000080010a4                DMA1_Stream7_IRQHandler
                0x00000000080010a4                TIM7_IRQHandler
                0x00000000080010a4                CAN2_TX_IRQHandler
                0x00000000080010a4                TIM5_IRQHandler
                0x00000000080010a4                DMA2_Stream7_IRQHandler
                0x00000000080010a4                I2C3_EV_IRQHandler
                0x00000000080010a4                EXTI9_5_IRQHandler
                0x00000000080010a4                RTC_WKUP_IRQHandler
                0x00000000080010a4                OTG_HS_EP1_IN_IRQHandler
                0x00000000080010a4                DMA1_Stream0_IRQHandler
                0x00000000080010a4                CAN1_TX_IRQHandler
                0x00000000080010a4                EXTI4_IRQHandler
                0x00000000080010a4                FSMC_IRQHandler
                0x00000000080010a4                OTG_HS_EP1_OUT_IRQHandler
                0x00000000080010a4                WWDG_IRQHandler
                0x00000000080010a4                TIM2_IRQHandler
                0x00000000080010a4                OTG_FS_WKUP_IRQHandler
                0x00000000080010a4                TIM1_TRG_COM_TIM11_IRQHandler
                0x00000000080010a4                OTG_HS_IRQHandler
                0x00000000080010a4                EXTI1_IRQHandler
                0x00000000080010a4                I2C2_ER_IRQHandler
                0x00000000080010a4                DMA2_Stream1_IRQHandler
                0x00000000080010a4                CAN1_SCE_IRQHandler
                0x00000000080010a4                FLASH_IRQHandler
                0x00000000080010a4                DMA2_Stream4_IRQHandler
                0x00000000080010a4                OTG_FS_IRQHandler
                0x00000000080010a4                SPI3_IRQHandler
                0x00000000080010a4                DMA1_Stream4_IRQHandler
                0x00000000080010a4                I2C1_ER_IRQHandler
                0x00000000080010a4                DMA2_Stream6_IRQHandler
                0x00000000080010a4                DMA1_Stream3_IRQHandler
 *fill*         0x00000000080010a6        0x2 
 .text.SystemInit
                0x00000000080010a8       0x4c Drivers/CMSIS/Device/ST/STM32F4xx/Source/Templates/system_stm32f4xx.o
                0x00000000080010a8                SystemInit
 .text.HAL_InitTick
                0x00000000080010f4       0x28 Drivers/STM32F4xx_HAL_Driver/Src/stm32f4xx_hal.o
                0x00000000080010f4                HAL_InitTick
 .text.HAL_Init
                0x000000000800111c       0x34 Drivers/STM32F4xx_HAL_Driver/Src/stm32f4xx_hal.o
                0x000000000800111c                HAL_Init
 .text.HAL_IncTick
                0x0000000008001150       0x10 Drivers/STM32F4xx_HAL_Driver/Src/stm32f4xx_hal.o
                0x0000000008001150                HAL_IncTick
 .text.HAL_GetTick
                0x0000000008001160        0xc Drivers/STM32F4xx_HAL_Driver/Src/stm32f4xx_hal.o
                0x0000000008001160                HAL_GetTick
 .text.HAL_Delay
                0x000000000800116c       0x1a Drivers/STM32F4xx_HAL_Driver/Src/stm32f4xx_hal.o
                0x000000000800116c                HAL_Delay
 *fill*         0x0000000008001186        0x2 
 .text.HAL_ADC_Init
                0x0000000008001188      0x154 Drivers/STM32F4xx_HAL_Driver/Src/stm32f4xx_hal_adc.o
                0x0000000008001188                HAL_ADC_Init
 .text.HAL_ADC_Start
                0x00000000080012dc       0xc0 Drivers/STM32F4xx_HAL_Driver/Src/stm32f4xx_hal_adc.o
                0x00000000080012dc                HAL_ADC_Start
 .text.HAL_ADC_Start_DMA
                0x000000000800139c      0x100 Drivers/STM32F4xx_HAL_Driver/Src/stm32f4xx_hal_adc.o
                0x000000000800139c                HAL_ADC_Start_DMA
 .text.HAL_ADC_GetValue
                0x000000000800149c        0x6 Drivers/STM32F4xx_HAL_Driver/Src/stm32f4xx_hal_adc.o
                0x000000000800149c                HAL_ADC_GetValue
 .text.ADC_DMAConvCplt
                0x00000000080014a2       0x60 Drivers/STM32F4xx_HAL_Driver/Src/stm32f4xx_hal_adc.o
 .text.HAL_ADC_ConvHalfCpltCallback
                0x0000000008001502        0x2 Drivers/STM32F4xx_HAL_Driver/Src/stm32f4xx_hal_adc.o
                0x0000000008001502                HAL_ADC_ConvHalfCpltCallback
 .text.ADC_DMAHalfConvCplt
                0x0000000008001504        0xa Drivers/STM32F4xx_HAL_Driver/Src/stm32f4xx_hal_adc.o
 .text.HAL_ADC_ErrorCallback
                0x000000000800150e        0x2 Drivers/STM32F4xx_HAL_Driver/Src/stm32f4xx_hal_adc.o
                0x000000000800150e                HAL_ADC_ErrorCallback
 .text.ADC_DMAError
                0x0000000008001510       0x16 Drivers/STM32F4xx_HAL_Driver/Src/stm32f4xx_hal_adc.o
 *fill*         0x0000000008001526        0x2 
 .text.HAL_ADC_ConfigChannel
                0x0000000008001528      0x12c Drivers/STM32F4xx_HAL_Driver/Src/stm32f4xx_hal_adc.o
                0x0000000008001528                HAL_ADC_ConfigChannel
 .text.HAL_NVIC_SetPriorityGrouping
                0x0000000008001654       0x24 Drivers/STM32F4xx_HAL_Driver/Src/stm32f4xx_hal_cortex.o
                0x0000000008001654                HAL_NVIC_SetPriorityGrouping
 .text.HAL_NVIC_SetPriority
                0x0000000008001678       0x68 Drivers/STM32F4xx_HAL_Driver/Src/stm32f4xx_hal_cortex.o
                0x0000000008001678                HAL_NVIC_SetPriority
 .text.HAL_NVIC_EnableIRQ
                0x00000000080016e0       0x18 Drivers/STM32F4xx_HAL_Driver/Src/stm32f4xx_hal_cortex.o
                0x00000000080016e0                HAL_NVIC_EnableIRQ
 .text.HAL_SYSTICK_Config
                0x00000000080016f8       0x2c Drivers/STM32F4xx_HAL_Driver/Src/stm32f4xx_hal_cortex.o
                0x00000000080016f8                HAL_SYSTICK_Config
 .text.HAL_SYSTICK_CLKSourceConfig
                0x0000000008001724       0x18 Drivers/STM32F4xx_HAL_Driver/Src/stm32f4xx_hal_cortex.o
                0x0000000008001724                HAL_SYSTICK_CLKSourceConfig
 .text.HAL_SYSTICK_Callback
                0x000000000800173c        0x2 Drivers/STM32F4xx_HAL_Driver/Src/stm32f4xx_hal_cortex.o
                0x000000000800173c                HAL_SYSTICK_Callback
 .text.HAL_SYSTICK_IRQHandler
                0x000000000800173e        0x8 Drivers/STM32F4xx_HAL_Driver/Src/stm32f4xx_hal_cortex.o
                0x000000000800173e                HAL_SYSTICK_IRQHandler
 *fill*         0x0000000008001746        0x2 
 .text.DMA_CalcBaseAndBitshift
                0x0000000008001748       0x2c Drivers/STM32F4xx_HAL_Driver/Src/stm32f4xx_hal_dma.o
 .text.HAL_DMA_Init
                0x0000000008001774       0xec Drivers/STM32F4xx_HAL_Driver/Src/stm32f4xx_hal_dma.o
                0x0000000008001774                HAL_DMA_Init
 .text.HAL_DMA_Start_IT
                0x0000000008001860       0x80 Drivers/STM32F4xx_HAL_Driver/Src/stm32f4xx_hal_dma.o
                0x0000000008001860                HAL_DMA_Start_IT
 .text.HAL_DMA_Abort_IT
                0x00000000080018e0       0x24 Drivers/STM32F4xx_HAL_Driver/Src/stm32f4xx_hal_dma.o
                0x00000000080018e0                HAL_DMA_Abort_IT
 .text.HAL_DMA_IRQHandler
                0x0000000008001904      0x17c Drivers/STM32F4xx_HAL_Driver/Src/stm32f4xx_hal_dma.o
                0x0000000008001904                HAL_DMA_IRQHandler
 .text.HAL_GPIO_Init
                0x0000000008001a80      0x1c0 Drivers/STM32F4xx_HAL_Driver/Src/stm32f4xx_hal_gpio.o
                0x0000000008001a80                HAL_GPIO_Init
 .text.HAL_GPIO_WritePin
                0x0000000008001c40        0x8 Drivers/STM32F4xx_HAL_Driver/Src/stm32f4xx_hal_gpio.o
                0x0000000008001c40                HAL_GPIO_WritePin
 .text.HAL_RCC_OscConfig
                0x0000000008001c48      0x2d0 Drivers/STM32F4xx_HAL_Driver/Src/stm32f4xx_hal_rcc.o
                0x0000000008001c48                HAL_RCC_OscConfig
 .text.HAL_RCC_GetSysClockFreq
                0x0000000008001f18       0x7c Drivers/STM32F4xx_HAL_Driver/Src/stm32f4xx_hal_rcc.o
                0x0000000008001f18                HAL_RCC_GetSysClockFreq
 .text.HAL_RCC_ClockConfig
                0x0000000008001f94      0x168 Drivers/STM32F4xx_HAL_Driver/Src/stm32f4xx_hal_rcc.o
                0x0000000008001f94                HAL_RCC_ClockConfig
 .text.HAL_RCC_GetHCLKFreq
                0x00000000080020fc        0xc Drivers/STM32F4xx_HAL_Driver/Src/stm32f4xx_hal_rcc.o
                0x00000000080020fc                HAL_RCC_GetHCLKFreq
 .text.HAL_RCC_GetPCLK1Freq
                0x0000000008002108       0x30 Drivers/STM32F4xx_HAL_Driver/Src/stm32f4xx_hal_rcc.o
                0x0000000008002108                HAL_RCC_GetPCLK1Freq
 .text.HAL_RCC_GetPCLK2Freq
                0x0000000008002138       0x30 Drivers/STM32F4xx_HAL_Driver/Src/stm32f4xx_hal_rcc.o
                0x0000000008002138                HAL_RCC_GetPCLK2Freq
 .text.HAL_RNG_Init
                0x0000000008002168       0x3e Drivers/STM32F4xx_HAL_Driver/Src/stm32f4xx_hal_rng.o
                0x0000000008002168                HAL_RNG_Init
 .text.SD_CmdResp2Error
                0x00000000080021a6       0x2c Drivers/STM32F4xx_HAL_Driver/Src/stm32f4xx_hal_sd.o
 *fill*         0x00000000080021d2        0x2 
 .text.SD_IsCardProgramming
                0x00000000080021d4      0x144 Drivers/STM32F4xx_HAL_Driver/Src/stm32f4xx_hal_sd.o
 .text.SD_CmdResp1Error
                0x0000000008002318       0xec Drivers/STM32F4xx_HAL_Driver/Src/stm32f4xx_hal_sd.o
 .text.SD_FindSCR
                0x0000000008002404       0xfe Drivers/STM32F4xx_HAL_Driver/Src/stm32f4xx_hal_sd.o
 .text.HAL_SD_Get_CardInfo
                0x0000000008002502      0x284 Drivers/STM32F4xx_HAL_Driver/Src/stm32f4xx_hal_sd.o
                0x0000000008002502                HAL_SD_Get_CardInfo
 *fill*         0x0000000008002786        0x2 
 .text.HAL_SD_Init
                0x0000000008002788      0x38c Drivers/STM32F4xx_HAL_Driver/Src/stm32f4xx_hal_sd.o
                0x0000000008002788                HAL_SD_Init
 .text.HAL_SD_WideBusOperation_Config
                0x0000000008002b14      0x12c Drivers/STM32F4xx_HAL_Driver/Src/stm32f4xx_hal_sd.o
                0x0000000008002b14                HAL_SD_WideBusOperation_Config
 .text.HAL_SD_StopTransfer
                0x0000000008002c40       0x2e Drivers/STM32F4xx_HAL_Driver/Src/stm32f4xx_hal_sd.o
                0x0000000008002c40                HAL_SD_StopTransfer
 .text.HAL_SD_ReadBlocks
                0x0000000008002c6e      0x184 Drivers/STM32F4xx_HAL_Driver/Src/stm32f4xx_hal_sd.o
                0x0000000008002c6e                HAL_SD_ReadBlocks
 .text.HAL_SD_WriteBlocks
                0x0000000008002df2      0x1ec Drivers/STM32F4xx_HAL_Driver/Src/stm32f4xx_hal_sd.o
                0x0000000008002df2                HAL_SD_WriteBlocks
 .text.HAL_SD_GetStatus
                0x0000000008002fde       0x46 Drivers/STM32F4xx_HAL_Driver/Src/stm32f4xx_hal_sd.o
                0x0000000008002fde                HAL_SD_GetStatus
 .text.SPI_WaitFlagStateUntilTimeout
                0x0000000008003024       0x8e Drivers/STM32F4xx_HAL_Driver/Src/stm32f4xx_hal_spi.o
 .text.SPI_CheckFlag_BSY
                0x00000000080030b2       0x20 Drivers/STM32F4xx_HAL_Driver/Src/stm32f4xx_hal_spi.o
 .text.HAL_SPI_Init
                0x00000000080030d2       0x7a Drivers/STM32F4xx_HAL_Driver/Src/stm32f4xx_hal_spi.o
                0x00000000080030d2                HAL_SPI_Init
 .text.HAL_SPI_Transmit
                0x000000000800314c      0x15a Drivers/STM32F4xx_HAL_Driver/Src/stm32f4xx_hal_spi.o
                0x000000000800314c                HAL_SPI_Transmit
 .text.HAL_SPI_TransmitReceive
                0x00000000080032a6      0x214 Drivers/STM32F4xx_HAL_Driver/Src/stm32f4xx_hal_spi.o
                0x00000000080032a6                HAL_SPI_TransmitReceive
 .text.HAL_SPI_Receive
                0x00000000080034ba      0x140 Drivers/STM32F4xx_HAL_Driver/Src/stm32f4xx_hal_spi.o
                0x00000000080034ba                HAL_SPI_Receive
 .text.HAL_SPI_ErrorCallback
                0x00000000080035fa        0x2 Drivers/STM32F4xx_HAL_Driver/Src/stm32f4xx_hal_spi.o
                0x00000000080035fa                HAL_SPI_ErrorCallback
 .text.HAL_SPI_IRQHandler
                0x00000000080035fc       0xe4 Drivers/STM32F4xx_HAL_Driver/Src/stm32f4xx_hal_spi.o
                0x00000000080035fc                HAL_SPI_IRQHandler
 .text.SPI_DMAAbortOnError
                0x00000000080036e0       0x10 Drivers/STM32F4xx_HAL_Driver/Src/stm32f4xx_hal_spi.o
 .text.HAL_SPI_GetState
                0x00000000080036f0        0x6 Drivers/STM32F4xx_HAL_Driver/Src/stm32f4xx_hal_spi.o
                0x00000000080036f0                HAL_SPI_GetState
 *fill*         0x00000000080036f6        0x2 
 .text.TIM_OC1_SetConfig
                0x00000000080036f8       0x58 Drivers/STM32F4xx_HAL_Driver/Src/stm32f4xx_hal_tim.o
 .text.TIM_OC3_SetConfig
                0x0000000008003750       0x60 Drivers/STM32F4xx_HAL_Driver/Src/stm32f4xx_hal_tim.o
 .text.TIM_OC4_SetConfig
                0x00000000080037b0       0x50 Drivers/STM32F4xx_HAL_Driver/Src/stm32f4xx_hal_tim.o
 .text.HAL_TIM_PWM_MspInit
                0x0000000008003800        0x2 Drivers/STM32F4xx_HAL_Driver/Src/stm32f4xx_hal_tim.o
                0x0000000008003800                HAL_TIM_PWM_MspInit
 .text.HAL_TIM_Encoder_Start
                0x0000000008003802       0x46 Drivers/STM32F4xx_HAL_Driver/Src/stm32f4xx_hal_tim.o
                0x0000000008003802                HAL_TIM_Encoder_Start
 .text.HAL_TIM_ConfigClockSource
                0x0000000008003848      0x174 Drivers/STM32F4xx_HAL_Driver/Src/stm32f4xx_hal_tim.o
                0x0000000008003848                HAL_TIM_ConfigClockSource
 .text.HAL_TIM_PeriodElapsedCallback
                0x00000000080039bc        0x2 Drivers/STM32F4xx_HAL_Driver/Src/stm32f4xx_hal_tim.o
                0x00000000080039bc                HAL_TIM_PeriodElapsedCallback
 .text.HAL_TIM_OC_DelayElapsedCallback
                0x00000000080039be        0x2 Drivers/STM32F4xx_HAL_Driver/Src/stm32f4xx_hal_tim.o
                0x00000000080039be                HAL_TIM_OC_DelayElapsedCallback
 .text.HAL_TIM_IC_CaptureCallback
                0x00000000080039c0        0x2 Drivers/STM32F4xx_HAL_Driver/Src/stm32f4xx_hal_tim.o
                0x00000000080039c0                HAL_TIM_IC_CaptureCallback
 .text.HAL_TIM_PWM_PulseFinishedCallback
                0x00000000080039c2        0x2 Drivers/STM32F4xx_HAL_Driver/Src/stm32f4xx_hal_tim.o
                0x00000000080039c2                HAL_TIM_PWM_PulseFinishedCallback
 .text.HAL_TIM_TriggerCallback
                0x00000000080039c4        0x2 Drivers/STM32F4xx_HAL_Driver/Src/stm32f4xx_hal_tim.o
                0x00000000080039c4                HAL_TIM_TriggerCallback
 .text.HAL_TIM_IRQHandler
                0x00000000080039c6      0x144 Drivers/STM32F4xx_HAL_Driver/Src/stm32f4xx_hal_tim.o
                0x00000000080039c6                HAL_TIM_IRQHandler
 *fill*         0x0000000008003b0a        0x2 
 .text.TIM_Base_SetConfig
                0x0000000008003b0c       0xc8 Drivers/STM32F4xx_HAL_Driver/Src/stm32f4xx_hal_tim.o
                0x0000000008003b0c                TIM_Base_SetConfig
 .text.HAL_TIM_Base_Init
                0x0000000008003bd4       0x34 Drivers/STM32F4xx_HAL_Driver/Src/stm32f4xx_hal_tim.o
                0x0000000008003bd4                HAL_TIM_Base_Init
 .text.HAL_TIM_PWM_Init
                0x0000000008003c08       0x34 Drivers/STM32F4xx_HAL_Driver/Src/stm32f4xx_hal_tim.o
                0x0000000008003c08                HAL_TIM_PWM_Init
 .text.HAL_TIM_Encoder_Init
                0x0000000008003c3c       0x92 Drivers/STM32F4xx_HAL_Driver/Src/stm32f4xx_hal_tim.o
                0x0000000008003c3c                HAL_TIM_Encoder_Init
 *fill*         0x0000000008003cce        0x2 
 .text.TIM_OC2_SetConfig
                0x0000000008003cd0       0x64 Drivers/STM32F4xx_HAL_Driver/Src/stm32f4xx_hal_tim.o
                0x0000000008003cd0                TIM_OC2_SetConfig
 .text.HAL_TIM_PWM_ConfigChannel
                0x0000000008003d34       0xc6 Drivers/STM32F4xx_HAL_Driver/Src/stm32f4xx_hal_tim.o
                0x0000000008003d34                HAL_TIM_PWM_ConfigChannel
 .text.HAL_TIMEx_MasterConfigSynchronization
                0x0000000008003dfa       0x44 Drivers/STM32F4xx_HAL_Driver/Src/stm32f4xx_hal_tim_ex.o
                0x0000000008003dfa                HAL_TIMEx_MasterConfigSynchronization
 .text.HAL_TIMEx_CommutationCallback
                0x0000000008003e3e        0x2 Drivers/STM32F4xx_HAL_Driver/Src/stm32f4xx_hal_tim_ex.o
                0x0000000008003e3e                HAL_TIMEx_CommutationCallback
 .text.HAL_TIMEx_BreakCallback
                0x0000000008003e40        0x2 Drivers/STM32F4xx_HAL_Driver/Src/stm32f4xx_hal_tim_ex.o
                0x0000000008003e40                HAL_TIMEx_BreakCallback
 .text.UART_EndRxTransfer
                0x0000000008003e42       0x1a Drivers/STM32F4xx_HAL_Driver/Src/stm32f4xx_hal_uart.o
 .text.UART_SetConfig
                0x0000000008003e5c      0x23c Drivers/STM32F4xx_HAL_Driver/Src/stm32f4xx_hal_uart.o
 .text.UART_WaitOnFlagUntilTimeout.constprop.3
                0x0000000008004098       0x50 Drivers/STM32F4xx_HAL_Driver/Src/stm32f4xx_hal_uart.o
 .text.HAL_UART_Init
                0x00000000080040e8       0x5c Drivers/STM32F4xx_HAL_Driver/Src/stm32f4xx_hal_uart.o
                0x00000000080040e8                HAL_UART_Init
 .text.HAL_UART_Transmit
                0x0000000008004144       0xbc Drivers/STM32F4xx_HAL_Driver/Src/stm32f4xx_hal_uart.o
                0x0000000008004144                HAL_UART_Transmit
 .text.HAL_UART_Transmit_IT
                0x0000000008004200       0x3e Drivers/STM32F4xx_HAL_Driver/Src/stm32f4xx_hal_uart.o
                0x0000000008004200                HAL_UART_Transmit_IT
 .text.HAL_UART_Receive_IT
                0x000000000800423e       0x46 Drivers/STM32F4xx_HAL_Driver/Src/stm32f4xx_hal_uart.o
                0x000000000800423e                HAL_UART_Receive_IT
 .text.UART_Receive_IT
                0x0000000008004284       0x78 Drivers/STM32F4xx_HAL_Driver/Src/stm32f4xx_hal_uart.o
 .text.HAL_UART_ErrorCallback
                0x00000000080042fc        0x2 Drivers/STM32F4xx_HAL_Driver/Src/stm32f4xx_hal_uart.o
                0x00000000080042fc                HAL_UART_ErrorCallback
 *fill*         0x00000000080042fe        0x2 
 .text.HAL_UART_IRQHandler
                0x0000000008004300      0x140 Drivers/STM32F4xx_HAL_Driver/Src/stm32f4xx_hal_uart.o
                0x0000000008004300                HAL_UART_IRQHandler
 .text.UART_DMAAbortOnError
                0x0000000008004440       0x10 Drivers/STM32F4xx_HAL_Driver/Src/stm32f4xx_hal_uart.o
 .text.SDIO_Init
                0x0000000008004450       0x36 Drivers/STM32F4xx_HAL_Driver/Src/stm32f4xx_ll_sdmmc.o
                0x0000000008004450                SDIO_Init
 .text.SDIO_ReadFIFO
                0x0000000008004486        0x6 Drivers/STM32F4xx_HAL_Driver/Src/stm32f4xx_ll_sdmmc.o
                0x0000000008004486                SDIO_ReadFIFO
 .text.SDIO_WriteFIFO
                0x000000000800448c        0xa Drivers/STM32F4xx_HAL_Driver/Src/stm32f4xx_ll_sdmmc.o
                0x000000000800448c                SDIO_WriteFIFO
 .text.SDIO_PowerState_ON
                0x0000000008004496        0x8 Drivers/STM32F4xx_HAL_Driver/Src/stm32f4xx_ll_sdmmc.o
                0x0000000008004496                SDIO_PowerState_ON
 .text.SDIO_GetPowerState
                0x000000000800449e        0x8 Drivers/STM32F4xx_HAL_Driver/Src/stm32f4xx_ll_sdmmc.o
                0x000000000800449e                SDIO_GetPowerState
 .text.SDIO_SendCommand
                0x00000000080044a6       0x26 Drivers/STM32F4xx_HAL_Driver/Src/stm32f4xx_ll_sdmmc.o
                0x00000000080044a6                SDIO_SendCommand
 .text.SDIO_GetCommandResponse
                0x00000000080044cc        0x6 Drivers/STM32F4xx_HAL_Driver/Src/stm32f4xx_ll_sdmmc.o
                0x00000000080044cc                SDIO_GetCommandResponse
 *fill*         0x00000000080044d2        0x2 
 .text.SDIO_GetResponse
                0x00000000080044d4       0x18 Drivers/STM32F4xx_HAL_Driver/Src/stm32f4xx_ll_sdmmc.o
                0x00000000080044d4                SDIO_GetResponse
 .text.SDIO_DataConfig
                0x00000000080044ec       0x26 Drivers/STM32F4xx_HAL_Driver/Src/stm32f4xx_ll_sdmmc.o
                0x00000000080044ec                SDIO_DataConfig
 *fill*         0x0000000008004512        0x2 
 .text.disk_status
                0x0000000008004514       0x14 Middlewares/Third_Party/FatFs/src/diskio.o
                0x0000000008004514                disk_status
 .text.disk_initialize
                0x0000000008004528       0x20 Middlewares/Third_Party/FatFs/src/diskio.o
                0x0000000008004528                disk_initialize
 .text.disk_read
                0x0000000008004548       0x1c Middlewares/Third_Party/FatFs/src/diskio.o
                0x0000000008004548                disk_read
 .text.disk_write
                0x0000000008004564       0x1c Middlewares/Third_Party/FatFs/src/diskio.o
                0x0000000008004564                disk_write
 .text.disk_ioctl
                0x0000000008004580       0x1c Middlewares/Third_Party/FatFs/src/diskio.o
                0x0000000008004580                disk_ioctl
 .text.mem_cpy  0x000000000800459c       0x14 Middlewares/Third_Party/FatFs/src/ff.o
 .text.mem_set  0x00000000080045b0        0xe Middlewares/Third_Party/FatFs/src/ff.o
 *fill*         0x00000000080045be        0x2 
 .text.chk_lock
                0x00000000080045c0       0x70 Middlewares/Third_Party/FatFs/src/ff.o
 .text.inc_lock
                0x0000000008004630       0x98 Middlewares/Third_Party/FatFs/src/ff.o
 .text.dec_lock
                0x00000000080046c8       0x38 Middlewares/Third_Party/FatFs/src/ff.o
 .text.clmt_clust
                0x0000000008004700       0x28 Middlewares/Third_Party/FatFs/src/ff.o
 .text.get_ldnumber
                0x0000000008004728       0x30 Middlewares/Third_Party/FatFs/src/ff.o
 .text.validate
                0x0000000008004758       0x2e Middlewares/Third_Party/FatFs/src/ff.o
 .text.ld_clust.isra.0
                0x0000000008004786       0x1c Middlewares/Third_Party/FatFs/src/ff.o
 .text.sync_window.part.2
                0x00000000080047a2       0x52 Middlewares/Third_Party/FatFs/src/ff.o
 .text.sync_window
                0x00000000080047f4        0xe Middlewares/Third_Party/FatFs/src/ff.o
 .text.sync_fs  0x0000000008004802       0xb6 Middlewares/Third_Party/FatFs/src/ff.o
 .text.move_window
                0x00000000080048b8       0x3a Middlewares/Third_Party/FatFs/src/ff.o
 *fill*         0x00000000080048f2        0x2 
 .text.check_fs
                0x00000000080048f4       0x58 Middlewares/Third_Party/FatFs/src/ff.o
 .text.find_volume
                0x000000000800494c      0x2a0 Middlewares/Third_Party/FatFs/src/ff.o
 .text.clust2sect
                0x0000000008004bec       0x1c Middlewares/Third_Party/FatFs/src/ff.o
                0x0000000008004bec                clust2sect
 .text.get_fat  0x0000000008004c08       0xc2 Middlewares/Third_Party/FatFs/src/ff.o
                0x0000000008004c08                get_fat
 .text.dir_sdi  0x0000000008004cca       0x9c Middlewares/Third_Party/FatFs/src/ff.o
 .text.put_fat  0x0000000008004d66       0xec Middlewares/Third_Party/FatFs/src/ff.o
                0x0000000008004d66                put_fat
 .text.create_chain
                0x0000000008004e52       0xb4 Middlewares/Third_Party/FatFs/src/ff.o
 .text.dir_next
                0x0000000008004f06      0x122 Middlewares/Third_Party/FatFs/src/ff.o
 .text.follow_path
                0x0000000008005028      0x1ac Middlewares/Third_Party/FatFs/src/ff.o
 .text.dir_register
                0x00000000080051d4       0x76 Middlewares/Third_Party/FatFs/src/ff.o
 .text.remove_chain
                0x000000000800524a       0x64 Middlewares/Third_Party/FatFs/src/ff.o
 *fill*         0x00000000080052ae        0x2 
 .text.f_mount  0x00000000080052b0       0x70 Middlewares/Third_Party/FatFs/src/ff.o
                0x00000000080052b0                f_mount
 .text.f_open   0x0000000008005320      0x194 Middlewares/Third_Party/FatFs/src/ff.o
                0x0000000008005320                f_open
 .text.f_write  0x00000000080054b4      0x1da Middlewares/Third_Party/FatFs/src/ff.o
                0x00000000080054b4                f_write
 .text.putc_bfd
                0x000000000800568e       0x44 Middlewares/Third_Party/FatFs/src/ff.o
 .text.f_sync   0x00000000080056d2       0xca Middlewares/Third_Party/FatFs/src/ff.o
                0x00000000080056d2                f_sync
 .text.f_close  0x000000000800579c       0x22 Middlewares/Third_Party/FatFs/src/ff.o
                0x000000000800579c                f_close
 .text.f_opendir
                0x00000000080057be       0x98 Middlewares/Third_Party/FatFs/src/ff.o
                0x00000000080057be                f_opendir
 .text.f_puts   0x0000000008005856       0x44 Middlewares/Third_Party/FatFs/src/ff.o
                0x0000000008005856                f_puts
 *fill*         0x000000000800589a        0x2 
 .text.FATFS_LinkDriverEx
                0x000000000800589c       0x44 Middlewares/Third_Party/FatFs/src/ff_gen_drv.o
                0x000000000800589c                FATFS_LinkDriverEx
 .text.FATFS_LinkDriver
                0x00000000080058e0        0x6 Middlewares/Third_Party/FatFs/src/ff_gen_drv.o
                0x00000000080058e0                FATFS_LinkDriver
 *fill*         0x00000000080058e6        0x2 
 .text.SD_initialize
                0x00000000080058e8       0x20 Middlewares/Third_Party/FatFs/src/drivers/sd_diskio.o
                0x00000000080058e8                SD_initialize
 .text.SD_status
                0x0000000008005908       0x20 Middlewares/Third_Party/FatFs/src/drivers/sd_diskio.o
                0x0000000008005908                SD_status
 .text.SD_read  0x0000000008005928       0x20 Middlewares/Third_Party/FatFs/src/drivers/sd_diskio.o
                0x0000000008005928                SD_read
 .text.SD_write
                0x0000000008005948       0x20 Middlewares/Third_Party/FatFs/src/drivers/sd_diskio.o
                0x0000000008005948                SD_write
 .text.SD_ioctl
                0x0000000008005968       0x54 Middlewares/Third_Party/FatFs/src/drivers/sd_diskio.o
                0x0000000008005968                SD_ioctl
 .text.BSP_SD_Init
                0x00000000080059bc       0x38 Src/bsp_driver_sd.o
                0x00000000080059bc                BSP_SD_Init
 .text.BSP_SD_ReadBlocks
                0x00000000080059f4       0x24 Src/bsp_driver_sd.o
                0x00000000080059f4                BSP_SD_ReadBlocks
 .text.BSP_SD_WriteBlocks
                0x0000000008005a18       0x24 Src/bsp_driver_sd.o
                0x0000000008005a18                BSP_SD_WriteBlocks
 .text.BSP_SD_GetStatus
                0x0000000008005a3c        0xc Src/bsp_driver_sd.o
                0x0000000008005a3c                BSP_SD_GetStatus
 .text.BSP_SD_GetCardInfo
                0x0000000008005a48        0xc Src/bsp_driver_sd.o
                0x0000000008005a48                BSP_SD_GetCardInfo
 .text.MX_FATFS_Init
                0x0000000008005a54       0x1c Src/fatfs.o
                0x0000000008005a54                MX_FATFS_Init
 .text.get_fattime
                0x0000000008005a70        0x4 Src/fatfs.o
                0x0000000008005a70                get_fattime
 .text.HAL_ADC_ConvCpltCallback
                0x0000000008005a74       0x18 Src/main.o
                0x0000000008005a74                HAL_ADC_ConvCpltCallback
 .text.printv   0x0000000008005a8c       0x40 Src/main.o
                0x0000000008005a8c                printv
 .text.error_mess
                0x0000000008005acc       0x10 Src/main.o
                0x0000000008005acc                error_mess
 .text.sd_Init  0x0000000008005adc       0x50 Src/main.o
                0x0000000008005adc                sd_Init
 .text.SystemClock_Config
                0x0000000008005b2c       0xa8 Src/main.o
                0x0000000008005b2c                SystemClock_Config
 *fill*         0x0000000008005bd4        0x4 
 .text.startup.main
                0x0000000008005bd8      0x6e8 Src/main.o
                0x0000000008005bd8                main
 .text.Error_Handler
                0x00000000080062c0        0x2 Src/main.o
                0x00000000080062c0                Error_Handler
 *fill*         0x00000000080062c2        0x2 
 .text.spi_receive8
                0x00000000080062c4       0x80 Src/spi.o
                0x00000000080062c4                spi_receive8
 .text.spi_receive16
                0x0000000008006344       0xf0 Src/spi.o
                0x0000000008006344                spi_receive16
 .text.spi_send
                0x0000000008006434       0x64 Src/spi.o
                0x0000000008006434                spi_send
 .text.mpuSetup
                0x0000000008006498       0x52 Src/spi.o
                0x0000000008006498                mpuSetup
 .text.mpu_test
                0x00000000080064ea       0x12 Src/spi.o
                0x00000000080064ea                mpu_test
 .text.readAccX
                0x00000000080064fc       0x10 Src/spi.o
                0x00000000080064fc                readAccX
 .text.readAccY
                0x000000000800650c       0x10 Src/spi.o
                0x000000000800650c                readAccY
 .text.readAccZ
                0x000000000800651c       0x10 Src/spi.o
                0x000000000800651c                readAccZ
 *fill*         0x000000000800652c        0x4 
 .text.readTemp
                0x0000000008006530       0x3c Src/spi.o
                0x0000000008006530                readTemp
 .text.readGyrX
                0x000000000800656c       0x10 Src/spi.o
                0x000000000800656c                readGyrX
 .text.readGyrY
                0x000000000800657c       0x10 Src/spi.o
                0x000000000800657c                readGyrY
 .text.readGyrZ
                0x000000000800658c       0x10 Src/spi.o
                0x000000000800658c                readGyrZ
 .text.bmpSetup
                0x000000000800659c       0xe8 Src/spi.o
                0x000000000800659c                bmpSetup
 .text.bmpReadTemp
                0x0000000008006684       0xa0 Src/spi.o
                0x0000000008006684                bmpReadTemp
 .text.bmpReadPressure
                0x0000000008006724      0x1a0 Src/spi.o
                0x0000000008006724                bmpReadPressure
 .text.bmpReadAltitude
                0x00000000080068c4       0x78 Src/spi.o
                0x00000000080068c4                bmpReadAltitude
 .text.HAL_MspInit
                0x000000000800693c       0x60 Src/stm32f4xx_hal_msp.o
                0x000000000800693c                HAL_MspInit
 .text.HAL_ADC_MspInit
                0x000000000800699c       0x90 Src/stm32f4xx_hal_msp.o
                0x000000000800699c                HAL_ADC_MspInit
 .text.HAL_RNG_MspInit
                0x0000000008006a2c       0x30 Src/stm32f4xx_hal_msp.o
                0x0000000008006a2c                HAL_RNG_MspInit
 .text.HAL_SD_MspInit
                0x0000000008006a5c       0x68 Src/stm32f4xx_hal_msp.o
                0x0000000008006a5c                HAL_SD_MspInit
 .text.HAL_SPI_MspInit
                0x0000000008006ac4       0x60 Src/stm32f4xx_hal_msp.o
                0x0000000008006ac4                HAL_SPI_MspInit
 .text.HAL_TIM_Encoder_MspInit
                0x0000000008006b24       0xf0 Src/stm32f4xx_hal_msp.o
                0x0000000008006b24                HAL_TIM_Encoder_MspInit
 .text.HAL_TIM_Base_MspInit
                0x0000000008006c14       0xd0 Src/stm32f4xx_hal_msp.o
                0x0000000008006c14                HAL_TIM_Base_MspInit
 .text.HAL_TIM_MspPostInit
                0x0000000008006ce4       0x78 Src/stm32f4xx_hal_msp.o
                0x0000000008006ce4                HAL_TIM_MspPostInit
 .text.HAL_UART_MspInit
                0x0000000008006d5c      0x100 Src/stm32f4xx_hal_msp.o
                0x0000000008006d5c                HAL_UART_MspInit
 .text.NMI_Handler
                0x0000000008006e5c        0x2 Src/stm32f4xx_it.o
                0x0000000008006e5c                NMI_Handler
 .text.HardFault_Handler
                0x0000000008006e5e        0x2 Src/stm32f4xx_it.o
                0x0000000008006e5e                HardFault_Handler
 .text.MemManage_Handler
                0x0000000008006e60        0x2 Src/stm32f4xx_it.o
                0x0000000008006e60                MemManage_Handler
 .text.BusFault_Handler
                0x0000000008006e62        0x2 Src/stm32f4xx_it.o
                0x0000000008006e62                BusFault_Handler
 .text.UsageFault_Handler
                0x0000000008006e64        0x2 Src/stm32f4xx_it.o
                0x0000000008006e64                UsageFault_Handler
 .text.SVC_Handler
                0x0000000008006e66        0x2 Src/stm32f4xx_it.o
                0x0000000008006e66                SVC_Handler
 .text.DebugMon_Handler
                0x0000000008006e68        0x2 Src/stm32f4xx_it.o
                0x0000000008006e68                DebugMon_Handler
 .text.PendSV_Handler
                0x0000000008006e6a        0x2 Src/stm32f4xx_it.o
                0x0000000008006e6a                PendSV_Handler
 .text.SysTick_Handler
                0x0000000008006e6c        0xe Src/stm32f4xx_it.o
                0x0000000008006e6c                SysTick_Handler
 *fill*         0x0000000008006e7a        0x2 
 .text.TIM1_BRK_TIM9_IRQHandler
                0x0000000008006e7c        0xc Src/stm32f4xx_it.o
                0x0000000008006e7c                TIM1_BRK_TIM9_IRQHandler
 .text.SPI2_IRQHandler
                0x0000000008006e88        0xc Src/stm32f4xx_it.o
                0x0000000008006e88                SPI2_IRQHandler
 .text.USART1_IRQHandler
                0x0000000008006e94        0xc Src/stm32f4xx_it.o
                0x0000000008006e94                USART1_IRQHandler
 .text.USART2_IRQHandler
                0x0000000008006ea0       0x28 Src/stm32f4xx_it.o
                0x0000000008006ea0                USART2_IRQHandler
 .text.USART3_IRQHandler
                0x0000000008006ec8       0x28 Src/stm32f4xx_it.o
                0x0000000008006ec8                USART3_IRQHandler
 .text.DMA2_Stream0_IRQHandler
                0x0000000008006ef0        0xc Src/stm32f4xx_it.o
                0x0000000008006ef0                DMA2_Stream0_IRQHandler
 .text.HAL_UART_TxCpltCallback
                0x0000000008006efc       0x30 Src/usart.o
                0x0000000008006efc                HAL_UART_TxCpltCallback
 .text.HAL_UART_RxCpltCallback
                0x0000000008006f2c      0x3ac Src/usart.o
                0x0000000008006f2c                HAL_UART_RxCpltCallback
 .text.updateRecvNRF
                0x00000000080072d8        0xc Src/usart.o
                0x00000000080072d8                updateRecvNRF
 .text.updateRecvGPS
                0x00000000080072e4        0xc Src/usart.o
                0x00000000080072e4                updateRecvGPS
 .text.getNRFThrottle
                0x00000000080072f0        0xc Src/usart.o
                0x00000000080072f0                getNRFThrottle
 .text.getNRFYaw
                0x00000000080072fc        0xc Src/usart.o
                0x00000000080072fc                getNRFYaw
 .text.getNRFPitch
                0x0000000008007308        0xc Src/usart.o
                0x0000000008007308                getNRFPitch
 .text.getNRFRoll
                0x0000000008007314        0xc Src/usart.o
                0x0000000008007314                getNRFRoll
 .text.getHhmmss
                0x0000000008007320        0x8 Src/usart.o
                0x0000000008007320                getHhmmss
 .text.setPrintInt16
                0x0000000008007328       0x2c Src/usart.o
                0x0000000008007328                setPrintInt16
 .text.setPrintFloat
                0x0000000008007354       0x8c Src/usart.o
                0x0000000008007354                setPrintFloat
 .text.setPrintChar
                0x00000000080073e0       0x2c Src/usart.o
                0x00000000080073e0                setPrintChar
 .text.trancePrintIt
                0x000000000800740c       0x74 Src/usart.o
                0x000000000800740c                trancePrintIt
 .text.atoi     0x0000000008007480        0x8 /usr/lib/gcc/arm-none-eabi/4.9.3/../../../arm-none-eabi/lib/armv7e-m/fpu/libc_nano.a(lib_a-atoi.o)
                0x0000000008007480                atoi
 .text.__libc_init_array
                0x0000000008007488       0x4c /usr/lib/gcc/arm-none-eabi/4.9.3/../../../arm-none-eabi/lib/armv7e-m/fpu/libc_nano.a(lib_a-init.o)
                0x0000000008007488                __libc_init_array
 .text.memset   0x00000000080074d4       0x10 /usr/lib/gcc/arm-none-eabi/4.9.3/../../../arm-none-eabi/lib/armv7e-m/fpu/libc_nano.a(lib_a-memset.o)
                0x00000000080074d4                memset
 .text.sprintf  0x00000000080074e4       0x48 /usr/lib/gcc/arm-none-eabi/4.9.3/../../../arm-none-eabi/lib/armv7e-m/fpu/libc_nano.a(lib_a-sprintf.o)
                0x00000000080074e4                sprintf
                0x00000000080074e4                siprintf
 .text.strcat   0x000000000800752c       0x1e /usr/lib/gcc/arm-none-eabi/4.9.3/../../../arm-none-eabi/lib/armv7e-m/fpu/libc_nano.a(lib_a-strcat.o)
                0x000000000800752c                strcat
 .text.strcpy   0x000000000800754a       0x10 /usr/lib/gcc/arm-none-eabi/4.9.3/../../../arm-none-eabi/lib/armv7e-m/fpu/libc_nano.a(lib_a-strcpy.o)
                0x000000000800754a                strcpy
 .text.strlen   0x000000000800755a       0x10 /usr/lib/gcc/arm-none-eabi/4.9.3/../../../arm-none-eabi/lib/armv7e-m/fpu/libc_nano.a(lib_a-strlen.o)
                0x000000000800755a                strlen
 *fill*         0x000000000800756a        0x2 
 .text._strtol_r
                0x000000000800756c      0x10c /usr/lib/gcc/arm-none-eabi/4.9.3/../../../arm-none-eabi/lib/armv7e-m/fpu/libc_nano.a(lib_a-strtol.o)
                0x000000000800756c                _strtol_r
 .text.strtol   0x0000000008007678       0x1c /usr/lib/gcc/arm-none-eabi/4.9.3/../../../arm-none-eabi/lib/armv7e-m/fpu/libc_nano.a(lib_a-strtol.o)
                0x0000000008007678                strtol
 .text._vsprintf_r
                0x0000000008007694       0x30 /usr/lib/gcc/arm-none-eabi/4.9.3/../../../arm-none-eabi/lib/armv7e-m/fpu/libc_nano.a(lib_a-vsprintf.o)
                0x0000000008007694                _vsiprintf_r
                0x0000000008007694                _vsprintf_r
 .text.vsprintf
                0x00000000080076c4       0x1c /usr/lib/gcc/arm-none-eabi/4.9.3/../../../arm-none-eabi/lib/armv7e-m/fpu/libc_nano.a(lib_a-vsprintf.o)
                0x00000000080076c4                vsprintf
                0x00000000080076c4                vsiprintf
 .text.__ssputs_r
                0x00000000080076e0       0xb2 /usr/lib/gcc/arm-none-eabi/4.9.3/../../../arm-none-eabi/lib/armv7e-m/fpu/libc_nano.a(lib_a-nano-svfprintf.o)
                0x00000000080076e0                __ssputs_r
 *fill*         0x0000000008007792        0x2 
 .text._svfprintf_r
                0x0000000008007794      0x1e4 /usr/lib/gcc/arm-none-eabi/4.9.3/../../../arm-none-eabi/lib/armv7e-m/fpu/libc_nano.a(lib_a-nano-svfprintf.o)
                0x0000000008007794                _svfprintf_r
                0x0000000008007794                _svfiprintf_r
 .text._printf_common
                0x0000000008007978       0xea /usr/lib/gcc/arm-none-eabi/4.9.3/../../../arm-none-eabi/lib/armv7e-m/fpu/libc_nano.a(lib_a-nano-vfprintf_i.o)
                0x0000000008007978                _printf_common
 *fill*         0x0000000008007a62        0x2 
 .text._printf_i
                0x0000000008007a64      0x240 /usr/lib/gcc/arm-none-eabi/4.9.3/../../../arm-none-eabi/lib/armv7e-m/fpu/libc_nano.a(lib_a-nano-vfprintf_i.o)
                0x0000000008007a64                _printf_i
 .text.memchr   0x0000000008007ca4       0x1e /usr/lib/gcc/arm-none-eabi/4.9.3/../../../arm-none-eabi/lib/armv7e-m/fpu/libc_nano.a(lib_a-memchr.o)
                0x0000000008007ca4                memchr
 .text.memcpy   0x0000000008007cc2       0x16 /usr/lib/gcc/arm-none-eabi/4.9.3/../../../arm-none-eabi/lib/armv7e-m/fpu/libc_nano.a(lib_a-memcpy.o)
                0x0000000008007cc2                memcpy
 .text.memmove  0x0000000008007cd8       0x36 /usr/lib/gcc/arm-none-eabi/4.9.3/../../../arm-none-eabi/lib/armv7e-m/fpu/libc_nano.a(lib_a-memmove.o)
                0x0000000008007cd8                memmove
 *fill*         0x0000000008007d0e        0x2 
 .text._free_r  0x0000000008007d10       0x88 /usr/lib/gcc/arm-none-eabi/4.9.3/../../../arm-none-eabi/lib/armv7e-m/fpu/libc_nano.a(lib_a-nano-freer.o)
                0x0000000008007d10                _free_r
 .text._malloc_r
                0x0000000008007d98       0xac /usr/lib/gcc/arm-none-eabi/4.9.3/../../../arm-none-eabi/lib/armv7e-m/fpu/libc_nano.a(lib_a-nano-mallocr.o)
                0x0000000008007d98                _malloc_r
 .text._realloc_r
                0x0000000008007e44       0x4c /usr/lib/gcc/arm-none-eabi/4.9.3/../../../arm-none-eabi/lib/armv7e-m/fpu/libc_nano.a(lib_a-nano-reallocr.o)
                0x0000000008007e44                _realloc_r
 .text._sbrk_r  0x0000000008007e90       0x20 /usr/lib/gcc/arm-none-eabi/4.9.3/../../../arm-none-eabi/lib/armv7e-m/fpu/libc_nano.a(lib_a-sbrkr.o)
                0x0000000008007e90                _sbrk_r
 .text._malloc_usable_size_r
                0x0000000008007eb0       0x14 /usr/lib/gcc/arm-none-eabi/4.9.3/../../../arm-none-eabi/lib/armv7e-m/fpu/libc_nano.a(lib_a-nano-msizer.o)
                0x0000000008007eb0                _malloc_usable_size_r
 .text._sbrk    0x0000000008007ec4       0x1c /usr/lib/gcc/arm-none-eabi/4.9.3/../../../arm-none-eabi/lib/armv7e-m/fpu/libnosys.a(sbrk.o)
                0x0000000008007ec4                _sbrk
 *(.glue_7)
 .glue_7        0x0000000008007ee0        0x0 linker stubs
 *(.glue_7t)
 .glue_7t       0x0000000008007ee0        0x0 linker stubs
 *(.eh_frame)
 .eh_frame      0x0000000008007ee0        0x0 /usr/lib/gcc/arm-none-eabi/4.9.3/armv7e-m/fpu/crtbegin.o
 *(.init)
 .init          0x0000000008007ee0        0x4 /usr/lib/gcc/arm-none-eabi/4.9.3/armv7e-m/fpu/crti.o
                0x0000000008007ee0                _init
 .init          0x0000000008007ee4        0x8 /usr/lib/gcc/arm-none-eabi/4.9.3/armv7e-m/fpu/crtn.o
 *(.fini)
 .fini          0x0000000008007eec        0x4 /usr/lib/gcc/arm-none-eabi/4.9.3/armv7e-m/fpu/crti.o
                0x0000000008007eec                _fini
 .fini          0x0000000008007ef0        0x8 /usr/lib/gcc/arm-none-eabi/4.9.3/armv7e-m/fpu/crtn.o
                0x0000000008007ef8                . = ALIGN (0x4)
                0x0000000008007ef8                _etext = .

.vfp11_veneer   0x0000000008007ef8        0x0
 .vfp11_veneer  0x0000000008007ef8        0x0 linker stubs

.v4_bx          0x0000000008007ef8        0x0
 .v4_bx         0x0000000008007ef8        0x0 linker stubs

.iplt           0x0000000008007ef8        0x0
 .iplt          0x0000000008007ef8        0x0 /usr/lib/gcc/arm-none-eabi/4.9.3/armv7e-m/fpu/crtbegin.o

.rodata         0x0000000008007ef8      0x2f8
                0x0000000008007ef8                . = ALIGN (0x4)
 *(.rodata)
 .rodata        0x0000000008007ef8        0x8 Drivers/STM32F4xx_HAL_Driver/Src/stm32f4xx_hal_dma.o
 .rodata        0x0000000008007f00       0x10 Drivers/STM32F4xx_HAL_Driver/Src/stm32f4xx_hal_rcc.o
                0x0000000008007f00                APBAHBPrescTable
 .rodata        0x0000000008007f10       0xac Middlewares/Third_Party/FatFs/src/ff.o
 .rodata        0x0000000008007fbc       0x14 Middlewares/Third_Party/FatFs/src/drivers/sd_diskio.o
                0x0000000008007fbc                SD_Driver
 .rodata        0x0000000008007fd0       0x40 Src/main.o
 *(.rodata*)
 .rodata.str1.1
                0x0000000008008010       0x43 Middlewares/Third_Party/FatFs/src/ff.o
 .rodata.str1.1
                0x0000000008008053       0x35 Src/main.o
                                         0x36 (size before relaxing)
 .rodata.str1.1
                0x0000000008008088       0x30 Src/usart.o
                                         0x35 (size before relaxing)
 .rodata.str1.1
                0x00000000080080b8        0x2 /usr/lib/gcc/arm-none-eabi/4.9.3/../../../arm-none-eabi/lib/armv7e-m/fpu/libc_nano.a(lib_a-impure.o)
 .rodata._ctype_
                0x00000000080080ba      0x101 /usr/lib/gcc/arm-none-eabi/4.9.3/../../../arm-none-eabi/lib/armv7e-m/fpu/libc_nano.a(lib_a-ctype_.o)
                0x00000000080080ba                _ctype_
 .rodata.str1.1
                0x00000000080081bb       0x11 /usr/lib/gcc/arm-none-eabi/4.9.3/../../../arm-none-eabi/lib/armv7e-m/fpu/libc_nano.a(lib_a-nano-svfprintf.o)
 .rodata.str1.1
                0x00000000080081cc       0x22 /usr/lib/gcc/arm-none-eabi/4.9.3/../../../arm-none-eabi/lib/armv7e-m/fpu/libc_nano.a(lib_a-nano-vfprintf_i.o)
                0x00000000080081f0                . = ALIGN (0x4)
 *fill*         0x00000000080081ee        0x2 

.ARM.extab
 *(.ARM.extab* .gnu.linkonce.armextab.*)

.ARM            0x00000000080081f0        0x8
                0x00000000080081f0                __exidx_start = .
 *(.ARM.exidx*)
 .ARM.exidx     0x00000000080081f0        0x8 /usr/lib/gcc/arm-none-eabi/4.9.3/armv7e-m/fpu/libgcc.a(_divdi3.o)
 .ARM.exidx     0x00000000080081f8        0x0 /usr/lib/gcc/arm-none-eabi/4.9.3/armv7e-m/fpu/libgcc.a(_udivdi3.o)
                                          0x8 (size before relaxing)
                0x00000000080081f8                __exidx_end = .

.rel.dyn        0x00000000080081f8        0x0
 .rel.iplt      0x00000000080081f8        0x0 /usr/lib/gcc/arm-none-eabi/4.9.3/armv7e-m/fpu/crtbegin.o

.preinit_array  0x00000000080081f8        0x0
                0x00000000080081f8                PROVIDE (__preinit_array_start, .)
 *(.preinit_array*)
                0x00000000080081f8                PROVIDE (__preinit_array_end, .)

.init_array     0x00000000080081f8        0x4
                0x00000000080081f8                PROVIDE (__init_array_start, .)
 *(SORT(.init_array.*))
 *(.init_array*)
 .init_array    0x00000000080081f8        0x4 /usr/lib/gcc/arm-none-eabi/4.9.3/armv7e-m/fpu/crtbegin.o
                0x00000000080081fc                PROVIDE (__init_array_end, .)

.fini_array     0x00000000080081fc        0x4
                0x00000000080081fc                PROVIDE (__fini_array_start, .)
 *(SORT(.fini_array.*))
 *(.fini_array*)
 .fini_array    0x00000000080081fc        0x4 /usr/lib/gcc/arm-none-eabi/4.9.3/armv7e-m/fpu/crtbegin.o
                0x0000000008008200                PROVIDE (__fini_array_end, .)
                0x0000000008008200                _sidata = LOADADDR (.data)

.data           0x0000000020000000      0x188 load address 0x0000000008008200
                0x0000000020000000                . = ALIGN (0x4)
                0x0000000020000000                _sdata = .
 *(.data)
 .data          0x0000000020000000        0x4 Drivers/CMSIS/Device/ST/STM32F4xx/Source/Templates/system_stm32f4xx.o
                0x0000000020000000                SystemCoreClock
 .data          0x0000000020000004        0x1 Middlewares/Third_Party/FatFs/src/drivers/sd_diskio.o
 *fill*         0x0000000020000005        0x3 
 .data          0x0000000020000008      0x118 Src/spi.o
                0x0000000020000008                ati_array
 *(.data*)
 .data.impure_data
                0x0000000020000120       0x60 /usr/lib/gcc/arm-none-eabi/4.9.3/../../../arm-none-eabi/lib/armv7e-m/fpu/libc_nano.a(lib_a-impure.o)
 .data._impure_ptr
                0x0000000020000180        0x4 /usr/lib/gcc/arm-none-eabi/4.9.3/../../../arm-none-eabi/lib/armv7e-m/fpu/libc_nano.a(lib_a-impure.o)
                0x0000000020000180                _impure_ptr
 .data.__ctype_ptr__
                0x0000000020000184        0x4 /usr/lib/gcc/arm-none-eabi/4.9.3/../../../arm-none-eabi/lib/armv7e-m/fpu/libc_nano.a(lib_a-ctype_.o)
                0x0000000020000184                __ctype_ptr__
                0x0000000020000188                . = ALIGN (0x4)
                0x0000000020000188                _edata = .
                0x0000000008008388                _siccmram = LOADADDR (.ccmram)

.jcr            0x0000000020000188        0x0 load address 0x0000000008008388
 .jcr           0x0000000020000188        0x0 /usr/lib/gcc/arm-none-eabi/4.9.3/armv7e-m/fpu/crtbegin.o

.tm_clone_table
                0x0000000020000188        0x0 load address 0x0000000008008388
 .tm_clone_table
                0x0000000020000188        0x0 /usr/lib/gcc/arm-none-eabi/4.9.3/armv7e-m/fpu/crtbegin.o
 .tm_clone_table
                0x0000000020000188        0x0 /usr/lib/gcc/arm-none-eabi/4.9.3/armv7e-m/fpu/crtend.o

.igot.plt       0x0000000020000188        0x0 load address 0x0000000008008388
 .igot.plt      0x0000000020000188        0x0 /usr/lib/gcc/arm-none-eabi/4.9.3/armv7e-m/fpu/crtbegin.o

.ccmram         0x0000000010000000        0x0 load address 0x0000000008008388
                0x0000000010000000                . = ALIGN (0x4)
                0x0000000010000000                _sccmram = .
 *(.ccmram)
 *(.ccmram*)
                0x0000000010000000                . = ALIGN (0x4)
                0x0000000010000000                _eccmram = .
                0x0000000010000000                . = ALIGN (0x4)

.bss            0x0000000020000188      0x758
                0x0000000020000188                _sbss = .
                0x0000000020000188                __bss_start__ = _sbss
 *(.bss)
 .bss           0x0000000020000188       0x1c /usr/lib/gcc/arm-none-eabi/4.9.3/armv7e-m/fpu/crtbegin.o
 .bss           0x00000000200001a4       0x1e Middlewares/Third_Party/FatFs/src/ff.o
 *fill*         0x00000000200001c2        0x2 
 .bss           0x00000000200001c4        0xc Middlewares/Third_Party/FatFs/src/ff_gen_drv.o
                0x00000000200001c4                disk
 .bss           0x00000000200001d0        0x2 Src/main.o
                0x00000000200001d0                ADC_val
 .bss           0x00000000200001d2        0x2 Src/stm32f4xx_it.o
 .bss           0x00000000200001d4      0x1cc Src/usart.o
                0x00000000200001d4                printData
                0x000000002000029c                pDataSpl
                0x0000000020000364                RecvNRF
                0x0000000020000365                RecvGPS
                0x000000002000039f                NRF_mode
 *(.bss*)
 .bss.__malloc_sbrk_start
                0x00000000200003a0        0x4 /usr/lib/gcc/arm-none-eabi/4.9.3/../../../arm-none-eabi/lib/armv7e-m/fpu/libc_nano.a(lib_a-nano-mallocr.o)
                0x00000000200003a0                __malloc_sbrk_start
 .bss.__malloc_free_list
                0x00000000200003a4        0x4 /usr/lib/gcc/arm-none-eabi/4.9.3/../../../arm-none-eabi/lib/armv7e-m/fpu/libc_nano.a(lib_a-nano-mallocr.o)
                0x00000000200003a4                __malloc_free_list
 .bss.heap_end.4079
                0x00000000200003a8        0x4 /usr/lib/gcc/arm-none-eabi/4.9.3/../../../arm-none-eabi/lib/armv7e-m/fpu/libnosys.a(sbrk.o)
 *(COMMON)
 COMMON         0x00000000200003ac        0x4 Drivers/STM32F4xx_HAL_Driver/Src/stm32f4xx_hal.o
                0x00000000200003ac                uwTick
 COMMON         0x00000000200003b0        0x5 Src/fatfs.o
                0x00000000200003b0                retSD
                0x00000000200003b1                SD_Path
 *fill*         0x00000000200003b5        0x3 
 COMMON         0x00000000200003b8      0x4a4 Src/main.o
                0x00000000200003b8                hspi2
                0x0000000020000410                htim8
                0x000000002000044c                htim4
                0x0000000020000488                huart3
                0x00000000200004c8                htim10
                0x0000000020000504                htim5
                0x0000000020000540                htim3
                0x0000000020000580                SDCardInfo
                0x00000000200005d8                hadc1
                0x0000000020000620                htim13
                0x000000002000065c                huart1
                0x000000002000069c                htim11
                0x00000000200006d8                hdma_adc1
                0x0000000020000738                htim9
                0x0000000020000774                hrng
                0x0000000020000780                hsd
                0x00000000200007e0                huart2
                0x0000000020000820                htim14
 *fill*         0x000000002000085c        0x4 
 COMMON         0x0000000020000860       0x38 Src/spi.o
                0x0000000020000860                dig_t3
                0x0000000020000864                p
                0x0000000020000868                dig_p4
                0x000000002000086a                dig_t1
                0x000000002000086c                dig_p8
                0x000000002000086e                dig_p9
                0x0000000020000870                var1
                0x0000000020000878                dig_p1
                0x000000002000087a                dig_t2
                0x000000002000087c                dig_p6
                0x0000000020000880                var2
                0x0000000020000888                dig_p3
                0x000000002000088a                dig_p7
                0x000000002000088c                dig_p5
                0x000000002000088e                dig_p2
                0x0000000020000890                t_fine
 COMMON         0x0000000020000898       0x44 Src/usart.o
                0x0000000020000898                ddmmyy
                0x00000000200008a2                nrf
                0x00000000200008b6                north
                0x00000000200008c4                east
                0x00000000200008d2                hhmmss
 COMMON         0x00000000200008dc        0x4 /usr/lib/gcc/arm-none-eabi/4.9.3/../../../arm-none-eabi/lib/armv7e-m/fpu/libc_nano.a(lib_a-reent.o)
                0x00000000200008dc                errno
                0x00000000200008e0                . = ALIGN (0x4)
                0x00000000200008e0                _ebss = .
                0x00000000200008e0                __bss_end__ = _ebss

._user_heap_stack
                0x00000000200008e0      0x600
                0x00000000200008e0                . = ALIGN (0x8)
                0x00000000200008e0                PROVIDE (end, .)
                [!provide]                        PROVIDE (_end, .)
                0x0000000020000ae0                . = (. + _Min_Heap_Size)
 *fill*         0x00000000200008e0      0x200 
                0x0000000020000ee0                . = (. + _Min_Stack_Size)
 *fill*         0x0000000020000ae0      0x400 
                0x0000000020000ee0                . = ALIGN (0x8)

/DISCARD/
 libc.a(*)
 libm.a(*)
 libgcc.a(*)

.ARM.attributes
                0x0000000000000000       0x30
 *(.ARM.attributes)
 .ARM.attributes
                0x0000000000000000       0x22 /usr/lib/gcc/arm-none-eabi/4.9.3/armv7e-m/fpu/crti.o
 .ARM.attributes
                0x0000000000000022       0x34 /usr/lib/gcc/arm-none-eabi/4.9.3/armv7e-m/fpu/crtbegin.o
 .ARM.attributes
                0x0000000000000056       0x21 Drivers/CMSIS/Device/ST/STM32F4xx/Source/Templates/gcc/startup_stm32f405xx.o
 .ARM.attributes
                0x0000000000000077       0x39 Drivers/CMSIS/Device/ST/STM32F4xx/Source/Templates/system_stm32f4xx.o
 .ARM.attributes
                0x00000000000000b0       0x39 Drivers/STM32F4xx_HAL_Driver/Src/stm32f4xx_hal.o
 .ARM.attributes
                0x00000000000000e9       0x39 Drivers/STM32F4xx_HAL_Driver/Src/stm32f4xx_hal_adc.o
 .ARM.attributes
                0x0000000000000122       0x39 Drivers/STM32F4xx_HAL_Driver/Src/stm32f4xx_hal_cortex.o
 .ARM.attributes
                0x000000000000015b       0x39 Drivers/STM32F4xx_HAL_Driver/Src/stm32f4xx_hal_dma.o
 .ARM.attributes
                0x0000000000000194       0x39 Drivers/STM32F4xx_HAL_Driver/Src/stm32f4xx_hal_gpio.o
 .ARM.attributes
                0x00000000000001cd       0x39 Drivers/STM32F4xx_HAL_Driver/Src/stm32f4xx_hal_rcc.o
 .ARM.attributes
                0x0000000000000206       0x39 Drivers/STM32F4xx_HAL_Driver/Src/stm32f4xx_hal_rng.o
 .ARM.attributes
                0x000000000000023f       0x39 Drivers/STM32F4xx_HAL_Driver/Src/stm32f4xx_hal_sd.o
 .ARM.attributes
                0x0000000000000278       0x39 Drivers/STM32F4xx_HAL_Driver/Src/stm32f4xx_hal_spi.o
 .ARM.attributes
                0x00000000000002b1       0x39 Drivers/STM32F4xx_HAL_Driver/Src/stm32f4xx_hal_tim.o
 .ARM.attributes
                0x00000000000002ea       0x39 Drivers/STM32F4xx_HAL_Driver/Src/stm32f4xx_hal_tim_ex.o
 .ARM.attributes
                0x0000000000000323       0x39 Drivers/STM32F4xx_HAL_Driver/Src/stm32f4xx_hal_uart.o
 .ARM.attributes
                0x000000000000035c       0x39 Drivers/STM32F4xx_HAL_Driver/Src/stm32f4xx_ll_sdmmc.o
 .ARM.attributes
                0x0000000000000395       0x39 Middlewares/Third_Party/FatFs/src/diskio.o
 .ARM.attributes
                0x00000000000003ce       0x39 Middlewares/Third_Party/FatFs/src/ff.o
 .ARM.attributes
                0x0000000000000407       0x39 Middlewares/Third_Party/FatFs/src/ff_gen_drv.o
 .ARM.attributes
                0x0000000000000440       0x39 Middlewares/Third_Party/FatFs/src/drivers/sd_diskio.o
 .ARM.attributes
                0x0000000000000479       0x39 Src/bsp_driver_sd.o
 .ARM.attributes
                0x00000000000004b2       0x39 Src/fatfs.o
 .ARM.attributes
                0x00000000000004eb       0x39 Src/main.o
 .ARM.attributes
                0x0000000000000524       0x39 Src/spi.o
 .ARM.attributes
                0x000000000000055d       0x39 Src/stm32f4xx_hal_msp.o
 .ARM.attributes
                0x0000000000000596       0x39 Src/stm32f4xx_it.o
 .ARM.attributes
                0x00000000000005cf       0x39 Src/usart.o
 .ARM.attributes
                0x0000000000000608       0x22 /usr/lib/gcc/arm-none-eabi/4.9.3/armv7e-m/fpu/libgcc.a(_arm_addsubdf3.o)
 .ARM.attributes
                0x000000000000062a       0x22 /usr/lib/gcc/arm-none-eabi/4.9.3/armv7e-m/fpu/libgcc.a(_arm_muldivdf3.o)
 .ARM.attributes
                0x000000000000064c       0x22 /usr/lib/gcc/arm-none-eabi/4.9.3/armv7e-m/fpu/libgcc.a(_arm_fixdfsi.o)
 .ARM.attributes
                0x000000000000066e       0x22 /usr/lib/gcc/arm-none-eabi/4.9.3/armv7e-m/fpu/libgcc.a(_arm_truncdfsf2.o)
 .ARM.attributes
                0x0000000000000690       0x22 /usr/lib/gcc/arm-none-eabi/4.9.3/armv7e-m/fpu/libgcc.a(_aeabi_ldivmod.o)
 .ARM.attributes
                0x00000000000006b2       0x34 /usr/lib/gcc/arm-none-eabi/4.9.3/armv7e-m/fpu/libgcc.a(bpabi.o)
 .ARM.attributes
                0x00000000000006e6       0x22 /usr/lib/gcc/arm-none-eabi/4.9.3/armv7e-m/fpu/libgcc.a(_dvmd_tls.o)
 .ARM.attributes
                0x0000000000000708       0x34 /usr/lib/gcc/arm-none-eabi/4.9.3/armv7e-m/fpu/libgcc.a(_divdi3.o)
 .ARM.attributes
                0x000000000000073c       0x34 /usr/lib/gcc/arm-none-eabi/4.9.3/armv7e-m/fpu/libgcc.a(_udivdi3.o)
 .ARM.attributes
                0x0000000000000770       0x34 /usr/lib/gcc/arm-none-eabi/4.9.3/../../../arm-none-eabi/lib/armv7e-m/fpu/libc_nano.a(lib_a-atoi.o)
 .ARM.attributes
                0x00000000000007a4       0x34 /usr/lib/gcc/arm-none-eabi/4.9.3/../../../arm-none-eabi/lib/armv7e-m/fpu/libc_nano.a(lib_a-impure.o)
 .ARM.attributes
                0x00000000000007d8       0x34 /usr/lib/gcc/arm-none-eabi/4.9.3/../../../arm-none-eabi/lib/armv7e-m/fpu/libc_nano.a(lib_a-init.o)
 .ARM.attributes
                0x000000000000080c       0x34 /usr/lib/gcc/arm-none-eabi/4.9.3/../../../arm-none-eabi/lib/armv7e-m/fpu/libc_nano.a(lib_a-memset.o)
 .ARM.attributes
                0x0000000000000840       0x34 /usr/lib/gcc/arm-none-eabi/4.9.3/../../../arm-none-eabi/lib/armv7e-m/fpu/libc_nano.a(lib_a-sprintf.o)
 .ARM.attributes
                0x0000000000000874       0x34 /usr/lib/gcc/arm-none-eabi/4.9.3/../../../arm-none-eabi/lib/armv7e-m/fpu/libc_nano.a(lib_a-strcat.o)
 .ARM.attributes
                0x00000000000008a8       0x34 /usr/lib/gcc/arm-none-eabi/4.9.3/../../../arm-none-eabi/lib/armv7e-m/fpu/libc_nano.a(lib_a-strcpy.o)
 .ARM.attributes
                0x00000000000008dc       0x34 /usr/lib/gcc/arm-none-eabi/4.9.3/../../../arm-none-eabi/lib/armv7e-m/fpu/libc_nano.a(lib_a-strlen.o)
 .ARM.attributes
                0x0000000000000910       0x34 /usr/lib/gcc/arm-none-eabi/4.9.3/../../../arm-none-eabi/lib/armv7e-m/fpu/libc_nano.a(lib_a-strtol.o)
 .ARM.attributes
                0x0000000000000944       0x34 /usr/lib/gcc/arm-none-eabi/4.9.3/../../../arm-none-eabi/lib/armv7e-m/fpu/libc_nano.a(lib_a-vsprintf.o)
 .ARM.attributes
                0x0000000000000978       0x34 /usr/lib/gcc/arm-none-eabi/4.9.3/../../../arm-none-eabi/lib/armv7e-m/fpu/libc_nano.a(lib_a-ctype_.o)
 .ARM.attributes
                0x00000000000009ac       0x34 /usr/lib/gcc/arm-none-eabi/4.9.3/../../../arm-none-eabi/lib/armv7e-m/fpu/libc_nano.a(lib_a-nano-svfprintf.o)
 .ARM.attributes
                0x00000000000009e0       0x34 /usr/lib/gcc/arm-none-eabi/4.9.3/../../../arm-none-eabi/lib/armv7e-m/fpu/libc_nano.a(lib_a-nano-vfprintf_i.o)
 .ARM.attributes
                0x0000000000000a14       0x34 /usr/lib/gcc/arm-none-eabi/4.9.3/../../../arm-none-eabi/lib/armv7e-m/fpu/libc_nano.a(lib_a-memchr.o)
 .ARM.attributes
                0x0000000000000a48       0x34 /usr/lib/gcc/arm-none-eabi/4.9.3/../../../arm-none-eabi/lib/armv7e-m/fpu/libc_nano.a(lib_a-memcpy.o)
 .ARM.attributes
                0x0000000000000a7c       0x34 /usr/lib/gcc/arm-none-eabi/4.9.3/../../../arm-none-eabi/lib/armv7e-m/fpu/libc_nano.a(lib_a-memmove.o)
 .ARM.attributes
                0x0000000000000ab0       0x34 /usr/lib/gcc/arm-none-eabi/4.9.3/../../../arm-none-eabi/lib/armv7e-m/fpu/libc_nano.a(lib_a-nano-freer.o)
 .ARM.attributes
                0x0000000000000ae4       0x34 /usr/lib/gcc/arm-none-eabi/4.9.3/../../../arm-none-eabi/lib/armv7e-m/fpu/libc_nano.a(lib_a-nano-mallocr.o)
 .ARM.attributes
                0x0000000000000b18       0x34 /usr/lib/gcc/arm-none-eabi/4.9.3/../../../arm-none-eabi/lib/armv7e-m/fpu/libc_nano.a(lib_a-nano-reallocr.o)
 .ARM.attributes
                0x0000000000000b4c       0x34 /usr/lib/gcc/arm-none-eabi/4.9.3/../../../arm-none-eabi/lib/armv7e-m/fpu/libc_nano.a(lib_a-sbrkr.o)
 .ARM.attributes
                0x0000000000000b80       0x34 /usr/lib/gcc/arm-none-eabi/4.9.3/../../../arm-none-eabi/lib/armv7e-m/fpu/libc_nano.a(lib_a-nano-msizer.o)
 .ARM.attributes
                0x0000000000000bb4       0x34 /usr/lib/gcc/arm-none-eabi/4.9.3/../../../arm-none-eabi/lib/armv7e-m/fpu/libc_nano.a(lib_a-reent.o)
 .ARM.attributes
                0x0000000000000be8       0x34 /usr/lib/gcc/arm-none-eabi/4.9.3/../../../arm-none-eabi/lib/armv7e-m/fpu/libnosys.a(sbrk.o)
 .ARM.attributes
                0x0000000000000c1c       0x34 /usr/lib/gcc/arm-none-eabi/4.9.3/armv7e-m/fpu/crtend.o
 .ARM.attributes
                0x0000000000000c50       0x22 /usr/lib/gcc/arm-none-eabi/4.9.3/armv7e-m/fpu/crtn.o
OUTPUT(dr_v3.elf elf32-littlearm)

.comment        0x0000000000000000       0xde
 .comment       0x0000000000000000       0x38 /usr/lib/gcc/arm-none-eabi/4.9.3/armv7e-m/fpu/crtbegin.o
                                         0x39 (size before relaxing)
 .comment       0x0000000000000038       0x6e Drivers/CMSIS/Device/ST/STM32F4xx/Source/Templates/system_stm32f4xx.o
                                         0x6f (size before relaxing)
 .comment       0x00000000000000a6       0x6f Drivers/STM32F4xx_HAL_Driver/Src/stm32f4xx_hal.o
 .comment       0x00000000000000a6       0x6f Drivers/STM32F4xx_HAL_Driver/Src/stm32f4xx_hal_adc.o
 .comment       0x00000000000000a6       0x6f Drivers/STM32F4xx_HAL_Driver/Src/stm32f4xx_hal_cortex.o
 .comment       0x00000000000000a6       0x6f Drivers/STM32F4xx_HAL_Driver/Src/stm32f4xx_hal_dma.o
 .comment       0x00000000000000a6       0x6f Drivers/STM32F4xx_HAL_Driver/Src/stm32f4xx_hal_gpio.o
 .comment       0x00000000000000a6       0x6f Drivers/STM32F4xx_HAL_Driver/Src/stm32f4xx_hal_rcc.o
 .comment       0x00000000000000a6       0x6f Drivers/STM32F4xx_HAL_Driver/Src/stm32f4xx_hal_rng.o
 .comment       0x00000000000000a6       0x6f Drivers/STM32F4xx_HAL_Driver/Src/stm32f4xx_hal_sd.o
 .comment       0x00000000000000a6       0x6f Drivers/STM32F4xx_HAL_Driver/Src/stm32f4xx_hal_spi.o
 .comment       0x00000000000000a6       0x6f Drivers/STM32F4xx_HAL_Driver/Src/stm32f4xx_hal_tim.o
 .comment       0x00000000000000a6       0x6f Drivers/STM32F4xx_HAL_Driver/Src/stm32f4xx_hal_tim_ex.o
 .comment       0x00000000000000a6       0x6f Drivers/STM32F4xx_HAL_Driver/Src/stm32f4xx_hal_uart.o
 .comment       0x00000000000000a6       0x6f Drivers/STM32F4xx_HAL_Driver/Src/stm32f4xx_ll_sdmmc.o
 .comment       0x00000000000000a6       0x6f Middlewares/Third_Party/FatFs/src/diskio.o
 .comment       0x00000000000000a6       0x6f Middlewares/Third_Party/FatFs/src/ff.o
 .comment       0x00000000000000a6       0x6f Middlewares/Third_Party/FatFs/src/ff_gen_drv.o
 .comment       0x00000000000000a6       0x6f Middlewares/Third_Party/FatFs/src/drivers/sd_diskio.o
 .comment       0x00000000000000a6       0x6f Src/bsp_driver_sd.o
 .comment       0x00000000000000a6       0x6f Src/fatfs.o
 .comment       0x00000000000000a6       0x39 Src/main.o
 .comment       0x00000000000000a6       0x6f Src/spi.o
 .comment       0x00000000000000a6       0x6f Src/stm32f4xx_hal_msp.o
 .comment       0x00000000000000a6       0x6f Src/stm32f4xx_it.o
 .comment       0x00000000000000a6       0x39 Src/usart.o
 .comment       0x00000000000000a6       0x39 /usr/lib/gcc/arm-none-eabi/4.9.3/armv7e-m/fpu/libgcc.a(bpabi.o)
 .comment       0x00000000000000a6       0x39 /usr/lib/gcc/arm-none-eabi/4.9.3/armv7e-m/fpu/libgcc.a(_divdi3.o)
 .comment       0x00000000000000a6       0x39 /usr/lib/gcc/arm-none-eabi/4.9.3/armv7e-m/fpu/libgcc.a(_udivdi3.o)
 .comment       0x00000000000000a6       0x38 /usr/lib/gcc/arm-none-eabi/4.9.3/../../../arm-none-eabi/lib/armv7e-m/fpu/libc_nano.a(lib_a-atoi.o)
                                         0x39 (size before relaxing)
 .comment       0x00000000000000de       0x39 /usr/lib/gcc/arm-none-eabi/4.9.3/../../../arm-none-eabi/lib/armv7e-m/fpu/libc_nano.a(lib_a-impure.o)
 .comment       0x00000000000000de       0x39 /usr/lib/gcc/arm-none-eabi/4.9.3/../../../arm-none-eabi/lib/armv7e-m/fpu/libc_nano.a(lib_a-init.o)
 .comment       0x00000000000000de       0x39 /usr/lib/gcc/arm-none-eabi/4.9.3/../../../arm-none-eabi/lib/armv7e-m/fpu/libc_nano.a(lib_a-memset.o)
 .comment       0x00000000000000de       0x39 /usr/lib/gcc/arm-none-eabi/4.9.3/../../../arm-none-eabi/lib/armv7e-m/fpu/libc_nano.a(lib_a-sprintf.o)
 .comment       0x00000000000000de       0x39 /usr/lib/gcc/arm-none-eabi/4.9.3/../../../arm-none-eabi/lib/armv7e-m/fpu/libc_nano.a(lib_a-strcat.o)
 .comment       0x00000000000000de       0x39 /usr/lib/gcc/arm-none-eabi/4.9.3/../../../arm-none-eabi/lib/armv7e-m/fpu/libc_nano.a(lib_a-strcpy.o)
 .comment       0x00000000000000de       0x39 /usr/lib/gcc/arm-none-eabi/4.9.3/../../../arm-none-eabi/lib/armv7e-m/fpu/libc_nano.a(lib_a-strlen.o)
 .comment       0x00000000000000de       0x39 /usr/lib/gcc/arm-none-eabi/4.9.3/../../../arm-none-eabi/lib/armv7e-m/fpu/libc_nano.a(lib_a-strtol.o)
 .comment       0x00000000000000de       0x39 /usr/lib/gcc/arm-none-eabi/4.9.3/../../../arm-none-eabi/lib/armv7e-m/fpu/libc_nano.a(lib_a-vsprintf.o)
 .comment       0x00000000000000de       0x39 /usr/lib/gcc/arm-none-eabi/4.9.3/../../../arm-none-eabi/lib/armv7e-m/fpu/libc_nano.a(lib_a-ctype_.o)
 .comment       0x00000000000000de       0x39 /usr/lib/gcc/arm-none-eabi/4.9.3/../../../arm-none-eabi/lib/armv7e-m/fpu/libc_nano.a(lib_a-nano-svfprintf.o)
 .comment       0x00000000000000de       0x39 /usr/lib/gcc/arm-none-eabi/4.9.3/../../../arm-none-eabi/lib/armv7e-m/fpu/libc_nano.a(lib_a-nano-vfprintf_i.o)
 .comment       0x00000000000000de       0x39 /usr/lib/gcc/arm-none-eabi/4.9.3/../../../arm-none-eabi/lib/armv7e-m/fpu/libc_nano.a(lib_a-memchr.o)
 .comment       0x00000000000000de       0x39 /usr/lib/gcc/arm-none-eabi/4.9.3/../../../arm-none-eabi/lib/armv7e-m/fpu/libc_nano.a(lib_a-memcpy.o)
 .comment       0x00000000000000de       0x39 /usr/lib/gcc/arm-none-eabi/4.9.3/../../../arm-none-eabi/lib/armv7e-m/fpu/libc_nano.a(lib_a-memmove.o)
 .comment       0x00000000000000de       0x39 /usr/lib/gcc/arm-none-eabi/4.9.3/../../../arm-none-eabi/lib/armv7e-m/fpu/libc_nano.a(lib_a-nano-freer.o)
 .comment       0x00000000000000de       0x39 /usr/lib/gcc/arm-none-eabi/4.9.3/../../../arm-none-eabi/lib/armv7e-m/fpu/libc_nano.a(lib_a-nano-mallocr.o)
 .comment       0x00000000000000de       0x39 /usr/lib/gcc/arm-none-eabi/4.9.3/../../../arm-none-eabi/lib/armv7e-m/fpu/libc_nano.a(lib_a-nano-reallocr.o)
 .comment       0x00000000000000de       0x39 /usr/lib/gcc/arm-none-eabi/4.9.3/../../../arm-none-eabi/lib/armv7e-m/fpu/libc_nano.a(lib_a-sbrkr.o)
 .comment       0x00000000000000de       0x39 /usr/lib/gcc/arm-none-eabi/4.9.3/../../../arm-none-eabi/lib/armv7e-m/fpu/libc_nano.a(lib_a-nano-msizer.o)
 .comment       0x00000000000000de       0x39 /usr/lib/gcc/arm-none-eabi/4.9.3/../../../arm-none-eabi/lib/armv7e-m/fpu/libc_nano.a(lib_a-reent.o)
 .comment       0x00000000000000de       0x39 /usr/lib/gcc/arm-none-eabi/4.9.3/../../../arm-none-eabi/lib/armv7e-m/fpu/libnosys.a(sbrk.o)
 .comment       0x00000000000000de       0x39 /usr/lib/gcc/arm-none-eabi/4.9.3/armv7e-m/fpu/crtend.o

.debug_line     0x0000000000000000    0x1455e
 .debug_line    0x0000000000000000       0xae Drivers/CMSIS/Device/ST/STM32F4xx/Source/Templates/gcc/startup_stm32f405xx.o
 .debug_line    0x00000000000000ae      0x861 Drivers/CMSIS/Device/ST/STM32F4xx/Source/Templates/system_stm32f4xx.o
 .debug_line    0x000000000000090f      0x991 Drivers/STM32F4xx_HAL_Driver/Src/stm32f4xx_hal.o
 .debug_line    0x00000000000012a0      0xc62 Drivers/STM32F4xx_HAL_Driver/Src/stm32f4xx_hal_adc.o
 .debug_line    0x0000000000001f02      0xa05 Drivers/STM32F4xx_HAL_Driver/Src/stm32f4xx_hal_cortex.o
 .debug_line    0x0000000000002907      0xb1e Drivers/STM32F4xx_HAL_Driver/Src/stm32f4xx_hal_dma.o
 .debug_line    0x0000000000003425      0x9d7 Drivers/STM32F4xx_HAL_Driver/Src/stm32f4xx_hal_gpio.o
 .debug_line    0x0000000000003dfc      0xb12 Drivers/STM32F4xx_HAL_Driver/Src/stm32f4xx_hal_rcc.o
 .debug_line    0x000000000000490e      0x97b Drivers/STM32F4xx_HAL_Driver/Src/stm32f4xx_hal_rng.o
 .debug_line    0x0000000000005289     0x10a5 Drivers/STM32F4xx_HAL_Driver/Src/stm32f4xx_hal_sd.o
 .debug_line    0x000000000000632e      0xfcb Drivers/STM32F4xx_HAL_Driver/Src/stm32f4xx_hal_spi.o
 .debug_line    0x00000000000072f9     0x1664 Drivers/STM32F4xx_HAL_Driver/Src/stm32f4xx_hal_tim.o
 .debug_line    0x000000000000895d      0xbfd Drivers/STM32F4xx_HAL_Driver/Src/stm32f4xx_hal_tim_ex.o
 .debug_line    0x000000000000955a      0xf84 Drivers/STM32F4xx_HAL_Driver/Src/stm32f4xx_hal_uart.o
 .debug_line    0x000000000000a4de      0x90c Drivers/STM32F4xx_HAL_Driver/Src/stm32f4xx_ll_sdmmc.o
 .debug_line    0x000000000000adea      0x8c3 Middlewares/Third_Party/FatFs/src/diskio.o
 .debug_line    0x000000000000b6ad     0x1665 Middlewares/Third_Party/FatFs/src/ff.o
 .debug_line    0x000000000000cd12      0x8ca Middlewares/Third_Party/FatFs/src/ff_gen_drv.o
 .debug_line    0x000000000000d5dc      0x932 Middlewares/Third_Party/FatFs/src/drivers/sd_diskio.o
 .debug_line    0x000000000000df0e      0x922 Src/bsp_driver_sd.o
 .debug_line    0x000000000000e830      0x8f8 Src/fatfs.o
 .debug_line    0x000000000000f128      0x993 Src/main.o
 .debug_line    0x000000000000fabb      0x9f5 Src/spi.o
 .debug_line    0x00000000000104b0      0xa70 Src/stm32f4xx_hal_msp.o
 .debug_line    0x0000000000010f20      0x8d3 Src/stm32f4xx_it.o
 .debug_line    0x00000000000117f3      0x8b0 Src/usart.o
 .debug_line    0x00000000000120a3      0x179 /usr/lib/gcc/arm-none-eabi/4.9.3/armv7e-m/fpu/libgcc.a(_arm_addsubdf3.o)
 .debug_line    0x000000000001221c      0x19d /usr/lib/gcc/arm-none-eabi/4.9.3/armv7e-m/fpu/libgcc.a(_arm_muldivdf3.o)
 .debug_line    0x00000000000123b9       0x7a /usr/lib/gcc/arm-none-eabi/4.9.3/armv7e-m/fpu/libgcc.a(_arm_fixdfsi.o)
 .debug_line    0x0000000000012433       0x8e /usr/lib/gcc/arm-none-eabi/4.9.3/armv7e-m/fpu/libgcc.a(_arm_truncdfsf2.o)
 .debug_line    0x00000000000124c1       0x66 /usr/lib/gcc/arm-none-eabi/4.9.3/armv7e-m/fpu/libgcc.a(_aeabi_ldivmod.o)
 .debug_line    0x0000000000012527       0x65 /usr/lib/gcc/arm-none-eabi/4.9.3/armv7e-m/fpu/libgcc.a(bpabi.o)
 .debug_line    0x000000000001258c       0x61 /usr/lib/gcc/arm-none-eabi/4.9.3/armv7e-m/fpu/libgcc.a(_dvmd_tls.o)
 .debug_line    0x00000000000125ed       0xe2 /usr/lib/gcc/arm-none-eabi/4.9.3/armv7e-m/fpu/libgcc.a(_divdi3.o)
 .debug_line    0x00000000000126cf       0xd4 /usr/lib/gcc/arm-none-eabi/4.9.3/armv7e-m/fpu/libgcc.a(_udivdi3.o)
 .debug_line    0x00000000000127a3      0x16b /usr/lib/gcc/arm-none-eabi/4.9.3/../../../arm-none-eabi/lib/armv7e-m/fpu/libc_nano.a(lib_a-atoi.o)
 .debug_line    0x000000000001290e       0xf4 /usr/lib/gcc/arm-none-eabi/4.9.3/../../../arm-none-eabi/lib/armv7e-m/fpu/libc_nano.a(lib_a-impure.o)
 .debug_line    0x0000000000012a02       0xb9 /usr/lib/gcc/arm-none-eabi/4.9.3/../../../arm-none-eabi/lib/armv7e-m/fpu/libc_nano.a(lib_a-init.o)
 .debug_line    0x0000000000012abb       0xf1 /usr/lib/gcc/arm-none-eabi/4.9.3/../../../arm-none-eabi/lib/armv7e-m/fpu/libc_nano.a(lib_a-memset.o)
 .debug_line    0x0000000000012bac      0x1b3 /usr/lib/gcc/arm-none-eabi/4.9.3/../../../arm-none-eabi/lib/armv7e-m/fpu/libc_nano.a(lib_a-sprintf.o)
 .debug_line    0x0000000000012d5f       0xc0 /usr/lib/gcc/arm-none-eabi/4.9.3/../../../arm-none-eabi/lib/armv7e-m/fpu/libc_nano.a(lib_a-strcat.o)
 .debug_line    0x0000000000012e1f       0xbf /usr/lib/gcc/arm-none-eabi/4.9.3/../../../arm-none-eabi/lib/armv7e-m/fpu/libc_nano.a(lib_a-strcpy.o)
 .debug_line    0x0000000000012ede       0xf8 /usr/lib/gcc/arm-none-eabi/4.9.3/../../../arm-none-eabi/lib/armv7e-m/fpu/libc_nano.a(lib_a-strlen.o)
 .debug_line    0x0000000000012fd6      0x1e8 /usr/lib/gcc/arm-none-eabi/4.9.3/../../../arm-none-eabi/lib/armv7e-m/fpu/libc_nano.a(lib_a-strtol.o)
 .debug_line    0x00000000000131be      0x19d /usr/lib/gcc/arm-none-eabi/4.9.3/../../../arm-none-eabi/lib/armv7e-m/fpu/libc_nano.a(lib_a-vsprintf.o)
 .debug_line    0x000000000001335b       0x72 /usr/lib/gcc/arm-none-eabi/4.9.3/../../../arm-none-eabi/lib/armv7e-m/fpu/libc_nano.a(lib_a-ctype_.o)
 .debug_line    0x00000000000133cd      0x2d7 /usr/lib/gcc/arm-none-eabi/4.9.3/../../../arm-none-eabi/lib/armv7e-m/fpu/libc_nano.a(lib_a-nano-svfprintf.o)
 .debug_line    0x00000000000136a4      0x300 /usr/lib/gcc/arm-none-eabi/4.9.3/../../../arm-none-eabi/lib/armv7e-m/fpu/libc_nano.a(lib_a-nano-vfprintf_i.o)
 .debug_line    0x00000000000139a4       0xf3 /usr/lib/gcc/arm-none-eabi/4.9.3/../../../arm-none-eabi/lib/armv7e-m/fpu/libc_nano.a(lib_a-memchr.o)
 .debug_line    0x0000000000013a97       0xf0 /usr/lib/gcc/arm-none-eabi/4.9.3/../../../arm-none-eabi/lib/armv7e-m/fpu/libc_nano.a(lib_a-memcpy.o)
 .debug_line    0x0000000000013b87       0xfe /usr/lib/gcc/arm-none-eabi/4.9.3/../../../arm-none-eabi/lib/armv7e-m/fpu/libc_nano.a(lib_a-memmove.o)
 .debug_line    0x0000000000013c85      0x14c /usr/lib/gcc/arm-none-eabi/4.9.3/../../../arm-none-eabi/lib/armv7e-m/fpu/libc_nano.a(lib_a-nano-freer.o)
 .debug_line    0x0000000000013dd1      0x19c /usr/lib/gcc/arm-none-eabi/4.9.3/../../../arm-none-eabi/lib/armv7e-m/fpu/libc_nano.a(lib_a-nano-mallocr.o)
 .debug_line    0x0000000000013f6d      0x181 /usr/lib/gcc/arm-none-eabi/4.9.3/../../../arm-none-eabi/lib/armv7e-m/fpu/libc_nano.a(lib_a-nano-reallocr.o)
 .debug_line    0x00000000000140ee      0x165 /usr/lib/gcc/arm-none-eabi/4.9.3/../../../arm-none-eabi/lib/armv7e-m/fpu/libc_nano.a(lib_a-sbrkr.o)
 .debug_line    0x0000000000014253      0x110 /usr/lib/gcc/arm-none-eabi/4.9.3/../../../arm-none-eabi/lib/armv7e-m/fpu/libc_nano.a(lib_a-nano-msizer.o)
 .debug_line    0x0000000000014363      0x1a0 /usr/lib/gcc/arm-none-eabi/4.9.3/../../../arm-none-eabi/lib/armv7e-m/fpu/libc_nano.a(lib_a-reent.o)
 .debug_line    0x0000000000014503       0x5b /usr/lib/gcc/arm-none-eabi/4.9.3/../../../arm-none-eabi/lib/armv7e-m/fpu/libnosys.a(sbrk.o)

.debug_info     0x0000000000000000    0x2484b
 .debug_info    0x0000000000000000       0x9a Drivers/CMSIS/Device/ST/STM32F4xx/Source/Templates/gcc/startup_stm32f405xx.o
 .debug_info    0x000000000000009a      0x4b0 Drivers/CMSIS/Device/ST/STM32F4xx/Source/Templates/system_stm32f4xx.o
 .debug_info    0x000000000000054a      0x8ce Drivers/STM32F4xx_HAL_Driver/Src/stm32f4xx_hal.o
 .debug_info    0x0000000000000e18      0xcc2 Drivers/STM32F4xx_HAL_Driver/Src/stm32f4xx_hal_adc.o
 .debug_info    0x0000000000001ada      0xe58 Drivers/STM32F4xx_HAL_Driver/Src/stm32f4xx_hal_cortex.o
 .debug_info    0x0000000000002932      0xa27 Drivers/STM32F4xx_HAL_Driver/Src/stm32f4xx_hal_dma.o
 .debug_info    0x0000000000003359      0x721 Drivers/STM32F4xx_HAL_Driver/Src/stm32f4xx_hal_gpio.o
 .debug_info    0x0000000000003a7a      0xc82 Drivers/STM32F4xx_HAL_Driver/Src/stm32f4xx_hal_rcc.o
 .debug_info    0x00000000000046fc      0x4ed Drivers/STM32F4xx_HAL_Driver/Src/stm32f4xx_hal_rng.o
 .debug_info    0x0000000000004be9     0x2814 Drivers/STM32F4xx_HAL_Driver/Src/stm32f4xx_hal_sd.o
 .debug_info    0x00000000000073fd     0x183c Drivers/STM32F4xx_HAL_Driver/Src/stm32f4xx_hal_spi.o
 .debug_info    0x0000000000008c39     0x2eaa Drivers/STM32F4xx_HAL_Driver/Src/stm32f4xx_hal_tim.o
 .debug_info    0x000000000000bae3      0xf6f Drivers/STM32F4xx_HAL_Driver/Src/stm32f4xx_hal_tim_ex.o
 .debug_info    0x000000000000ca52     0x1295 Drivers/STM32F4xx_HAL_Driver/Src/stm32f4xx_hal_uart.o
 .debug_info    0x000000000000dce7      0x5f6 Drivers/STM32F4xx_HAL_Driver/Src/stm32f4xx_ll_sdmmc.o
 .debug_info    0x000000000000e2dd      0x452 Middlewares/Third_Party/FatFs/src/diskio.o
 .debug_info    0x000000000000e72f     0x3a0d Middlewares/Third_Party/FatFs/src/ff.o
 .debug_info    0x000000000001213c      0x4b3 Middlewares/Third_Party/FatFs/src/ff_gen_drv.o
 .debug_info    0x00000000000125ef      0x7bc Middlewares/Third_Party/FatFs/src/drivers/sd_diskio.o
 .debug_info    0x0000000000012dab      0xedc Src/bsp_driver_sd.o
 .debug_info    0x0000000000013c87      0x29f Src/fatfs.o
 .debug_info    0x0000000000013f26     0x3449 Src/main.o
 .debug_info    0x000000000001736f     0x1105 Src/spi.o
 .debug_info    0x0000000000018474     0x1c51 Src/stm32f4xx_hal_msp.o
 .debug_info    0x000000000001a0c5      0xc80 Src/stm32f4xx_it.o
 .debug_info    0x000000000001ad45      0xd32 Src/usart.o
 .debug_info    0x000000000001ba77       0xc2 /usr/lib/gcc/arm-none-eabi/4.9.3/armv7e-m/fpu/libgcc.a(_arm_addsubdf3.o)
 .debug_info    0x000000000001bb39       0xc2 /usr/lib/gcc/arm-none-eabi/4.9.3/armv7e-m/fpu/libgcc.a(_arm_muldivdf3.o)
 .debug_info    0x000000000001bbfb       0xc2 /usr/lib/gcc/arm-none-eabi/4.9.3/armv7e-m/fpu/libgcc.a(_arm_fixdfsi.o)
 .debug_info    0x000000000001bcbd       0xc2 /usr/lib/gcc/arm-none-eabi/4.9.3/armv7e-m/fpu/libgcc.a(_arm_truncdfsf2.o)
 .debug_info    0x000000000001bd7f       0xbd /usr/lib/gcc/arm-none-eabi/4.9.3/armv7e-m/fpu/libgcc.a(_aeabi_ldivmod.o)
 .debug_info    0x000000000001be3c      0x164 /usr/lib/gcc/arm-none-eabi/4.9.3/armv7e-m/fpu/libgcc.a(bpabi.o)
 .debug_info    0x000000000001bfa0       0xc1 /usr/lib/gcc/arm-none-eabi/4.9.3/armv7e-m/fpu/libgcc.a(_dvmd_tls.o)
 .debug_info    0x000000000001c061      0x5bc /usr/lib/gcc/arm-none-eabi/4.9.3/armv7e-m/fpu/libgcc.a(_divdi3.o)
 .debug_info    0x000000000001c61d      0x57c /usr/lib/gcc/arm-none-eabi/4.9.3/armv7e-m/fpu/libgcc.a(_udivdi3.o)
 .debug_info    0x000000000001cb99      0x7ed /usr/lib/gcc/arm-none-eabi/4.9.3/../../../arm-none-eabi/lib/armv7e-m/fpu/libc_nano.a(lib_a-atoi.o)
 .debug_info    0x000000000001d386      0x7d3 /usr/lib/gcc/arm-none-eabi/4.9.3/../../../arm-none-eabi/lib/armv7e-m/fpu/libc_nano.a(lib_a-impure.o)
 .debug_info    0x000000000001db59      0x105 /usr/lib/gcc/arm-none-eabi/4.9.3/../../../arm-none-eabi/lib/armv7e-m/fpu/libc_nano.a(lib_a-init.o)
 .debug_info    0x000000000001dc5e       0xd3 /usr/lib/gcc/arm-none-eabi/4.9.3/../../../arm-none-eabi/lib/armv7e-m/fpu/libc_nano.a(lib_a-memset.o)
 .debug_info    0x000000000001dd31      0x89a /usr/lib/gcc/arm-none-eabi/4.9.3/../../../arm-none-eabi/lib/armv7e-m/fpu/libc_nano.a(lib_a-sprintf.o)
 .debug_info    0x000000000001e5cb       0xc8 /usr/lib/gcc/arm-none-eabi/4.9.3/../../../arm-none-eabi/lib/armv7e-m/fpu/libc_nano.a(lib_a-strcat.o)
 .debug_info    0x000000000001e693       0xbd /usr/lib/gcc/arm-none-eabi/4.9.3/../../../arm-none-eabi/lib/armv7e-m/fpu/libc_nano.a(lib_a-strcpy.o)
 .debug_info    0x000000000001e750       0xcd /usr/lib/gcc/arm-none-eabi/4.9.3/../../../arm-none-eabi/lib/armv7e-m/fpu/libc_nano.a(lib_a-strlen.o)
 .debug_info    0x000000000001e81d      0x853 /usr/lib/gcc/arm-none-eabi/4.9.3/../../../arm-none-eabi/lib/armv7e-m/fpu/libc_nano.a(lib_a-strtol.o)
 .debug_info    0x000000000001f070      0x868 /usr/lib/gcc/arm-none-eabi/4.9.3/../../../arm-none-eabi/lib/armv7e-m/fpu/libc_nano.a(lib_a-vsprintf.o)
 .debug_info    0x000000000001f8d8       0x6f /usr/lib/gcc/arm-none-eabi/4.9.3/../../../arm-none-eabi/lib/armv7e-m/fpu/libc_nano.a(lib_a-ctype_.o)
 .debug_info    0x000000000001f947      0xdf4 /usr/lib/gcc/arm-none-eabi/4.9.3/../../../arm-none-eabi/lib/armv7e-m/fpu/libc_nano.a(lib_a-nano-svfprintf.o)
 .debug_info    0x000000000002073b      0xb5b /usr/lib/gcc/arm-none-eabi/4.9.3/../../../arm-none-eabi/lib/armv7e-m/fpu/libc_nano.a(lib_a-nano-vfprintf_i.o)
 .debug_info    0x0000000000021296       0xf8 /usr/lib/gcc/arm-none-eabi/4.9.3/../../../arm-none-eabi/lib/armv7e-m/fpu/libc_nano.a(lib_a-memchr.o)
 .debug_info    0x000000000002138e      0x104 /usr/lib/gcc/arm-none-eabi/4.9.3/../../../arm-none-eabi/lib/armv7e-m/fpu/libc_nano.a(lib_a-memcpy.o)
 .debug_info    0x0000000000021492      0x102 /usr/lib/gcc/arm-none-eabi/4.9.3/../../../arm-none-eabi/lib/armv7e-m/fpu/libc_nano.a(lib_a-memmove.o)
 .debug_info    0x0000000000021594      0x81a /usr/lib/gcc/arm-none-eabi/4.9.3/../../../arm-none-eabi/lib/armv7e-m/fpu/libc_nano.a(lib_a-nano-freer.o)
 .debug_info    0x0000000000021dae      0x8fb /usr/lib/gcc/arm-none-eabi/4.9.3/../../../arm-none-eabi/lib/armv7e-m/fpu/libc_nano.a(lib_a-nano-mallocr.o)
 .debug_info    0x00000000000226a9      0x8b5 /usr/lib/gcc/arm-none-eabi/4.9.3/../../../arm-none-eabi/lib/armv7e-m/fpu/libc_nano.a(lib_a-nano-reallocr.o)
 .debug_info    0x0000000000022f5e      0x7a0 /usr/lib/gcc/arm-none-eabi/4.9.3/../../../arm-none-eabi/lib/armv7e-m/fpu/libc_nano.a(lib_a-sbrkr.o)
 .debug_info    0x00000000000236fe      0x7b9 /usr/lib/gcc/arm-none-eabi/4.9.3/../../../arm-none-eabi/lib/armv7e-m/fpu/libc_nano.a(lib_a-nano-msizer.o)
 .debug_info    0x0000000000023eb7      0x8fb /usr/lib/gcc/arm-none-eabi/4.9.3/../../../arm-none-eabi/lib/armv7e-m/fpu/libc_nano.a(lib_a-reent.o)
 .debug_info    0x00000000000247b2       0x99 /usr/lib/gcc/arm-none-eabi/4.9.3/../../../arm-none-eabi/lib/armv7e-m/fpu/libnosys.a(sbrk.o)

.debug_abbrev   0x0000000000000000     0x5ecf
 .debug_abbrev  0x0000000000000000       0x12 Drivers/CMSIS/Device/ST/STM32F4xx/Source/Templates/gcc/startup_stm32f405xx.o
 .debug_abbrev  0x0000000000000012      0x104 Drivers/CMSIS/Device/ST/STM32F4xx/Source/Templates/system_stm32f4xx.o
 .debug_abbrev  0x0000000000000116      0x247 Drivers/STM32F4xx_HAL_Driver/Src/stm32f4xx_hal.o
 .debug_abbrev  0x000000000000035d      0x2c8 Drivers/STM32F4xx_HAL_Driver/Src/stm32f4xx_hal_adc.o
 .debug_abbrev  0x0000000000000625      0x332 Drivers/STM32F4xx_HAL_Driver/Src/stm32f4xx_hal_cortex.o